Archive member included because of file (symbol)

c:/software/electronica/arm/eclipsearm/sourcery-g++-lite-arm-2011.03/bin/../lib/gcc/arm-none-eabi/4.5.2\libgcc.a(_divsi3.o)
                              ./commonUart/44blib.o (__aeabi_idiv)
c:/software/electronica/arm/eclipsearm/sourcery-g++-lite-arm-2011.03/bin/../lib/gcc/arm-none-eabi/4.5.2\libgcc.a(_dvmd_tls.o)
                              c:/software/electronica/arm/eclipsearm/sourcery-g++-lite-arm-2011.03/bin/../lib/gcc/arm-none-eabi/4.5.2\libgcc.a(_divsi3.o) (__aeabi_idiv0)
c:/software/electronica/arm/eclipsearm/sourcery-g++-lite-arm-2011.03/bin/../lib/gcc/arm-none-eabi/4.5.2\libgcc.a(_arm_addsubdf3.o)
                              ./uart.o (__aeabi_dadd)
c:/software/electronica/arm/eclipsearm/sourcery-g++-lite-arm-2011.03/bin/../lib/gcc/arm-none-eabi/4.5.2\libgcc.a(_arm_muldivdf3.o)
                              ./uart.o (__aeabi_ddiv)
c:/software/electronica/arm/eclipsearm/sourcery-g++-lite-arm-2011.03/bin/../lib/gcc/arm-none-eabi/4.5.2\libgcc.a(_arm_fixdfsi.o)
                              ./uart.o (__aeabi_d2iz)
c:/software/electronica/arm/eclipsearm/sourcery-g++-lite-arm-2011.03/bin/../lib/gcc/arm-none-eabi/4.5.2/../../../../arm-none-eabi/lib\libc.a(lib_a-vsprintf.o)
                              ./uart.o (vsprintf)
c:/software/electronica/arm/eclipsearm/sourcery-g++-lite-arm-2011.03/bin/../lib/gcc/arm-none-eabi/4.5.2/../../../../arm-none-eabi/lib\libc.a(lib_a-impure.o)
                              c:/software/electronica/arm/eclipsearm/sourcery-g++-lite-arm-2011.03/bin/../lib/gcc/arm-none-eabi/4.5.2/../../../../arm-none-eabi/lib\libc.a(lib_a-vsprintf.o) (_impure_ptr)
c:/software/electronica/arm/eclipsearm/sourcery-g++-lite-arm-2011.03/bin/../lib/gcc/arm-none-eabi/4.5.2/../../../../arm-none-eabi/lib\libc.a(lib_a-svfprintf.o)
                              c:/software/electronica/arm/eclipsearm/sourcery-g++-lite-arm-2011.03/bin/../lib/gcc/arm-none-eabi/4.5.2/../../../../arm-none-eabi/lib\libc.a(lib_a-vsprintf.o) (_svfprintf_r)
c:/software/electronica/arm/eclipsearm/sourcery-g++-lite-arm-2011.03/bin/../lib/gcc/arm-none-eabi/4.5.2/../../../../arm-none-eabi/lib\libc.a(lib_a-dtoa.o)
                              c:/software/electronica/arm/eclipsearm/sourcery-g++-lite-arm-2011.03/bin/../lib/gcc/arm-none-eabi/4.5.2/../../../../arm-none-eabi/lib\libc.a(lib_a-svfprintf.o) (_dtoa_r)
c:/software/electronica/arm/eclipsearm/sourcery-g++-lite-arm-2011.03/bin/../lib/gcc/arm-none-eabi/4.5.2/../../../../arm-none-eabi/lib\libc.a(lib_a-locale.o)
                              c:/software/electronica/arm/eclipsearm/sourcery-g++-lite-arm-2011.03/bin/../lib/gcc/arm-none-eabi/4.5.2/../../../../arm-none-eabi/lib\libc.a(lib_a-svfprintf.o) (_localeconv_r)
c:/software/electronica/arm/eclipsearm/sourcery-g++-lite-arm-2011.03/bin/../lib/gcc/arm-none-eabi/4.5.2/../../../../arm-none-eabi/lib\libc.a(lib_a-mallocr.o)
                              c:/software/electronica/arm/eclipsearm/sourcery-g++-lite-arm-2011.03/bin/../lib/gcc/arm-none-eabi/4.5.2/../../../../arm-none-eabi/lib\libc.a(lib_a-svfprintf.o) (_malloc_r)
c:/software/electronica/arm/eclipsearm/sourcery-g++-lite-arm-2011.03/bin/../lib/gcc/arm-none-eabi/4.5.2/../../../../arm-none-eabi/lib\libc.a(lib_a-memchr.o)
                              c:/software/electronica/arm/eclipsearm/sourcery-g++-lite-arm-2011.03/bin/../lib/gcc/arm-none-eabi/4.5.2/../../../../arm-none-eabi/lib\libc.a(lib_a-svfprintf.o) (memchr)
c:/software/electronica/arm/eclipsearm/sourcery-g++-lite-arm-2011.03/bin/../lib/gcc/arm-none-eabi/4.5.2/../../../../arm-none-eabi/lib\libc.a(lib_a-memcpy.o)
                              c:/software/electronica/arm/eclipsearm/sourcery-g++-lite-arm-2011.03/bin/../lib/gcc/arm-none-eabi/4.5.2/../../../../arm-none-eabi/lib\libc.a(lib_a-dtoa.o) (memcpy)
c:/software/electronica/arm/eclipsearm/sourcery-g++-lite-arm-2011.03/bin/../lib/gcc/arm-none-eabi/4.5.2/../../../../arm-none-eabi/lib\libc.a(lib_a-mlock.o)
                              c:/software/electronica/arm/eclipsearm/sourcery-g++-lite-arm-2011.03/bin/../lib/gcc/arm-none-eabi/4.5.2/../../../../arm-none-eabi/lib\libc.a(lib_a-mallocr.o) (__malloc_lock)
c:/software/electronica/arm/eclipsearm/sourcery-g++-lite-arm-2011.03/bin/../lib/gcc/arm-none-eabi/4.5.2/../../../../arm-none-eabi/lib\libc.a(lib_a-mprec.o)
                              c:/software/electronica/arm/eclipsearm/sourcery-g++-lite-arm-2011.03/bin/../lib/gcc/arm-none-eabi/4.5.2/../../../../arm-none-eabi/lib\libc.a(lib_a-dtoa.o) (_Balloc)
c:/software/electronica/arm/eclipsearm/sourcery-g++-lite-arm-2011.03/bin/../lib/gcc/arm-none-eabi/4.5.2/../../../../arm-none-eabi/lib\libc.a(lib_a-s_fpclassify.o)
                              c:/software/electronica/arm/eclipsearm/sourcery-g++-lite-arm-2011.03/bin/../lib/gcc/arm-none-eabi/4.5.2/../../../../arm-none-eabi/lib\libc.a(lib_a-svfprintf.o) (__fpclassifyd)
c:/software/electronica/arm/eclipsearm/sourcery-g++-lite-arm-2011.03/bin/../lib/gcc/arm-none-eabi/4.5.2/../../../../arm-none-eabi/lib\libc.a(lib_a-sbrkr.o)
                              c:/software/electronica/arm/eclipsearm/sourcery-g++-lite-arm-2011.03/bin/../lib/gcc/arm-none-eabi/4.5.2/../../../../arm-none-eabi/lib\libc.a(lib_a-mallocr.o) (_sbrk_r)
c:/software/electronica/arm/eclipsearm/sourcery-g++-lite-arm-2011.03/bin/../lib/gcc/arm-none-eabi/4.5.2/../../../../arm-none-eabi/lib\libc.a(lib_a-strcmp.o)
                              c:/software/electronica/arm/eclipsearm/sourcery-g++-lite-arm-2011.03/bin/../lib/gcc/arm-none-eabi/4.5.2/../../../../arm-none-eabi/lib\libc.a(lib_a-locale.o) (strcmp)
c:/software/electronica/arm/eclipsearm/sourcery-g++-lite-arm-2011.03/bin/../lib/gcc/arm-none-eabi/4.5.2/../../../../arm-none-eabi/lib\libc.a(lib_a-strlen.o)
                              c:/software/electronica/arm/eclipsearm/sourcery-g++-lite-arm-2011.03/bin/../lib/gcc/arm-none-eabi/4.5.2/../../../../arm-none-eabi/lib\libc.a(lib_a-svfprintf.o) (strlen)
c:/software/electronica/arm/eclipsearm/sourcery-g++-lite-arm-2011.03/bin/../lib/gcc/arm-none-eabi/4.5.2/../../../../arm-none-eabi/lib\libc.a(lib_a-svfiprintf.o)
                              c:/software/electronica/arm/eclipsearm/sourcery-g++-lite-arm-2011.03/bin/../lib/gcc/arm-none-eabi/4.5.2/../../../../arm-none-eabi/lib\libc.a(lib_a-svfprintf.o) (__ssprint_r)
c:/software/electronica/arm/eclipsearm/sourcery-g++-lite-arm-2011.03/bin/../lib/gcc/arm-none-eabi/4.5.2/../../../../arm-none-eabi/lib\libc.a(lib_a-callocr.o)
                              c:/software/electronica/arm/eclipsearm/sourcery-g++-lite-arm-2011.03/bin/../lib/gcc/arm-none-eabi/4.5.2/../../../../arm-none-eabi/lib\libc.a(lib_a-mprec.o) (_calloc_r)
c:/software/electronica/arm/eclipsearm/sourcery-g++-lite-arm-2011.03/bin/../lib/gcc/arm-none-eabi/4.5.2/../../../../arm-none-eabi/lib\libc.a(lib_a-freer.o)
                              c:/software/electronica/arm/eclipsearm/sourcery-g++-lite-arm-2011.03/bin/../lib/gcc/arm-none-eabi/4.5.2/../../../../arm-none-eabi/lib\libc.a(lib_a-mallocr.o) (_free_r)
c:/software/electronica/arm/eclipsearm/sourcery-g++-lite-arm-2011.03/bin/../lib/gcc/arm-none-eabi/4.5.2/../../../../arm-none-eabi/lib\libc.a(lib_a-memmove.o)
                              c:/software/electronica/arm/eclipsearm/sourcery-g++-lite-arm-2011.03/bin/../lib/gcc/arm-none-eabi/4.5.2/../../../../arm-none-eabi/lib\libc.a(lib_a-svfiprintf.o) (memmove)
c:/software/electronica/arm/eclipsearm/sourcery-g++-lite-arm-2011.03/bin/../lib/gcc/arm-none-eabi/4.5.2/../../../../arm-none-eabi/lib\libc.a(lib_a-memset.o)
                              c:/software/electronica/arm/eclipsearm/sourcery-g++-lite-arm-2011.03/bin/../lib/gcc/arm-none-eabi/4.5.2/../../../../arm-none-eabi/lib\libc.a(lib_a-callocr.o) (memset)
c:/software/electronica/arm/eclipsearm/sourcery-g++-lite-arm-2011.03/bin/../lib/gcc/arm-none-eabi/4.5.2/../../../../arm-none-eabi/lib\libc.a(lib_a-reallocr.o)
                              c:/software/electronica/arm/eclipsearm/sourcery-g++-lite-arm-2011.03/bin/../lib/gcc/arm-none-eabi/4.5.2/../../../../arm-none-eabi/lib\libc.a(lib_a-svfiprintf.o) (_realloc_r)
c:/software/electronica/arm/eclipsearm/sourcery-g++-lite-arm-2011.03/bin/../lib/gcc/arm-none-eabi/4.5.2/../../../../arm-none-eabi/lib\libc.a(lib_a-reent.o)
                              c:/software/electronica/arm/eclipsearm/sourcery-g++-lite-arm-2011.03/bin/../lib/gcc/arm-none-eabi/4.5.2/../../../../arm-none-eabi/lib\libc.a(lib_a-sbrkr.o) (errno)
c:/software/electronica/arm/eclipsearm/sourcery-g++-lite-arm-2011.03/bin/../lib/gcc/arm-none-eabi/4.5.2/../../../../arm-none-eabi/lib\libnosys.a(sbrk.o)
                              c:/software/electronica/arm/eclipsearm/sourcery-g++-lite-arm-2011.03/bin/../lib/gcc/arm-none-eabi/4.5.2/../../../../arm-none-eabi/lib\libc.a(lib_a-sbrkr.o) (_sbrk)
c:/software/electronica/arm/eclipsearm/sourcery-g++-lite-arm-2011.03/bin/../lib/gcc/arm-none-eabi/4.5.2\libgcc.a(_udivsi3.o)
                              c:/software/electronica/arm/eclipsearm/sourcery-g++-lite-arm-2011.03/bin/../lib/gcc/arm-none-eabi/4.5.2/../../../../arm-none-eabi/lib\libc.a(lib_a-dtoa.o) (__aeabi_uidiv)
c:/software/electronica/arm/eclipsearm/sourcery-g++-lite-arm-2011.03/bin/../lib/gcc/arm-none-eabi/4.5.2\libgcc.a(_arm_cmpdf2.o)
                              c:/software/electronica/arm/eclipsearm/sourcery-g++-lite-arm-2011.03/bin/../lib/gcc/arm-none-eabi/4.5.2/../../../../arm-none-eabi/lib\libc.a(lib_a-svfprintf.o) (__aeabi_dcmpeq)
c:/software/electronica/arm/eclipsearm/sourcery-g++-lite-arm-2011.03/bin/../lib/gcc/arm-none-eabi/4.5.2\libgcc.a(_aeabi_uldivmod.o)
                              c:/software/electronica/arm/eclipsearm/sourcery-g++-lite-arm-2011.03/bin/../lib/gcc/arm-none-eabi/4.5.2/../../../../arm-none-eabi/lib\libc.a(lib_a-svfprintf.o) (__aeabi_uldivmod)
c:/software/electronica/arm/eclipsearm/sourcery-g++-lite-arm-2011.03/bin/../lib/gcc/arm-none-eabi/4.5.2\libgcc.a(bpabi.o)
                              c:/software/electronica/arm/eclipsearm/sourcery-g++-lite-arm-2011.03/bin/../lib/gcc/arm-none-eabi/4.5.2\libgcc.a(_aeabi_uldivmod.o) (__gnu_uldivmod_helper)
c:/software/electronica/arm/eclipsearm/sourcery-g++-lite-arm-2011.03/bin/../lib/gcc/arm-none-eabi/4.5.2\libgcc.a(_divdi3.o)
                              c:/software/electronica/arm/eclipsearm/sourcery-g++-lite-arm-2011.03/bin/../lib/gcc/arm-none-eabi/4.5.2\libgcc.a(bpabi.o) (__divdi3)
c:/software/electronica/arm/eclipsearm/sourcery-g++-lite-arm-2011.03/bin/../lib/gcc/arm-none-eabi/4.5.2\libgcc.a(_udivdi3.o)
                              c:/software/electronica/arm/eclipsearm/sourcery-g++-lite-arm-2011.03/bin/../lib/gcc/arm-none-eabi/4.5.2\libgcc.a(bpabi.o) (__udivdi3)
c:/software/electronica/arm/eclipsearm/sourcery-g++-lite-arm-2011.03/bin/../lib/gcc/arm-none-eabi/4.5.2\libgcc.a(_clzsi2.o)
                              c:/software/electronica/arm/eclipsearm/sourcery-g++-lite-arm-2011.03/bin/../lib/gcc/arm-none-eabi/4.5.2\libgcc.a(_divdi3.o) (__clzsi2)

Allocating common symbols
Common symbol       size              file

errno               0x4               c:/software/electronica/arm/eclipsearm/sourcery-g++-lite-arm-2011.03/bin/../lib/gcc/arm-none-eabi/4.5.2/../../../../arm-none-eabi/lib\libc.a(lib_a-reent.o)
led_state           0x4               ./led.o
fileSize            0x4               ./commonUart/44blib.o
key                 0x4               ./keyboard.o
str                 0x100             ./main.o
downPt              0x4               ./commonUart/44blib.o

Memory Configuration

Name             Origin             Length             Attributes
*default*        0x00000000         0xffffffff

Linker script and memory map

LOAD ./commonUart/44binit.o
LOAD ./commonUart/44blib.o
LOAD ./8led.o
LOAD ./button.o
LOAD ./keyboard.o
LOAD ./led.o
LOAD ./main.o
LOAD ./uart.o
LOAD c:/software/electronica/arm/eclipsearm/sourcery-g++-lite-arm-2011.03/bin/../lib/gcc/arm-none-eabi/4.5.2\libgcc.a
LOAD c:/software/electronica/arm/eclipsearm/sourcery-g++-lite-arm-2011.03/bin/../lib/gcc/arm-none-eabi/4.5.2/../../../../arm-none-eabi/lib\libc.a
LOAD c:/software/electronica/arm/eclipsearm/sourcery-g++-lite-arm-2011.03/bin/../lib/gcc/arm-none-eabi/4.5.2/../../../../arm-none-eabi/lib\libnosys.a
START GROUP
LOAD c:/software/electronica/arm/eclipsearm/sourcery-g++-lite-arm-2011.03/bin/../lib/gcc/arm-none-eabi/4.5.2\libgcc.a
LOAD c:/software/electronica/arm/eclipsearm/sourcery-g++-lite-arm-2011.03/bin/../lib/gcc/arm-none-eabi/4.5.2/../../../../arm-none-eabi/lib\libc.a
END GROUP
                0x0c000000                . = 0xc000000
                0x0c000000                Image_RO_Base = .

.text           0x0c000000     0xa3dc
 *(.text)
 .text          0x0c000000      0x710 ./commonUart/44binit.o
 .text          0x0c000710      0x474 ./commonUart/44blib.o
                0x0c000710                Delay
                0x0c000848                DelayMs
                0x0c0008ac                Port_Init
                0x0c000a44                malloc
                0x0c000ae4                free
                0x0c000b14                sys_init
 .text          0x0c000b84       0x60 ./8led.o
                0x0c000b84                D8Led_init
                0x0c000ba8                D8Led_symbol
 .text          0x0c000be4      0x1a8 ./button.o
                0x0c000be4                esta_pulsado
                0x0c000c30                Eint4567_init
                0x0c000d04                Eint4567_ISR
 .text          0x0c000d8c      0x380 ./keyboard.o
                0x0c000d8c                keyboard_init
                0x0c000e44                KeyboardInt
                0x0c000edc                key_read
 .text          0x0c00110c      0x230 ./led.o
                0x0c00110c                leds_on
                0x0c00112c                leds_off
                0x0c00114c                led1_on
                0x0c00118c                led1_off
                0x0c0011cc                led2_on
                0x0c00120c                led2_off
                0x0c00124c                leds_switch
                0x0c00128c                Led_Display
 .text          0x0c00133c       0xa0 ./main.o
                0x0c00133c                Main
 *fill*         0x0c0013dc        0x4 00
 .text          0x0c0013e0      0x4e8 ./uart.o
                0x0c0013e0                Uart_Init
                0x0c001560                Uart_Config
                0x0c001578                Uart_TxEmpty
                0x0c0015ac                Uart_Getch
                0x0c0015f4                Uart_SendByte
                0x0c001688                Uart_SendString
                0x0c0016d8                Uart_Printf
                0x0c001720                Uart_TxEmpty1
                0x0c001754                Uart_Getch1
                0x0c00179c                Uart_SendByte1
                0x0c001830                Uart_SendString1
                0x0c001880                Uart_Printf1
 .text          0x0c0018c8      0x148 c:/software/electronica/arm/eclipsearm/sourcery-g++-lite-arm-2011.03/bin/../lib/gcc/arm-none-eabi/4.5.2\libgcc.a(_divsi3.o)
                0x0c0018c8                __divsi3
                0x0c0018c8                __aeabi_idiv
                0x0c0019f0                __aeabi_idivmod
 .text          0x0c001a10        0x4 c:/software/electronica/arm/eclipsearm/sourcery-g++-lite-arm-2011.03/bin/../lib/gcc/arm-none-eabi/4.5.2\libgcc.a(_dvmd_tls.o)
                0x0c001a10                __aeabi_idiv0
                0x0c001a10                __aeabi_ldiv0
 .text          0x0c001a14      0x41c c:/software/electronica/arm/eclipsearm/sourcery-g++-lite-arm-2011.03/bin/../lib/gcc/arm-none-eabi/4.5.2\libgcc.a(_arm_addsubdf3.o)
                0x0c001a14                __aeabi_drsub
                0x0c001a1c                __aeabi_dsub
                0x0c001a1c                __subdf3
                0x0c001a20                __aeabi_dadd
                0x0c001a20                __adddf3
                0x0c001d30                __floatunsidf
                0x0c001d30                __aeabi_ui2d
                0x0c001d54                __floatsidf
                0x0c001d54                __aeabi_i2d
                0x0c001d7c                __aeabi_f2d
                0x0c001d7c                __extendsfdf2
                0x0c001dbc                __floatundidf
                0x0c001dbc                __aeabi_ul2d
                0x0c001dd0                __floatdidf
                0x0c001dd0                __aeabi_l2d
 .text          0x0c001e30      0x49c c:/software/electronica/arm/eclipsearm/sourcery-g++-lite-arm-2011.03/bin/../lib/gcc/arm-none-eabi/4.5.2\libgcc.a(_arm_muldivdf3.o)
                0x0c001e30                __aeabi_dmul
                0x0c001e30                __muldf3
                0x0c0020c0                __divdf3
                0x0c0020c0                __aeabi_ddiv
 .text          0x0c0022cc       0x5c c:/software/electronica/arm/eclipsearm/sourcery-g++-lite-arm-2011.03/bin/../lib/gcc/arm-none-eabi/4.5.2\libgcc.a(_arm_fixdfsi.o)
                0x0c0022cc                __aeabi_d2iz
                0x0c0022cc                __fixdfsi
 .text          0x0c002328       0x7c c:/software/electronica/arm/eclipsearm/sourcery-g++-lite-arm-2011.03/bin/../lib/gcc/arm-none-eabi/4.5.2/../../../../arm-none-eabi/lib\libc.a(lib_a-vsprintf.o)
                0x0c002328                _vsprintf_r
                0x0c002378                vsprintf
 .text          0x0c0023a4        0x0 c:/software/electronica/arm/eclipsearm/sourcery-g++-lite-arm-2011.03/bin/../lib/gcc/arm-none-eabi/4.5.2/../../../../arm-none-eabi/lib\libc.a(lib_a-impure.o)
 .text          0x0c0023a4     0x2138 c:/software/electronica/arm/eclipsearm/sourcery-g++-lite-arm-2011.03/bin/../lib/gcc/arm-none-eabi/4.5.2/../../../../arm-none-eabi/lib\libc.a(lib_a-svfprintf.o)
                0x0c0023a4                _svfprintf_r
 *fill*         0x0c0044dc        0x4 00
 .text          0x0c0044e0     0x17d0 c:/software/electronica/arm/eclipsearm/sourcery-g++-lite-arm-2011.03/bin/../lib/gcc/arm-none-eabi/4.5.2/../../../../arm-none-eabi/lib\libc.a(lib_a-dtoa.o)
                0x0c0046b0                _dtoa_r
 .text          0x0c005cb0       0xd0 c:/software/electronica/arm/eclipsearm/sourcery-g++-lite-arm-2011.03/bin/../lib/gcc/arm-none-eabi/4.5.2/../../../../arm-none-eabi/lib\libc.a(lib_a-locale.o)
                0x0c005cb0                _setlocale_r
                0x0c005d1c                __locale_charset
                0x0c005d28                __locale_mb_cur_max
                0x0c005d38                __locale_msgcharset
                0x0c005d44                __locale_cjk_lang
                0x0c005d4c                _localeconv_r
                0x0c005d58                setlocale
                0x0c005d74                localeconv
 .text          0x0c005d80      0x70c c:/software/electronica/arm/eclipsearm/sourcery-g++-lite-arm-2011.03/bin/../lib/gcc/arm-none-eabi/4.5.2/../../../../arm-none-eabi/lib\libc.a(lib_a-mallocr.o)
                0x0c005d80                _malloc_r
 .text          0x0c00648c      0x104 c:/software/electronica/arm/eclipsearm/sourcery-g++-lite-arm-2011.03/bin/../lib/gcc/arm-none-eabi/4.5.2/../../../../arm-none-eabi/lib\libc.a(lib_a-memchr.o)
                0x0c00648c                memchr
 .text          0x0c006590      0x1c0 c:/software/electronica/arm/eclipsearm/sourcery-g++-lite-arm-2011.03/bin/../lib/gcc/arm-none-eabi/4.5.2/../../../../arm-none-eabi/lib\libc.a(lib_a-memcpy.o)
                0x0c006590                memcpy
 .text          0x0c006750        0x8 c:/software/electronica/arm/eclipsearm/sourcery-g++-lite-arm-2011.03/bin/../lib/gcc/arm-none-eabi/4.5.2/../../../../arm-none-eabi/lib\libc.a(lib_a-mlock.o)
                0x0c006750                __malloc_lock
                0x0c006754                __malloc_unlock
 .text          0x0c006758      0xcfc c:/software/electronica/arm/eclipsearm/sourcery-g++-lite-arm-2011.03/bin/../lib/gcc/arm-none-eabi/4.5.2/../../../../arm-none-eabi/lib\libc.a(lib_a-mprec.o)
                0x0c006758                _Balloc
                0x0c0067e0                _Bfree
                0x0c0067fc                __multadd
                0x0c0068d8                __s2b
                0x0c0069c4                __hi0bits
                0x0c006a14                __lo0bits
                0x0c006aa4                __i2b
                0x0c006ac8                __multiply
                0x0c006cb0                __pow5mult
                0x0c006da4                __lshift
                0x0c006ea8                __mcmp
                0x0c006f08                __mdiff
                0x0c007060                __ulp
                0x0c0070c0                __b2d
                0x0c007184                __d2b
                0x0c00728c                __ratio
                0x0c007304                _mprec_log10
                0x0c007358                __copybits
                0x0c0073cc                __any_on
 .text          0x0c007454       0x8c c:/software/electronica/arm/eclipsearm/sourcery-g++-lite-arm-2011.03/bin/../lib/gcc/arm-none-eabi/4.5.2/../../../../arm-none-eabi/lib\libc.a(lib_a-s_fpclassify.o)
                0x0c007454                __fpclassifyd
 .text          0x0c0074e0       0x40 c:/software/electronica/arm/eclipsearm/sourcery-g++-lite-arm-2011.03/bin/../lib/gcc/arm-none-eabi/4.5.2/../../../../arm-none-eabi/lib\libc.a(lib_a-sbrkr.o)
                0x0c0074e0                _sbrk_r
 .text          0x0c007520      0x230 c:/software/electronica/arm/eclipsearm/sourcery-g++-lite-arm-2011.03/bin/../lib/gcc/arm-none-eabi/4.5.2/../../../../arm-none-eabi/lib\libc.a(lib_a-strcmp.o)
                0x0c007520                strcmp
 .text          0x0c007750       0x60 c:/software/electronica/arm/eclipsearm/sourcery-g++-lite-arm-2011.03/bin/../lib/gcc/arm-none-eabi/4.5.2/../../../../arm-none-eabi/lib\libc.a(lib_a-strlen.o)
                0x0c007750                strlen
 .text          0x0c0077b0     0x1238 c:/software/electronica/arm/eclipsearm/sourcery-g++-lite-arm-2011.03/bin/../lib/gcc/arm-none-eabi/4.5.2/../../../../arm-none-eabi/lib\libc.a(lib_a-svfiprintf.o)
                0x0c0077b0                __ssprint_r
                0x0c00794c                _svfiprintf_r
 .text          0x0c0089e8       0x9c c:/software/electronica/arm/eclipsearm/sourcery-g++-lite-arm-2011.03/bin/../lib/gcc/arm-none-eabi/4.5.2/../../../../arm-none-eabi/lib\libc.a(lib_a-callocr.o)
                0x0c0089e8                _calloc_r
 .text          0x0c008a84      0x360 c:/software/electronica/arm/eclipsearm/sourcery-g++-lite-arm-2011.03/bin/../lib/gcc/arm-none-eabi/4.5.2/../../../../arm-none-eabi/lib\libc.a(lib_a-freer.o)
                0x0c008a84                _malloc_trim_r
                0x0c008b80                _free_r
 .text          0x0c008de4      0x128 c:/software/electronica/arm/eclipsearm/sourcery-g++-lite-arm-2011.03/bin/../lib/gcc/arm-none-eabi/4.5.2/../../../../arm-none-eabi/lib\libc.a(lib_a-memmove.o)
                0x0c008de4                memmove
 .text          0x0c008f0c      0x100 c:/software/electronica/arm/eclipsearm/sourcery-g++-lite-arm-2011.03/bin/../lib/gcc/arm-none-eabi/4.5.2/../../../../arm-none-eabi/lib\libc.a(lib_a-memset.o)
                0x0c008f0c                memset
 .text          0x0c00900c      0x5c0 c:/software/electronica/arm/eclipsearm/sourcery-g++-lite-arm-2011.03/bin/../lib/gcc/arm-none-eabi/4.5.2/../../../../arm-none-eabi/lib\libc.a(lib_a-reallocr.o)
                0x0c00900c                _realloc_r
 .text          0x0c0095cc      0x1ac c:/software/electronica/arm/eclipsearm/sourcery-g++-lite-arm-2011.03/bin/../lib/gcc/arm-none-eabi/4.5.2/../../../../arm-none-eabi/lib\libc.a(lib_a-reent.o)
                0x0c0095cc                cleanup_glue
                0x0c0095f8                _reclaim_reent
                0x0c009700                _wrapup_reent
 .text          0x0c009778       0x2c c:/software/electronica/arm/eclipsearm/sourcery-g++-lite-arm-2011.03/bin/../lib/gcc/arm-none-eabi/4.5.2/../../../../arm-none-eabi/lib\libnosys.a(sbrk.o)
                0x0c009778                _sbrk
 .text          0x0c0097a4      0x114 c:/software/electronica/arm/eclipsearm/sourcery-g++-lite-arm-2011.03/bin/../lib/gcc/arm-none-eabi/4.5.2\libgcc.a(_udivsi3.o)
                0x0c0097a4                __aeabi_uidiv
                0x0c0097a4                __udivsi3
                0x0c009898                __aeabi_uidivmod
 .text          0x0c0098b8      0x144 c:/software/electronica/arm/eclipsearm/sourcery-g++-lite-arm-2011.03/bin/../lib/gcc/arm-none-eabi/4.5.2\libgcc.a(_arm_cmpdf2.o)
                0x0c0098b8                __gtdf2
                0x0c0098b8                __gedf2
                0x0c0098c0                __ltdf2
                0x0c0098c0                __ledf2
                0x0c0098c8                __nedf2
                0x0c0098c8                __eqdf2
                0x0c0098c8                __cmpdf2
                0x0c009950                __aeabi_cdrcmple
                0x0c00996c                __aeabi_cdcmpeq
                0x0c00996c                __aeabi_cdcmple
                0x0c009984                __aeabi_dcmpeq
                0x0c00999c                __aeabi_dcmplt
                0x0c0099b4                __aeabi_dcmple
                0x0c0099cc                __aeabi_dcmpge
                0x0c0099e4                __aeabi_dcmpgt
 .text          0x0c0099fc       0x3c c:/software/electronica/arm/eclipsearm/sourcery-g++-lite-arm-2011.03/bin/../lib/gcc/arm-none-eabi/4.5.2\libgcc.a(_aeabi_uldivmod.o)
                0x0c0099fc                __aeabi_uldivmod
 .text          0x0c009a38       0x80 c:/software/electronica/arm/eclipsearm/sourcery-g++-lite-arm-2011.03/bin/../lib/gcc/arm-none-eabi/4.5.2\libgcc.a(bpabi.o)
                0x0c009a38                __gnu_ldivmod_helper
                0x0c009a78                __gnu_uldivmod_helper
 .text          0x0c009ab8      0x4a8 c:/software/electronica/arm/eclipsearm/sourcery-g++-lite-arm-2011.03/bin/../lib/gcc/arm-none-eabi/4.5.2\libgcc.a(_divdi3.o)
                0x0c009ab8                __divdi3
 .text          0x0c009f60      0x434 c:/software/electronica/arm/eclipsearm/sourcery-g++-lite-arm-2011.03/bin/../lib/gcc/arm-none-eabi/4.5.2\libgcc.a(_udivdi3.o)
                0x0c009f60                __udivdi3
 .text          0x0c00a394       0x48 c:/software/electronica/arm/eclipsearm/sourcery-g++-lite-arm-2011.03/bin/../lib/gcc/arm-none-eabi/4.5.2\libgcc.a(_clzsi2.o)
                0x0c00a394                __clzsi2
                0x0c00a3dc                Image_RO_Limit = .
                0x0c00a3dc                Image_RW_Base = .

.glue_7         0x0c00a3dc        0x0
 .glue_7        0x00000000        0x0 linker stubs

.glue_7t        0x0c00a3dc        0x0
 .glue_7t       0x00000000        0x0 linker stubs

.vfp11_veneer   0x0c00a3dc        0x0
 .vfp11_veneer  0x00000000        0x0 linker stubs

.v4_bx          0x0c00a3dc        0x0
 .v4_bx         0x00000000        0x0 linker stubs

.data           0x0c00a3e0      0x914
 *(.data)
 .data          0x0c00a3e0        0x6 ./commonUart/44binit.o
                0x0c00a3e0                BDRAMTYPE
 *fill*         0x0c00a3e6        0x2 00
 .data          0x0c00a3e8        0xc ./commonUart/44blib.o
                0x0c00a3e8                mallocPt
                0x0c00a3ec                run
 .data          0x0c00a3f4       0x40 ./8led.o
                0x0c00a3f4                Symbol
 .data          0x0c00a434        0x0 ./button.o
 .data          0x0c00a434        0x4 ./keyboard.o
                0x0c00a434                keyboard_base
 .data          0x0c00a438        0x0 ./led.o
 .data          0x0c00a438        0x0 ./main.o
 .data          0x0c00a438        0x0 ./uart.o
 .data          0x0c00a438        0x0 c:/software/electronica/arm/eclipsearm/sourcery-g++-lite-arm-2011.03/bin/../lib/gcc/arm-none-eabi/4.5.2\libgcc.a(_divsi3.o)
 .data          0x0c00a438        0x0 c:/software/electronica/arm/eclipsearm/sourcery-g++-lite-arm-2011.03/bin/../lib/gcc/arm-none-eabi/4.5.2\libgcc.a(_dvmd_tls.o)
 .data          0x0c00a438        0x0 c:/software/electronica/arm/eclipsearm/sourcery-g++-lite-arm-2011.03/bin/../lib/gcc/arm-none-eabi/4.5.2\libgcc.a(_arm_addsubdf3.o)
 .data          0x0c00a438        0x0 c:/software/electronica/arm/eclipsearm/sourcery-g++-lite-arm-2011.03/bin/../lib/gcc/arm-none-eabi/4.5.2\libgcc.a(_arm_muldivdf3.o)
 .data          0x0c00a438        0x0 c:/software/electronica/arm/eclipsearm/sourcery-g++-lite-arm-2011.03/bin/../lib/gcc/arm-none-eabi/4.5.2\libgcc.a(_arm_fixdfsi.o)
 .data          0x0c00a438        0x0 c:/software/electronica/arm/eclipsearm/sourcery-g++-lite-arm-2011.03/bin/../lib/gcc/arm-none-eabi/4.5.2/../../../../arm-none-eabi/lib\libc.a(lib_a-vsprintf.o)
 .data          0x0c00a438      0x430 c:/software/electronica/arm/eclipsearm/sourcery-g++-lite-arm-2011.03/bin/../lib/gcc/arm-none-eabi/4.5.2/../../../../arm-none-eabi/lib\libc.a(lib_a-impure.o)
                0x0c00a438                _impure_ptr
 .data          0x0c00a868        0x0 c:/software/electronica/arm/eclipsearm/sourcery-g++-lite-arm-2011.03/bin/../lib/gcc/arm-none-eabi/4.5.2/../../../../arm-none-eabi/lib\libc.a(lib_a-svfprintf.o)
 .data          0x0c00a868        0x0 c:/software/electronica/arm/eclipsearm/sourcery-g++-lite-arm-2011.03/bin/../lib/gcc/arm-none-eabi/4.5.2/../../../../arm-none-eabi/lib\libc.a(lib_a-dtoa.o)
 .data          0x0c00a868       0x7c c:/software/electronica/arm/eclipsearm/sourcery-g++-lite-arm-2011.03/bin/../lib/gcc/arm-none-eabi/4.5.2/../../../../arm-none-eabi/lib\libc.a(lib_a-locale.o)
                0x0c00a888                __mb_cur_max
 .data          0x0c00a8e4      0x410 c:/software/electronica/arm/eclipsearm/sourcery-g++-lite-arm-2011.03/bin/../lib/gcc/arm-none-eabi/4.5.2/../../../../arm-none-eabi/lib\libc.a(lib_a-mallocr.o)
                0x0c00a8e4                __malloc_av_
                0x0c00acec                __malloc_sbrk_base
                0x0c00acf0                __malloc_trim_threshold
 .data          0x0c00acf4        0x0 c:/software/electronica/arm/eclipsearm/sourcery-g++-lite-arm-2011.03/bin/../lib/gcc/arm-none-eabi/4.5.2/../../../../arm-none-eabi/lib\libc.a(lib_a-memchr.o)
 .data          0x0c00acf4        0x0 c:/software/electronica/arm/eclipsearm/sourcery-g++-lite-arm-2011.03/bin/../lib/gcc/arm-none-eabi/4.5.2/../../../../arm-none-eabi/lib\libc.a(lib_a-memcpy.o)
 .data          0x0c00acf4        0x0 c:/software/electronica/arm/eclipsearm/sourcery-g++-lite-arm-2011.03/bin/../lib/gcc/arm-none-eabi/4.5.2/../../../../arm-none-eabi/lib\libc.a(lib_a-mlock.o)
 .data          0x0c00acf4        0x0 c:/software/electronica/arm/eclipsearm/sourcery-g++-lite-arm-2011.03/bin/../lib/gcc/arm-none-eabi/4.5.2/../../../../arm-none-eabi/lib\libc.a(lib_a-mprec.o)
 .data          0x0c00acf4        0x0 c:/software/electronica/arm/eclipsearm/sourcery-g++-lite-arm-2011.03/bin/../lib/gcc/arm-none-eabi/4.5.2/../../../../arm-none-eabi/lib\libc.a(lib_a-s_fpclassify.o)
 .data          0x0c00acf4        0x0 c:/software/electronica/arm/eclipsearm/sourcery-g++-lite-arm-2011.03/bin/../lib/gcc/arm-none-eabi/4.5.2/../../../../arm-none-eabi/lib\libc.a(lib_a-sbrkr.o)
 .data          0x0c00acf4        0x0 c:/software/electronica/arm/eclipsearm/sourcery-g++-lite-arm-2011.03/bin/../lib/gcc/arm-none-eabi/4.5.2/../../../../arm-none-eabi/lib\libc.a(lib_a-strcmp.o)
 .data          0x0c00acf4        0x0 c:/software/electronica/arm/eclipsearm/sourcery-g++-lite-arm-2011.03/bin/../lib/gcc/arm-none-eabi/4.5.2/../../../../arm-none-eabi/lib\libc.a(lib_a-strlen.o)
 .data          0x0c00acf4        0x0 c:/software/electronica/arm/eclipsearm/sourcery-g++-lite-arm-2011.03/bin/../lib/gcc/arm-none-eabi/4.5.2/../../../../arm-none-eabi/lib\libc.a(lib_a-svfiprintf.o)
 .data          0x0c00acf4        0x0 c:/software/electronica/arm/eclipsearm/sourcery-g++-lite-arm-2011.03/bin/../lib/gcc/arm-none-eabi/4.5.2/../../../../arm-none-eabi/lib\libc.a(lib_a-callocr.o)
 .data          0x0c00acf4        0x0 c:/software/electronica/arm/eclipsearm/sourcery-g++-lite-arm-2011.03/bin/../lib/gcc/arm-none-eabi/4.5.2/../../../../arm-none-eabi/lib\libc.a(lib_a-freer.o)
 .data          0x0c00acf4        0x0 c:/software/electronica/arm/eclipsearm/sourcery-g++-lite-arm-2011.03/bin/../lib/gcc/arm-none-eabi/4.5.2/../../../../arm-none-eabi/lib\libc.a(lib_a-memmove.o)
 .data          0x0c00acf4        0x0 c:/software/electronica/arm/eclipsearm/sourcery-g++-lite-arm-2011.03/bin/../lib/gcc/arm-none-eabi/4.5.2/../../../../arm-none-eabi/lib\libc.a(lib_a-memset.o)
 .data          0x0c00acf4        0x0 c:/software/electronica/arm/eclipsearm/sourcery-g++-lite-arm-2011.03/bin/../lib/gcc/arm-none-eabi/4.5.2/../../../../arm-none-eabi/lib\libc.a(lib_a-reallocr.o)
 .data          0x0c00acf4        0x0 c:/software/electronica/arm/eclipsearm/sourcery-g++-lite-arm-2011.03/bin/../lib/gcc/arm-none-eabi/4.5.2/../../../../arm-none-eabi/lib\libc.a(lib_a-reent.o)
 .data          0x0c00acf4        0x0 c:/software/electronica/arm/eclipsearm/sourcery-g++-lite-arm-2011.03/bin/../lib/gcc/arm-none-eabi/4.5.2/../../../../arm-none-eabi/lib\libnosys.a(sbrk.o)
 .data          0x0c00acf4        0x0 c:/software/electronica/arm/eclipsearm/sourcery-g++-lite-arm-2011.03/bin/../lib/gcc/arm-none-eabi/4.5.2\libgcc.a(_udivsi3.o)
 .data          0x0c00acf4        0x0 c:/software/electronica/arm/eclipsearm/sourcery-g++-lite-arm-2011.03/bin/../lib/gcc/arm-none-eabi/4.5.2\libgcc.a(_arm_cmpdf2.o)
 .data          0x0c00acf4        0x0 c:/software/electronica/arm/eclipsearm/sourcery-g++-lite-arm-2011.03/bin/../lib/gcc/arm-none-eabi/4.5.2\libgcc.a(_aeabi_uldivmod.o)
 .data          0x0c00acf4        0x0 c:/software/electronica/arm/eclipsearm/sourcery-g++-lite-arm-2011.03/bin/../lib/gcc/arm-none-eabi/4.5.2\libgcc.a(bpabi.o)
 .data          0x0c00acf4        0x0 c:/software/electronica/arm/eclipsearm/sourcery-g++-lite-arm-2011.03/bin/../lib/gcc/arm-none-eabi/4.5.2\libgcc.a(_divdi3.o)
 .data          0x0c00acf4        0x0 c:/software/electronica/arm/eclipsearm/sourcery-g++-lite-arm-2011.03/bin/../lib/gcc/arm-none-eabi/4.5.2\libgcc.a(_udivdi3.o)
 .data          0x0c00acf4        0x0 c:/software/electronica/arm/eclipsearm/sourcery-g++-lite-arm-2011.03/bin/../lib/gcc/arm-none-eabi/4.5.2\libgcc.a(_clzsi2.o)

.rodata         0x0c00acf8      0x170
 *(.rodata)
 .rodata        0x0c00acf8        0x4 c:/software/electronica/arm/eclipsearm/sourcery-g++-lite-arm-2011.03/bin/../lib/gcc/arm-none-eabi/4.5.2/../../../../arm-none-eabi/lib\libc.a(lib_a-impure.o)
                0x0c00acf8                _global_impure_ptr
 .rodata        0x0c00acfc       0x20 c:/software/electronica/arm/eclipsearm/sourcery-g++-lite-arm-2011.03/bin/../lib/gcc/arm-none-eabi/4.5.2/../../../../arm-none-eabi/lib\libc.a(lib_a-svfprintf.o)
 *fill*         0x0c00ad1c        0x4 00
 .rodata        0x0c00ad20      0x128 c:/software/electronica/arm/eclipsearm/sourcery-g++-lite-arm-2011.03/bin/../lib/gcc/arm-none-eabi/4.5.2/../../../../arm-none-eabi/lib\libc.a(lib_a-mprec.o)
                0x0c00ad30                __mprec_tens
                0x0c00adf8                __mprec_bigtens
                0x0c00ae20                __mprec_tinytens
 .rodata        0x0c00ae48       0x20 c:/software/electronica/arm/eclipsearm/sourcery-g++-lite-arm-2011.03/bin/../lib/gcc/arm-none-eabi/4.5.2/../../../../arm-none-eabi/lib\libc.a(lib_a-svfiprintf.o)
                0x0c00ae68                Image_RW_Limit = .
                0x0c00ae68                Image_ZI_Base = .

.rodata.str1.4  0x0c00ae68       0x64
 .rodata.str1.4
                0x0c00ae68        0x2 c:/software/electronica/arm/eclipsearm/sourcery-g++-lite-arm-2011.03/bin/../lib/gcc/arm-none-eabi/4.5.2/../../../../arm-none-eabi/lib\libc.a(lib_a-impure.o)
                                  0x4 (size before relaxing)
 *fill*         0x0c00ae6a        0x2 00
 .rodata.str1.4
                0x0c00ae6c       0x42 c:/software/electronica/arm/eclipsearm/sourcery-g++-lite-arm-2011.03/bin/../lib/gcc/arm-none-eabi/4.5.2/../../../../arm-none-eabi/lib\libc.a(lib_a-svfprintf.o)
                                 0x44 (size before relaxing)
 *fill*         0x0c00aeae        0x2 00
 .rodata.str1.4
                0x0c00aeb0       0x10 c:/software/electronica/arm/eclipsearm/sourcery-g++-lite-arm-2011.03/bin/../lib/gcc/arm-none-eabi/4.5.2/../../../../arm-none-eabi/lib\libc.a(lib_a-dtoa.o)
                                 0x14 (size before relaxing)
 .rodata.str1.4
                0x0c00aec0        0xc c:/software/electronica/arm/eclipsearm/sourcery-g++-lite-arm-2011.03/bin/../lib/gcc/arm-none-eabi/4.5.2/../../../../arm-none-eabi/lib\libc.a(lib_a-locale.o)
                                 0x14 (size before relaxing)
 .rodata.str1.4
                0x00000000       0x30 c:/software/electronica/arm/eclipsearm/sourcery-g++-lite-arm-2011.03/bin/../lib/gcc/arm-none-eabi/4.5.2/../../../../arm-none-eabi/lib\libc.a(lib_a-svfiprintf.o)

.ARM.extab      0x0c00aecc        0x0
 .ARM.extab     0x0c00aecc        0x0 c:/software/electronica/arm/eclipsearm/sourcery-g++-lite-arm-2011.03/bin/../lib/gcc/arm-none-eabi/4.5.2\libgcc.a(_divdi3.o)
 .ARM.extab     0x0c00aecc        0x0 c:/software/electronica/arm/eclipsearm/sourcery-g++-lite-arm-2011.03/bin/../lib/gcc/arm-none-eabi/4.5.2\libgcc.a(_udivdi3.o)

.ARM.exidx      0x0c00aecc        0x8
 .ARM.exidx     0x0c00aecc        0x8 c:/software/electronica/arm/eclipsearm/sourcery-g++-lite-arm-2011.03/bin/../lib/gcc/arm-none-eabi/4.5.2\libgcc.a(_divdi3.o)
 .ARM.exidx     0x0c00aed4        0x0 c:/software/electronica/arm/eclipsearm/sourcery-g++-lite-arm-2011.03/bin/../lib/gcc/arm-none-eabi/4.5.2\libgcc.a(_udivdi3.o)
                                  0x8 (size before relaxing)

.bss            0x0c00aed4      0x15c
 *(.bss)
 .bss           0x0c00aed4        0x0 ./commonUart/44binit.o
 .bss           0x0c00aed4        0x4 ./commonUart/44blib.o
                0x0c00aed4                restart
 .bss           0x0c00aed8        0x0 ./8led.o
 .bss           0x0c00aed8        0x0 ./button.o
 .bss           0x0c00aed8        0x0 ./keyboard.o
 .bss           0x0c00aed8        0x0 ./led.o
 .bss           0x0c00aed8        0x0 ./main.o
 .bss           0x0c00aed8        0x0 ./uart.o
 .bss           0x0c00aed8        0x0 c:/software/electronica/arm/eclipsearm/sourcery-g++-lite-arm-2011.03/bin/../lib/gcc/arm-none-eabi/4.5.2\libgcc.a(_divsi3.o)
 .bss           0x0c00aed8        0x0 c:/software/electronica/arm/eclipsearm/sourcery-g++-lite-arm-2011.03/bin/../lib/gcc/arm-none-eabi/4.5.2\libgcc.a(_dvmd_tls.o)
 .bss           0x0c00aed8        0x0 c:/software/electronica/arm/eclipsearm/sourcery-g++-lite-arm-2011.03/bin/../lib/gcc/arm-none-eabi/4.5.2\libgcc.a(_arm_addsubdf3.o)
 .bss           0x0c00aed8        0x0 c:/software/electronica/arm/eclipsearm/sourcery-g++-lite-arm-2011.03/bin/../lib/gcc/arm-none-eabi/4.5.2\libgcc.a(_arm_muldivdf3.o)
 .bss           0x0c00aed8        0x0 c:/software/electronica/arm/eclipsearm/sourcery-g++-lite-arm-2011.03/bin/../lib/gcc/arm-none-eabi/4.5.2\libgcc.a(_arm_fixdfsi.o)
 .bss           0x0c00aed8        0x0 c:/software/electronica/arm/eclipsearm/sourcery-g++-lite-arm-2011.03/bin/../lib/gcc/arm-none-eabi/4.5.2/../../../../arm-none-eabi/lib\libc.a(lib_a-vsprintf.o)
 .bss           0x0c00aed8        0x0 c:/software/electronica/arm/eclipsearm/sourcery-g++-lite-arm-2011.03/bin/../lib/gcc/arm-none-eabi/4.5.2/../../../../arm-none-eabi/lib\libc.a(lib_a-impure.o)
 .bss           0x0c00aed8        0x0 c:/software/electronica/arm/eclipsearm/sourcery-g++-lite-arm-2011.03/bin/../lib/gcc/arm-none-eabi/4.5.2/../../../../arm-none-eabi/lib\libc.a(lib_a-svfprintf.o)
 .bss           0x0c00aed8        0x0 c:/software/electronica/arm/eclipsearm/sourcery-g++-lite-arm-2011.03/bin/../lib/gcc/arm-none-eabi/4.5.2/../../../../arm-none-eabi/lib\libc.a(lib_a-dtoa.o)
 .bss           0x0c00aed8        0xc c:/software/electronica/arm/eclipsearm/sourcery-g++-lite-arm-2011.03/bin/../lib/gcc/arm-none-eabi/4.5.2/../../../../arm-none-eabi/lib\libc.a(lib_a-locale.o)
                0x0c00aed8                __nlocale_changed
                0x0c00aedc                __mlocale_changed
                0x0c00aee0                _PathLocale
 .bss           0x0c00aee4       0x34 c:/software/electronica/arm/eclipsearm/sourcery-g++-lite-arm-2011.03/bin/../lib/gcc/arm-none-eabi/4.5.2/../../../../arm-none-eabi/lib\libc.a(lib_a-mallocr.o)
                0x0c00aee4                __malloc_top_pad
                0x0c00aee8                __malloc_current_mallinfo
                0x0c00af10                __malloc_max_sbrked_mem
                0x0c00af14                __malloc_max_total_mem
 .bss           0x0c00af18        0x0 c:/software/electronica/arm/eclipsearm/sourcery-g++-lite-arm-2011.03/bin/../lib/gcc/arm-none-eabi/4.5.2/../../../../arm-none-eabi/lib\libc.a(lib_a-memchr.o)
 .bss           0x0c00af18        0x0 c:/software/electronica/arm/eclipsearm/sourcery-g++-lite-arm-2011.03/bin/../lib/gcc/arm-none-eabi/4.5.2/../../../../arm-none-eabi/lib\libc.a(lib_a-memcpy.o)
 .bss           0x0c00af18        0x0 c:/software/electronica/arm/eclipsearm/sourcery-g++-lite-arm-2011.03/bin/../lib/gcc/arm-none-eabi/4.5.2/../../../../arm-none-eabi/lib\libc.a(lib_a-mlock.o)
 .bss           0x0c00af18        0x0 c:/software/electronica/arm/eclipsearm/sourcery-g++-lite-arm-2011.03/bin/../lib/gcc/arm-none-eabi/4.5.2/../../../../arm-none-eabi/lib\libc.a(lib_a-mprec.o)
 .bss           0x0c00af18        0x0 c:/software/electronica/arm/eclipsearm/sourcery-g++-lite-arm-2011.03/bin/../lib/gcc/arm-none-eabi/4.5.2/../../../../arm-none-eabi/lib\libc.a(lib_a-s_fpclassify.o)
 .bss           0x0c00af18        0x0 c:/software/electronica/arm/eclipsearm/sourcery-g++-lite-arm-2011.03/bin/../lib/gcc/arm-none-eabi/4.5.2/../../../../arm-none-eabi/lib\libc.a(lib_a-sbrkr.o)
 .bss           0x0c00af18        0x0 c:/software/electronica/arm/eclipsearm/sourcery-g++-lite-arm-2011.03/bin/../lib/gcc/arm-none-eabi/4.5.2/../../../../arm-none-eabi/lib\libc.a(lib_a-strcmp.o)
 .bss           0x0c00af18        0x0 c:/software/electronica/arm/eclipsearm/sourcery-g++-lite-arm-2011.03/bin/../lib/gcc/arm-none-eabi/4.5.2/../../../../arm-none-eabi/lib\libc.a(lib_a-strlen.o)
 .bss           0x0c00af18        0x0 c:/software/electronica/arm/eclipsearm/sourcery-g++-lite-arm-2011.03/bin/../lib/gcc/arm-none-eabi/4.5.2/../../../../arm-none-eabi/lib\libc.a(lib_a-svfiprintf.o)
 .bss           0x0c00af18        0x0 c:/software/electronica/arm/eclipsearm/sourcery-g++-lite-arm-2011.03/bin/../lib/gcc/arm-none-eabi/4.5.2/../../../../arm-none-eabi/lib\libc.a(lib_a-callocr.o)
 .bss           0x0c00af18        0x0 c:/software/electronica/arm/eclipsearm/sourcery-g++-lite-arm-2011.03/bin/../lib/gcc/arm-none-eabi/4.5.2/../../../../arm-none-eabi/lib\libc.a(lib_a-freer.o)
 .bss           0x0c00af18        0x0 c:/software/electronica/arm/eclipsearm/sourcery-g++-lite-arm-2011.03/bin/../lib/gcc/arm-none-eabi/4.5.2/../../../../arm-none-eabi/lib\libc.a(lib_a-memmove.o)
 .bss           0x0c00af18        0x0 c:/software/electronica/arm/eclipsearm/sourcery-g++-lite-arm-2011.03/bin/../lib/gcc/arm-none-eabi/4.5.2/../../../../arm-none-eabi/lib\libc.a(lib_a-memset.o)
 .bss           0x0c00af18        0x0 c:/software/electronica/arm/eclipsearm/sourcery-g++-lite-arm-2011.03/bin/../lib/gcc/arm-none-eabi/4.5.2/../../../../arm-none-eabi/lib\libc.a(lib_a-reallocr.o)
 .bss           0x0c00af18        0x0 c:/software/electronica/arm/eclipsearm/sourcery-g++-lite-arm-2011.03/bin/../lib/gcc/arm-none-eabi/4.5.2/../../../../arm-none-eabi/lib\libc.a(lib_a-reent.o)
 .bss           0x0c00af18        0x4 c:/software/electronica/arm/eclipsearm/sourcery-g++-lite-arm-2011.03/bin/../lib/gcc/arm-none-eabi/4.5.2/../../../../arm-none-eabi/lib\libnosys.a(sbrk.o)
 .bss           0x0c00af1c        0x0 c:/software/electronica/arm/eclipsearm/sourcery-g++-lite-arm-2011.03/bin/../lib/gcc/arm-none-eabi/4.5.2\libgcc.a(_udivsi3.o)
 .bss           0x0c00af1c        0x0 c:/software/electronica/arm/eclipsearm/sourcery-g++-lite-arm-2011.03/bin/../lib/gcc/arm-none-eabi/4.5.2\libgcc.a(_arm_cmpdf2.o)
 .bss           0x0c00af1c        0x0 c:/software/electronica/arm/eclipsearm/sourcery-g++-lite-arm-2011.03/bin/../lib/gcc/arm-none-eabi/4.5.2\libgcc.a(_aeabi_uldivmod.o)
 .bss           0x0c00af1c        0x0 c:/software/electronica/arm/eclipsearm/sourcery-g++-lite-arm-2011.03/bin/../lib/gcc/arm-none-eabi/4.5.2\libgcc.a(bpabi.o)
 .bss           0x0c00af1c        0x0 c:/software/electronica/arm/eclipsearm/sourcery-g++-lite-arm-2011.03/bin/../lib/gcc/arm-none-eabi/4.5.2\libgcc.a(_divdi3.o)
 .bss           0x0c00af1c        0x0 c:/software/electronica/arm/eclipsearm/sourcery-g++-lite-arm-2011.03/bin/../lib/gcc/arm-none-eabi/4.5.2\libgcc.a(_udivdi3.o)
 .bss           0x0c00af1c        0x0 c:/software/electronica/arm/eclipsearm/sourcery-g++-lite-arm-2011.03/bin/../lib/gcc/arm-none-eabi/4.5.2\libgcc.a(_clzsi2.o)
 COMMON         0x0c00af1c        0x8 ./commonUart/44blib.o
                0x0c00af1c                fileSize
                0x0c00af20                downPt
 COMMON         0x0c00af24        0x4 ./keyboard.o
                0x0c00af24                key
 COMMON         0x0c00af28        0x4 ./led.o
                0x0c00af28                led_state
 COMMON         0x0c00af2c      0x100 ./main.o
                0x0c00af2c                str
 COMMON         0x0c00b02c        0x4 c:/software/electronica/arm/eclipsearm/sourcery-g++-lite-arm-2011.03/bin/../lib/gcc/arm-none-eabi/4.5.2/../../../../arm-none-eabi/lib\libc.a(lib_a-reent.o)
                0x0c00b02c                errno
                0x0c00b030                Image_ZI_Limit = .
                0x0c00b030                __bss_start__ = .
                0x0c00b030                __bss_end__ = .
                0x0c00b030                __EH_FRAME_BEGIN__ = .
                0x0c00b030                __EH_FRAME_END__ = .
                0x0c00b030                PROVIDE (__stack, .)
                0x0c00b030                end = .
                0x0c00b030                _end = .

.ARM.attributes
                0x00000000       0x2c
 .ARM.attributes
                0x00000000       0x22 ./commonUart/44binit.o
 .ARM.attributes
                0x00000022       0x32 ./commonUart/44blib.o
 .ARM.attributes
                0x00000054       0x32 ./8led.o
 .ARM.attributes
                0x00000086       0x32 ./button.o
 .ARM.attributes
                0x000000b8       0x32 ./keyboard.o
 .ARM.attributes
                0x000000ea       0x32 ./led.o
 .ARM.attributes
                0x0000011c       0x32 ./main.o
 .ARM.attributes
                0x0000014e       0x32 ./uart.o
 .ARM.attributes
                0x00000180       0x1a c:/software/electronica/arm/eclipsearm/sourcery-g++-lite-arm-2011.03/bin/../lib/gcc/arm-none-eabi/4.5.2\libgcc.a(_divsi3.o)
 .ARM.attributes
                0x0000019a       0x18 c:/software/electronica/arm/eclipsearm/sourcery-g++-lite-arm-2011.03/bin/../lib/gcc/arm-none-eabi/4.5.2\libgcc.a(_dvmd_tls.o)
 .ARM.attributes
                0x000001b2       0x1a c:/software/electronica/arm/eclipsearm/sourcery-g++-lite-arm-2011.03/bin/../lib/gcc/arm-none-eabi/4.5.2\libgcc.a(_arm_addsubdf3.o)
 .ARM.attributes
                0x000001cc       0x1a c:/software/electronica/arm/eclipsearm/sourcery-g++-lite-arm-2011.03/bin/../lib/gcc/arm-none-eabi/4.5.2\libgcc.a(_arm_muldivdf3.o)
 .ARM.attributes
                0x000001e6       0x1a c:/software/electronica/arm/eclipsearm/sourcery-g++-lite-arm-2011.03/bin/../lib/gcc/arm-none-eabi/4.5.2\libgcc.a(_arm_fixdfsi.o)
 .ARM.attributes
                0x00000200       0x34 c:/software/electronica/arm/eclipsearm/sourcery-g++-lite-arm-2011.03/bin/../lib/gcc/arm-none-eabi/4.5.2/../../../../arm-none-eabi/lib\libc.a(lib_a-vsprintf.o)
 .ARM.attributes
                0x00000234       0x34 c:/software/electronica/arm/eclipsearm/sourcery-g++-lite-arm-2011.03/bin/../lib/gcc/arm-none-eabi/4.5.2/../../../../arm-none-eabi/lib\libc.a(lib_a-impure.o)
 .ARM.attributes
                0x00000268       0x34 c:/software/electronica/arm/eclipsearm/sourcery-g++-lite-arm-2011.03/bin/../lib/gcc/arm-none-eabi/4.5.2/../../../../arm-none-eabi/lib\libc.a(lib_a-svfprintf.o)
 .ARM.attributes
                0x0000029c       0x34 c:/software/electronica/arm/eclipsearm/sourcery-g++-lite-arm-2011.03/bin/../lib/gcc/arm-none-eabi/4.5.2/../../../../arm-none-eabi/lib\libc.a(lib_a-dtoa.o)
 .ARM.attributes
                0x000002d0       0x34 c:/software/electronica/arm/eclipsearm/sourcery-g++-lite-arm-2011.03/bin/../lib/gcc/arm-none-eabi/4.5.2/../../../../arm-none-eabi/lib\libc.a(lib_a-locale.o)
 .ARM.attributes
                0x00000304       0x34 c:/software/electronica/arm/eclipsearm/sourcery-g++-lite-arm-2011.03/bin/../lib/gcc/arm-none-eabi/4.5.2/../../../../arm-none-eabi/lib\libc.a(lib_a-mallocr.o)
 .ARM.attributes
                0x00000338       0x34 c:/software/electronica/arm/eclipsearm/sourcery-g++-lite-arm-2011.03/bin/../lib/gcc/arm-none-eabi/4.5.2/../../../../arm-none-eabi/lib\libc.a(lib_a-memchr.o)
 .ARM.attributes
                0x0000036c       0x34 c:/software/electronica/arm/eclipsearm/sourcery-g++-lite-arm-2011.03/bin/../lib/gcc/arm-none-eabi/4.5.2/../../../../arm-none-eabi/lib\libc.a(lib_a-memcpy.o)
 .ARM.attributes
                0x000003a0       0x34 c:/software/electronica/arm/eclipsearm/sourcery-g++-lite-arm-2011.03/bin/../lib/gcc/arm-none-eabi/4.5.2/../../../../arm-none-eabi/lib\libc.a(lib_a-mlock.o)
 .ARM.attributes
                0x000003d4       0x34 c:/software/electronica/arm/eclipsearm/sourcery-g++-lite-arm-2011.03/bin/../lib/gcc/arm-none-eabi/4.5.2/../../../../arm-none-eabi/lib\libc.a(lib_a-mprec.o)
 .ARM.attributes
                0x00000408       0x34 c:/software/electronica/arm/eclipsearm/sourcery-g++-lite-arm-2011.03/bin/../lib/gcc/arm-none-eabi/4.5.2/../../../../arm-none-eabi/lib\libc.a(lib_a-s_fpclassify.o)
 .ARM.attributes
                0x0000043c       0x34 c:/software/electronica/arm/eclipsearm/sourcery-g++-lite-arm-2011.03/bin/../lib/gcc/arm-none-eabi/4.5.2/../../../../arm-none-eabi/lib\libc.a(lib_a-sbrkr.o)
 .ARM.attributes
                0x00000470       0x34 c:/software/electronica/arm/eclipsearm/sourcery-g++-lite-arm-2011.03/bin/../lib/gcc/arm-none-eabi/4.5.2/../../../../arm-none-eabi/lib\libc.a(lib_a-strcmp.o)
 .ARM.attributes
                0x000004a4       0x34 c:/software/electronica/arm/eclipsearm/sourcery-g++-lite-arm-2011.03/bin/../lib/gcc/arm-none-eabi/4.5.2/../../../../arm-none-eabi/lib\libc.a(lib_a-strlen.o)
 .ARM.attributes
                0x000004d8       0x34 c:/software/electronica/arm/eclipsearm/sourcery-g++-lite-arm-2011.03/bin/../lib/gcc/arm-none-eabi/4.5.2/../../../../arm-none-eabi/lib\libc.a(lib_a-svfiprintf.o)
 .ARM.attributes
                0x0000050c       0x34 c:/software/electronica/arm/eclipsearm/sourcery-g++-lite-arm-2011.03/bin/../lib/gcc/arm-none-eabi/4.5.2/../../../../arm-none-eabi/lib\libc.a(lib_a-callocr.o)
 .ARM.attributes
                0x00000540       0x34 c:/software/electronica/arm/eclipsearm/sourcery-g++-lite-arm-2011.03/bin/../lib/gcc/arm-none-eabi/4.5.2/../../../../arm-none-eabi/lib\libc.a(lib_a-freer.o)
 .ARM.attributes
                0x00000574       0x34 c:/software/electronica/arm/eclipsearm/sourcery-g++-lite-arm-2011.03/bin/../lib/gcc/arm-none-eabi/4.5.2/../../../../arm-none-eabi/lib\libc.a(lib_a-memmove.o)
 .ARM.attributes
                0x000005a8       0x34 c:/software/electronica/arm/eclipsearm/sourcery-g++-lite-arm-2011.03/bin/../lib/gcc/arm-none-eabi/4.5.2/../../../../arm-none-eabi/lib\libc.a(lib_a-memset.o)
 .ARM.attributes
                0x000005dc       0x34 c:/software/electronica/arm/eclipsearm/sourcery-g++-lite-arm-2011.03/bin/../lib/gcc/arm-none-eabi/4.5.2/../../../../arm-none-eabi/lib\libc.a(lib_a-reallocr.o)
 .ARM.attributes
                0x00000610       0x34 c:/software/electronica/arm/eclipsearm/sourcery-g++-lite-arm-2011.03/bin/../lib/gcc/arm-none-eabi/4.5.2/../../../../arm-none-eabi/lib\libc.a(lib_a-reent.o)
 .ARM.attributes
                0x00000644       0x30 c:/software/electronica/arm/eclipsearm/sourcery-g++-lite-arm-2011.03/bin/../lib/gcc/arm-none-eabi/4.5.2/../../../../arm-none-eabi/lib\libnosys.a(sbrk.o)
 .ARM.attributes
                0x00000674       0x1a c:/software/electronica/arm/eclipsearm/sourcery-g++-lite-arm-2011.03/bin/../lib/gcc/arm-none-eabi/4.5.2\libgcc.a(_udivsi3.o)
 .ARM.attributes
                0x0000068e       0x1a c:/software/electronica/arm/eclipsearm/sourcery-g++-lite-arm-2011.03/bin/../lib/gcc/arm-none-eabi/4.5.2\libgcc.a(_arm_cmpdf2.o)
 .ARM.attributes
                0x000006a8       0x1a c:/software/electronica/arm/eclipsearm/sourcery-g++-lite-arm-2011.03/bin/../lib/gcc/arm-none-eabi/4.5.2\libgcc.a(_aeabi_uldivmod.o)
 .ARM.attributes
                0x000006c2       0x34 c:/software/electronica/arm/eclipsearm/sourcery-g++-lite-arm-2011.03/bin/../lib/gcc/arm-none-eabi/4.5.2\libgcc.a(bpabi.o)
 .ARM.attributes
                0x000006f6       0x34 c:/software/electronica/arm/eclipsearm/sourcery-g++-lite-arm-2011.03/bin/../lib/gcc/arm-none-eabi/4.5.2\libgcc.a(_divdi3.o)
 .ARM.attributes
                0x0000072a       0x34 c:/software/electronica/arm/eclipsearm/sourcery-g++-lite-arm-2011.03/bin/../lib/gcc/arm-none-eabi/4.5.2\libgcc.a(_udivdi3.o)
 .ARM.attributes
                0x0000075e       0x1a c:/software/electronica/arm/eclipsearm/sourcery-g++-lite-arm-2011.03/bin/../lib/gcc/arm-none-eabi/4.5.2\libgcc.a(_clzsi2.o)

.comment        0x00000000       0x3b
 .comment       0x00000000       0x2a ./commonUart/44blib.o
                                 0x2b (size before relaxing)
 .comment       0x00000000       0x2b ./8led.o
 .comment       0x00000000       0x2b ./button.o
 .comment       0x00000000       0x2b ./keyboard.o
 .comment       0x00000000       0x2b ./led.o
 .comment       0x00000000       0x2b ./main.o
 .comment       0x00000000       0x2b ./uart.o
 .comment       0x0000002a       0x11 c:/software/electronica/arm/eclipsearm/sourcery-g++-lite-arm-2011.03/bin/../lib/gcc/arm-none-eabi/4.5.2/../../../../arm-none-eabi/lib\libnosys.a(sbrk.o)
                                 0x12 (size before relaxing)

.debug_info     0x00000000      0x9d5
 *(.debug_info)
 .debug_info    0x00000000       0x6a ./commonUart/44binit.o
 .debug_info    0x0000006a      0x229 ./commonUart/44blib.o
 .debug_info    0x00000293       0xa4 ./8led.o
 .debug_info    0x00000337       0x97 ./button.o
 .debug_info    0x000003ce      0x11b ./keyboard.o
 .debug_info    0x000004e9      0x104 ./led.o
 .debug_info    0x000005ed       0xa0 ./main.o
 .debug_info    0x0000068d      0x2a8 ./uart.o
 .debug_info    0x00000935       0xa0 c:/software/electronica/arm/eclipsearm/sourcery-g++-lite-arm-2011.03/bin/../lib/gcc/arm-none-eabi/4.5.2/../../../../arm-none-eabi/lib\libnosys.a(sbrk.o)

.debug_line     0x00000000      0xc93
 *(.debug_line)
 .debug_line    0x00000000      0x118 ./commonUart/44binit.o
 .debug_line    0x00000118      0x3db ./commonUart/44blib.o
 .debug_line    0x000004f3       0x8b ./8led.o
 .debug_line    0x0000057e       0xb3 ./button.o
 .debug_line    0x00000631       0xc2 ./keyboard.o
 .debug_line    0x000006f3       0xa7 ./led.o
 .debug_line    0x0000079a       0xa4 ./main.o
 .debug_line    0x0000083e      0x3f2 ./uart.o
 .debug_line    0x00000c30       0x63 c:/software/electronica/arm/eclipsearm/sourcery-g++-lite-arm-2011.03/bin/../lib/gcc/arm-none-eabi/4.5.2/../../../../arm-none-eabi/lib\libnosys.a(sbrk.o)

.debug_abbrev   0x00000000      0x5f9
 *(.debug_abbrev)
 .debug_abbrev  0x00000000       0x14 ./commonUart/44binit.o
 .debug_abbrev  0x00000014      0x11f ./commonUart/44blib.o
 .debug_abbrev  0x00000133       0x9b ./8led.o
 .debug_abbrev  0x000001ce       0x89 ./button.o
 .debug_abbrev  0x00000257      0x102 ./keyboard.o
 .debug_abbrev  0x00000359       0x7c ./led.o
 .debug_abbrev  0x000003d5       0x91 ./main.o
 .debug_abbrev  0x00000466      0x110 ./uart.o
 .debug_abbrev  0x00000576       0x83 c:/software/electronica/arm/eclipsearm/sourcery-g++-lite-arm-2011.03/bin/../lib/gcc/arm-none-eabi/4.5.2/../../../../arm-none-eabi/lib\libnosys.a(sbrk.o)

.debug_frame    0x00000000      0xd18
 *(.debug_frame)
 .debug_frame   0x00000000       0xd0 ./commonUart/44blib.o
 .debug_frame   0x000000d0       0x50 ./8led.o
 .debug_frame   0x00000120       0x7c ./button.o
 .debug_frame   0x0000019c       0x7c ./keyboard.o
 .debug_frame   0x00000218      0x110 ./led.o
 .debug_frame   0x00000328       0x30 ./main.o
 .debug_frame   0x00000358      0x1b0 ./uart.o
 .debug_frame   0x00000508       0x20 c:/software/electronica/arm/eclipsearm/sourcery-g++-lite-arm-2011.03/bin/../lib/gcc/arm-none-eabi/4.5.2\libgcc.a(_divsi3.o)
 .debug_frame   0x00000528       0x44 c:/software/electronica/arm/eclipsearm/sourcery-g++-lite-arm-2011.03/bin/../lib/gcc/arm-none-eabi/4.5.2/../../../../arm-none-eabi/lib\libc.a(lib_a-vsprintf.o)
 .debug_frame   0x0000056c       0x3c c:/software/electronica/arm/eclipsearm/sourcery-g++-lite-arm-2011.03/bin/../lib/gcc/arm-none-eabi/4.5.2/../../../../arm-none-eabi/lib\libc.a(lib_a-svfprintf.o)
 .debug_frame   0x000005a8       0x64 c:/software/electronica/arm/eclipsearm/sourcery-g++-lite-arm-2011.03/bin/../lib/gcc/arm-none-eabi/4.5.2/../../../../arm-none-eabi/lib\libc.a(lib_a-dtoa.o)
 .debug_frame   0x0000060c       0x98 c:/software/electronica/arm/eclipsearm/sourcery-g++-lite-arm-2011.03/bin/../lib/gcc/arm-none-eabi/4.5.2/../../../../arm-none-eabi/lib\libc.a(lib_a-locale.o)
 .debug_frame   0x000006a4       0x3c c:/software/electronica/arm/eclipsearm/sourcery-g++-lite-arm-2011.03/bin/../lib/gcc/arm-none-eabi/4.5.2/../../../../arm-none-eabi/lib\libc.a(lib_a-mallocr.o)
 .debug_frame   0x000006e0       0x2c c:/software/electronica/arm/eclipsearm/sourcery-g++-lite-arm-2011.03/bin/../lib/gcc/arm-none-eabi/4.5.2/../../../../arm-none-eabi/lib\libc.a(lib_a-memchr.o)
 .debug_frame   0x0000070c       0x30 c:/software/electronica/arm/eclipsearm/sourcery-g++-lite-arm-2011.03/bin/../lib/gcc/arm-none-eabi/4.5.2/../../../../arm-none-eabi/lib\libc.a(lib_a-memcpy.o)
 .debug_frame   0x0000073c       0x30 c:/software/electronica/arm/eclipsearm/sourcery-g++-lite-arm-2011.03/bin/../lib/gcc/arm-none-eabi/4.5.2/../../../../arm-none-eabi/lib\libc.a(lib_a-mlock.o)
 .debug_frame   0x0000076c      0x228 c:/software/electronica/arm/eclipsearm/sourcery-g++-lite-arm-2011.03/bin/../lib/gcc/arm-none-eabi/4.5.2/../../../../arm-none-eabi/lib\libc.a(lib_a-mprec.o)
 .debug_frame   0x00000994       0x28 c:/software/electronica/arm/eclipsearm/sourcery-g++-lite-arm-2011.03/bin/../lib/gcc/arm-none-eabi/4.5.2/../../../../arm-none-eabi/lib\libc.a(lib_a-s_fpclassify.o)
 .debug_frame   0x000009bc       0x2c c:/software/electronica/arm/eclipsearm/sourcery-g++-lite-arm-2011.03/bin/../lib/gcc/arm-none-eabi/4.5.2/../../../../arm-none-eabi/lib\libc.a(lib_a-sbrkr.o)
 .debug_frame   0x000009e8       0x30 c:/software/electronica/arm/eclipsearm/sourcery-g++-lite-arm-2011.03/bin/../lib/gcc/arm-none-eabi/4.5.2/../../../../arm-none-eabi/lib\libc.a(lib_a-strcmp.o)
 .debug_frame   0x00000a18       0x20 c:/software/electronica/arm/eclipsearm/sourcery-g++-lite-arm-2011.03/bin/../lib/gcc/arm-none-eabi/4.5.2/../../../../arm-none-eabi/lib\libc.a(lib_a-strlen.o)
 .debug_frame   0x00000a38       0x68 c:/software/electronica/arm/eclipsearm/sourcery-g++-lite-arm-2011.03/bin/../lib/gcc/arm-none-eabi/4.5.2/../../../../arm-none-eabi/lib\libc.a(lib_a-svfiprintf.o)
 .debug_frame   0x00000aa0       0x28 c:/software/electronica/arm/eclipsearm/sourcery-g++-lite-arm-2011.03/bin/../lib/gcc/arm-none-eabi/4.5.2/../../../../arm-none-eabi/lib\libc.a(lib_a-callocr.o)
 .debug_frame   0x00000ac8       0x50 c:/software/electronica/arm/eclipsearm/sourcery-g++-lite-arm-2011.03/bin/../lib/gcc/arm-none-eabi/4.5.2/../../../../arm-none-eabi/lib\libc.a(lib_a-freer.o)
 .debug_frame   0x00000b18       0x2c c:/software/electronica/arm/eclipsearm/sourcery-g++-lite-arm-2011.03/bin/../lib/gcc/arm-none-eabi/4.5.2/../../../../arm-none-eabi/lib\libc.a(lib_a-memmove.o)
 .debug_frame   0x00000b44       0x28 c:/software/electronica/arm/eclipsearm/sourcery-g++-lite-arm-2011.03/bin/../lib/gcc/arm-none-eabi/4.5.2/../../../../arm-none-eabi/lib\libc.a(lib_a-memset.o)
 .debug_frame   0x00000b6c       0x3c c:/software/electronica/arm/eclipsearm/sourcery-g++-lite-arm-2011.03/bin/../lib/gcc/arm-none-eabi/4.5.2/../../../../arm-none-eabi/lib\libc.a(lib_a-reallocr.o)
 .debug_frame   0x00000ba8       0x68 c:/software/electronica/arm/eclipsearm/sourcery-g++-lite-arm-2011.03/bin/../lib/gcc/arm-none-eabi/4.5.2/../../../../arm-none-eabi/lib\libc.a(lib_a-reent.o)
 .debug_frame   0x00000c10       0x20 c:/software/electronica/arm/eclipsearm/sourcery-g++-lite-arm-2011.03/bin/../lib/gcc/arm-none-eabi/4.5.2/../../../../arm-none-eabi/lib\libnosys.a(sbrk.o)
 .debug_frame   0x00000c30       0x20 c:/software/electronica/arm/eclipsearm/sourcery-g++-lite-arm-2011.03/bin/../lib/gcc/arm-none-eabi/4.5.2\libgcc.a(_udivsi3.o)
 .debug_frame   0x00000c50       0x50 c:/software/electronica/arm/eclipsearm/sourcery-g++-lite-arm-2011.03/bin/../lib/gcc/arm-none-eabi/4.5.2\libgcc.a(bpabi.o)
 .debug_frame   0x00000ca0       0x3c c:/software/electronica/arm/eclipsearm/sourcery-g++-lite-arm-2011.03/bin/../lib/gcc/arm-none-eabi/4.5.2\libgcc.a(_divdi3.o)
 .debug_frame   0x00000cdc       0x3c c:/software/electronica/arm/eclipsearm/sourcery-g++-lite-arm-2011.03/bin/../lib/gcc/arm-none-eabi/4.5.2\libgcc.a(_udivdi3.o)
START GROUP
LOAD c:/software/electronica/arm/eclipsearm/sourcery-g++-lite-arm-2011.03/bin/../lib/gcc/arm-none-eabi/4.5.2\libgcc.a
LOAD c:/software/electronica/arm/eclipsearm/sourcery-g++-lite-arm-2011.03/bin/../lib/gcc/arm-none-eabi/4.5.2/../../../../arm-none-eabi/lib\libg.a
LOAD c:/software/electronica/arm/eclipsearm/sourcery-g++-lite-arm-2011.03/bin/../lib/gcc/arm-none-eabi/4.5.2/../../../../arm-none-eabi/lib\libc.a
LOAD c:/software/electronica/arm/eclipsearm/sourcery-g++-lite-arm-2011.03/bin/../lib/gcc/arm-none-eabi/4.5.2/../../../../arm-none-eabi/lib\libm.a
LOAD c:/software/electronica/arm/eclipsearm/sourcery-g++-lite-arm-2011.03/bin/../lib/gcc/arm-none-eabi/4.5.2/../../../../arm-none-eabi/lib\libnosys.a
END GROUP
OUTPUT(pr4.1.elf elf32-littlearm)

.debug_aranges  0x00000000      0x120
 .debug_aranges
                0x00000000       0x20 ./commonUart/44binit.o
 .debug_aranges
                0x00000020       0x20 ./commonUart/44blib.o
 .debug_aranges
                0x00000040       0x20 ./8led.o
 .debug_aranges
                0x00000060       0x20 ./button.o
 .debug_aranges
                0x00000080       0x20 ./keyboard.o
 .debug_aranges
                0x000000a0       0x20 ./led.o
 .debug_aranges
                0x000000c0       0x20 ./main.o
 .debug_aranges
                0x000000e0       0x20 ./uart.o
 .debug_aranges
                0x00000100       0x20 c:/software/electronica/arm/eclipsearm/sourcery-g++-lite-arm-2011.03/bin/../lib/gcc/arm-none-eabi/4.5.2/../../../../arm-none-eabi/lib\libnosys.a(sbrk.o)

.debug_macinfo  0x00000000    0x29677
 .debug_macinfo
                0x00000000     0x82fb ./commonUart/44blib.o
 .debug_macinfo
                0x000082fb     0x5567 ./8led.o
 .debug_macinfo
                0x0000d862     0x50f7 ./button.o
 .debug_macinfo
                0x00012959     0x50dc ./keyboard.o
 .debug_macinfo
                0x00017a35     0x50a3 ./led.o
 .debug_macinfo
                0x0001cad8     0x50d3 ./main.o
 .debug_macinfo
                0x00021bab     0x7acc ./uart.o

.debug_loc      0x00000000      0x625
 .debug_loc     0x00000000      0x108 ./commonUart/44blib.o
 .debug_loc     0x00000108       0x58 ./8led.o
 .debug_loc     0x00000160       0x84 ./button.o
 .debug_loc     0x000001e4       0x84 ./keyboard.o
 .debug_loc     0x00000268      0x160 ./led.o
 .debug_loc     0x000003c8       0x2c ./main.o
 .debug_loc     0x000003f4      0x210 ./uart.o
 .debug_loc     0x00000604       0x21 c:/software/electronica/arm/eclipsearm/sourcery-g++-lite-arm-2011.03/bin/../lib/gcc/arm-none-eabi/4.5.2/../../../../arm-none-eabi/lib\libnosys.a(sbrk.o)

.debug_pubnames
                0x00000000      0x2fd
 .debug_pubnames
                0x00000000       0x90 ./commonUart/44blib.o
 .debug_pubnames
                0x00000090       0x3d ./8led.o
 .debug_pubnames
                0x000000cd       0x46 ./button.o
 .debug_pubnames
                0x00000113       0x5b ./keyboard.o
 .debug_pubnames
                0x0000016e       0x8b ./led.o
 .debug_pubnames
                0x000001f9       0x23 ./main.o
 .debug_pubnames
                0x0000021c       0xe1 ./uart.o

.debug_pubtypes
                0x00000000       0x51
 .debug_pubtypes
                0x00000000       0x12 ./commonUart/44blib.o
 .debug_pubtypes
                0x00000012       0x3f ./uart.o

.debug_str      0x00000000      0x3d2
 .debug_str     0x00000000      0x124 ./commonUart/44blib.o
                                0x162 (size before relaxing)
 .debug_str     0x00000124       0x2f ./8led.o
                                 0x6f (size before relaxing)
 .debug_str     0x00000153       0x34 ./button.o
                                 0x6f (size before relaxing)
 .debug_str     0x00000187       0x53 ./keyboard.o
                                 0xa7 (size before relaxing)
 .debug_str     0x000001da       0x68 ./led.o
                                 0x9b (size before relaxing)
 .debug_str     0x00000242       0x16 ./main.o
                                 0x5b (size before relaxing)
 .debug_str     0x00000258       0xdc ./uart.o
                                0x1af (size before relaxing)
 .debug_str     0x00000334       0x9e c:/software/electronica/arm/eclipsearm/sourcery-g++-lite-arm-2011.03/bin/../lib/gcc/arm-none-eabi/4.5.2/../../../../arm-none-eabi/lib\libnosys.a(sbrk.o)
                                 0xac (size before relaxing)
