Archive member included because of file (symbol)

c:/software/electronica/arm/eclipsearm/sourcery-g++-lite-arm-2011.03/bin/../lib/gcc/arm-none-eabi/4.5.2\libgcc.a(_udivsi3.o)
                              ./timer.o (__aeabi_uidiv)
c:/software/electronica/arm/eclipsearm/sourcery-g++-lite-arm-2011.03/bin/../lib/gcc/arm-none-eabi/4.5.2\libgcc.a(_divsi3.o)
                              ./commonEclipse/44blib.o (__aeabi_idiv)
c:/software/electronica/arm/eclipsearm/sourcery-g++-lite-arm-2011.03/bin/../lib/gcc/arm-none-eabi/4.5.2\libgcc.a(_dvmd_tls.o)
                              c:/software/electronica/arm/eclipsearm/sourcery-g++-lite-arm-2011.03/bin/../lib/gcc/arm-none-eabi/4.5.2\libgcc.a(_udivsi3.o) (__aeabi_idiv0)
c:/software/electronica/arm/eclipsearm/sourcery-g++-lite-arm-2011.03/bin/../lib/gcc/arm-none-eabi/4.5.2/../../../../arm-none-eabi/lib\libc.a(lib_a-rand.o)
                              ./timer.o (rand)
c:/software/electronica/arm/eclipsearm/sourcery-g++-lite-arm-2011.03/bin/../lib/gcc/arm-none-eabi/4.5.2/../../../../arm-none-eabi/lib\libc.a(lib_a-impure.o)
                              c:/software/electronica/arm/eclipsearm/sourcery-g++-lite-arm-2011.03/bin/../lib/gcc/arm-none-eabi/4.5.2/../../../../arm-none-eabi/lib\libc.a(lib_a-rand.o) (_impure_ptr)

Allocating common symbols
Common symbol       size              file

led_state           0x4               ./led.o
fileSize            0x4               ./commonEclipse/44blib.o
cont                0x4               ./timer.o
key                 0x4               ./keyboard.o
numbers             0x10              ./timer.o
downPt              0x4               ./commonEclipse/44blib.o

Memory Configuration

Name             Origin             Length             Attributes
*default*        0x00000000         0xffffffff

Linker script and memory map

LOAD ./commonEclipse/44binit.o
LOAD ./commonEclipse/44blib.o
LOAD ./8led.o
LOAD ./button.o
LOAD ./init.o
LOAD ./keyboard.o
LOAD ./led.o
LOAD ./main.o
LOAD ./timer.o
START GROUP
LOAD c:/software/electronica/arm/eclipsearm/sourcery-g++-lite-arm-2011.03/bin/../lib/gcc/arm-none-eabi/4.5.2\libgcc.a
LOAD c:/software/electronica/arm/eclipsearm/sourcery-g++-lite-arm-2011.03/bin/../lib/gcc/arm-none-eabi/4.5.2/../../../../arm-none-eabi/lib\libc.a
END GROUP
                0x0c000000                . = 0xc000000
                0x0c000000                Image_RO_Base = .

.text           0x0c000000     0x1d14
 *(.text)
 .text          0x0c000000      0x70c ./commonEclipse/44binit.o
 .text          0x0c00070c      0x45c ./commonEclipse/44blib.o
                0x0c00070c                Delay
                0x0c000844                DelayMs
                0x0c0008a8                Port_Init
                0x0c000a38                malloc
                0x0c000ad8                free
                0x0c000b08                sys_init
 .text          0x0c000b68       0xa4 ./8led.o
                0x0c000b68                D8Led_init
                0x0c000b8c                D8Led_symbol
                0x0c000bc8                D8Led_symbol_correct
 .text          0x0c000c0c      0x1a4 ./button.o
                0x0c000c0c                esta_pulsado
                0x0c000c58                Eint4567_init
                0x0c000d1c                Eint4567_ISR
 .text          0x0c000db0       0x1c ./init.o
                0x0c000db0                start
 .text          0x0c000dcc      0x364 ./keyboard.o
                0x0c000dcc                keyboard_init
                0x0c000e84                KeyboardInt
                0x0c000f00                key_read
 .text          0x0c001130      0x230 ./led.o
                0x0c001130                leds_on
                0x0c001150                leds_off
                0x0c001170                led1_on
                0x0c0011b0                led1_off
                0x0c0011f0                led2_on
                0x0c001230                led2_off
                0x0c001270                leds_switch
                0x0c0012b0                Led_Display
 .text          0x0c001360       0x2c ./main.o
                0x0c001360                Main
 .text          0x0c00138c      0x6b0 ./timer.o
                0x0c00138c                shuffle
                0x0c001490                random_number_generator
                0x0c001594                timers_init
                0x0c0017e8                timer0_ISR
                0x0c00189c                timer1_ISR
                0x0c001900                timer2_ISR
                0x0c001968                timer4_ISR
 .text          0x0c001a3c      0x114 c:/software/electronica/arm/eclipsearm/sourcery-g++-lite-arm-2011.03/bin/../lib/gcc/arm-none-eabi/4.5.2\libgcc.a(_udivsi3.o)
                0x0c001a3c                __aeabi_uidiv
                0x0c001a3c                __udivsi3
                0x0c001b30                __aeabi_uidivmod
 .text          0x0c001b50      0x148 c:/software/electronica/arm/eclipsearm/sourcery-g++-lite-arm-2011.03/bin/../lib/gcc/arm-none-eabi/4.5.2\libgcc.a(_divsi3.o)
                0x0c001b50                __divsi3
                0x0c001b50                __aeabi_idiv
                0x0c001c78                __aeabi_idivmod
 .text          0x0c001c98        0x4 c:/software/electronica/arm/eclipsearm/sourcery-g++-lite-arm-2011.03/bin/../lib/gcc/arm-none-eabi/4.5.2\libgcc.a(_dvmd_tls.o)
                0x0c001c98                __aeabi_idiv0
                0x0c001c98                __aeabi_ldiv0
 .text          0x0c001c9c       0x78 c:/software/electronica/arm/eclipsearm/sourcery-g++-lite-arm-2011.03/bin/../lib/gcc/arm-none-eabi/4.5.2/../../../../arm-none-eabi/lib\libc.a(lib_a-rand.o)
                0x0c001c9c                srand
                0x0c001cb8                rand
 .text          0x0c001d14        0x0 c:/software/electronica/arm/eclipsearm/sourcery-g++-lite-arm-2011.03/bin/../lib/gcc/arm-none-eabi/4.5.2/../../../../arm-none-eabi/lib\libc.a(lib_a-impure.o)
                0x0c001d14                Image_RO_Limit = .
                0x0c001d14                Image_RW_Base = .

.glue_7         0x0c001d14        0x0
 .glue_7        0x00000000        0x0 linker stubs

.glue_7t        0x0c001d14        0x0
 .glue_7t       0x00000000        0x0 linker stubs

.vfp11_veneer   0x0c001d14        0x0
 .vfp11_veneer  0x00000000        0x0 linker stubs

.v4_bx          0x0c001d14        0x0
 .v4_bx         0x00000000        0x0 linker stubs

.data           0x0c001d18      0x490
 *(.data)
 .data          0x0c001d18        0x6 ./commonEclipse/44binit.o
                0x0c001d18                BDRAMTYPE
 *fill*         0x0c001d1e        0x2 00
 .data          0x0c001d20        0xc ./commonEclipse/44blib.o
                0x0c001d20                mallocPt
                0x0c001d24                run
 .data          0x0c001d2c       0x40 ./8led.o
                0x0c001d2c                Symbol
 .data          0x0c001d6c        0x4 ./button.o
                0x0c001d6c                row
 .data          0x0c001d70        0x0 ./init.o
 .data          0x0c001d70        0x4 ./keyboard.o
                0x0c001d70                keyboard_base
 .data          0x0c001d74        0x0 ./led.o
 .data          0x0c001d74        0x0 ./main.o
 .data          0x0c001d74        0x0 ./timer.o
 .data          0x0c001d74        0x0 c:/software/electronica/arm/eclipsearm/sourcery-g++-lite-arm-2011.03/bin/../lib/gcc/arm-none-eabi/4.5.2\libgcc.a(_udivsi3.o)
 .data          0x0c001d74        0x0 c:/software/electronica/arm/eclipsearm/sourcery-g++-lite-arm-2011.03/bin/../lib/gcc/arm-none-eabi/4.5.2\libgcc.a(_divsi3.o)
 .data          0x0c001d74        0x0 c:/software/electronica/arm/eclipsearm/sourcery-g++-lite-arm-2011.03/bin/../lib/gcc/arm-none-eabi/4.5.2\libgcc.a(_dvmd_tls.o)
 .data          0x0c001d74        0x0 c:/software/electronica/arm/eclipsearm/sourcery-g++-lite-arm-2011.03/bin/../lib/gcc/arm-none-eabi/4.5.2/../../../../arm-none-eabi/lib\libc.a(lib_a-rand.o)
 *fill*         0x0c001d74        0x4 00
 .data          0x0c001d78      0x430 c:/software/electronica/arm/eclipsearm/sourcery-g++-lite-arm-2011.03/bin/../lib/gcc/arm-none-eabi/4.5.2/../../../../arm-none-eabi/lib\libc.a(lib_a-impure.o)
                0x0c001d78                _impure_ptr

.rodata         0x0c0021a8        0x4
 *(.rodata)
 .rodata        0x0c0021a8        0x4 c:/software/electronica/arm/eclipsearm/sourcery-g++-lite-arm-2011.03/bin/../lib/gcc/arm-none-eabi/4.5.2/../../../../arm-none-eabi/lib\libc.a(lib_a-impure.o)
                0x0c0021a8                _global_impure_ptr
                0x0c0021ac                Image_RW_Limit = .
                0x0c0021ac                Image_ZI_Base = .

.rodata.str1.4  0x0c0021ac        0x4
 .rodata.str1.4
                0x0c0021ac        0x4 c:/software/electronica/arm/eclipsearm/sourcery-g++-lite-arm-2011.03/bin/../lib/gcc/arm-none-eabi/4.5.2/../../../../arm-none-eabi/lib\libc.a(lib_a-impure.o)

.bss            0x0c0021b0       0x2c
 *(.bss)
 .bss           0x0c0021b0        0x0 ./commonEclipse/44binit.o
 .bss           0x0c0021b0        0x4 ./commonEclipse/44blib.o
                0x0c0021b0                restart
 .bss           0x0c0021b4        0x0 ./8led.o
 .bss           0x0c0021b4        0x4 ./button.o
                0x0c0021b4                symbol
 .bss           0x0c0021b8        0x0 ./init.o
 .bss           0x0c0021b8        0x0 ./keyboard.o
 .bss           0x0c0021b8        0x0 ./led.o
 .bss           0x0c0021b8        0x0 ./main.o
 .bss           0x0c0021b8        0x0 ./timer.o
 .bss           0x0c0021b8        0x0 c:/software/electronica/arm/eclipsearm/sourcery-g++-lite-arm-2011.03/bin/../lib/gcc/arm-none-eabi/4.5.2\libgcc.a(_udivsi3.o)
 .bss           0x0c0021b8        0x0 c:/software/electronica/arm/eclipsearm/sourcery-g++-lite-arm-2011.03/bin/../lib/gcc/arm-none-eabi/4.5.2\libgcc.a(_divsi3.o)
 .bss           0x0c0021b8        0x0 c:/software/electronica/arm/eclipsearm/sourcery-g++-lite-arm-2011.03/bin/../lib/gcc/arm-none-eabi/4.5.2\libgcc.a(_dvmd_tls.o)
 .bss           0x0c0021b8        0x0 c:/software/electronica/arm/eclipsearm/sourcery-g++-lite-arm-2011.03/bin/../lib/gcc/arm-none-eabi/4.5.2/../../../../arm-none-eabi/lib\libc.a(lib_a-rand.o)
 .bss           0x0c0021b8        0x0 c:/software/electronica/arm/eclipsearm/sourcery-g++-lite-arm-2011.03/bin/../lib/gcc/arm-none-eabi/4.5.2/../../../../arm-none-eabi/lib\libc.a(lib_a-impure.o)
 COMMON         0x0c0021b8        0x8 ./commonEclipse/44blib.o
                0x0c0021b8                fileSize
                0x0c0021bc                downPt
 COMMON         0x0c0021c0        0x4 ./keyboard.o
                0x0c0021c0                key
 COMMON         0x0c0021c4        0x4 ./led.o
                0x0c0021c4                led_state
 COMMON         0x0c0021c8       0x14 ./timer.o
                0x0c0021c8                cont
                0x0c0021cc                numbers
                0x0c0021dc                Image_ZI_Limit = .
                0x0c0021dc                __bss_start__ = .
                0x0c0021dc                __bss_end__ = .
                0x0c0021dc                __EH_FRAME_BEGIN__ = .
                0x0c0021dc                __EH_FRAME_END__ = .
                0x0c0021dc                PROVIDE (__stack, .)
                0x0c0021dc                end = .
                0x0c0021dc                _end = .

.ARM.attributes
                0x00000000       0x2e
 .ARM.attributes
                0x00000000       0x22 ./commonEclipse/44binit.o
 .ARM.attributes
                0x00000022       0x32 ./commonEclipse/44blib.o
 .ARM.attributes
                0x00000054       0x32 ./8led.o
 .ARM.attributes
                0x00000086       0x32 ./button.o
 .ARM.attributes
                0x000000b8       0x22 ./init.o
 .ARM.attributes
                0x000000da       0x32 ./keyboard.o
 .ARM.attributes
                0x0000010c       0x32 ./led.o
 .ARM.attributes
                0x0000013e       0x32 ./main.o
 .ARM.attributes
                0x00000170       0x32 ./timer.o
 .ARM.attributes
                0x000001a2       0x1a c:/software/electronica/arm/eclipsearm/sourcery-g++-lite-arm-2011.03/bin/../lib/gcc/arm-none-eabi/4.5.2\libgcc.a(_udivsi3.o)
 .ARM.attributes
                0x000001bc       0x1a c:/software/electronica/arm/eclipsearm/sourcery-g++-lite-arm-2011.03/bin/../lib/gcc/arm-none-eabi/4.5.2\libgcc.a(_divsi3.o)
 .ARM.attributes
                0x000001d6       0x18 c:/software/electronica/arm/eclipsearm/sourcery-g++-lite-arm-2011.03/bin/../lib/gcc/arm-none-eabi/4.5.2\libgcc.a(_dvmd_tls.o)
 .ARM.attributes
                0x000001ee       0x34 c:/software/electronica/arm/eclipsearm/sourcery-g++-lite-arm-2011.03/bin/../lib/gcc/arm-none-eabi/4.5.2/../../../../arm-none-eabi/lib\libc.a(lib_a-rand.o)
 .ARM.attributes
                0x00000222       0x34 c:/software/electronica/arm/eclipsearm/sourcery-g++-lite-arm-2011.03/bin/../lib/gcc/arm-none-eabi/4.5.2/../../../../arm-none-eabi/lib\libc.a(lib_a-impure.o)

.comment        0x00000000       0x2a
 .comment       0x00000000       0x2a ./commonEclipse/44blib.o
                                 0x2b (size before relaxing)
 .comment       0x00000000       0x2b ./8led.o
 .comment       0x00000000       0x2b ./button.o
 .comment       0x00000000       0x2b ./keyboard.o
 .comment       0x00000000       0x2b ./led.o
 .comment       0x00000000       0x2b ./main.o
 .comment       0x00000000       0x2b ./timer.o

.debug_info     0x00000000      0x9db
 *(.debug_info)
 .debug_info    0x00000000       0x71 ./commonEclipse/44binit.o
 .debug_info    0x00000071      0x229 ./commonEclipse/44blib.o
 .debug_info    0x0000029a       0xcc ./8led.o
 .debug_info    0x00000366       0xb8 ./button.o
 .debug_info    0x0000041e       0x60 ./init.o
 .debug_info    0x0000047e       0xea ./keyboard.o
 .debug_info    0x00000568      0x104 ./led.o
 .debug_info    0x0000066c       0xd5 ./main.o
 .debug_info    0x00000741      0x29a ./timer.o

.debug_line     0x00000000      0xf6c
 *(.debug_line)
 .debug_line    0x00000000      0x116 ./commonEclipse/44binit.o
 .debug_line    0x00000116      0x3d9 ./commonEclipse/44blib.o
 .debug_line    0x000004ef       0x95 ./8led.o
 .debug_line    0x00000584       0xbc ./button.o
 .debug_line    0x00000640       0x3d ./init.o
 .debug_line    0x0000067d       0xd4 ./keyboard.o
 .debug_line    0x00000751       0xae ./led.o
 .debug_line    0x000007ff      0x375 ./main.o
 .debug_line    0x00000b74      0x3f8 ./timer.o

.debug_abbrev   0x00000000      0x553
 *(.debug_abbrev)
 .debug_abbrev  0x00000000       0x14 ./commonEclipse/44binit.o
 .debug_abbrev  0x00000014      0x11f ./commonEclipse/44blib.o
 .debug_abbrev  0x00000133       0x9b ./8led.o
 .debug_abbrev  0x000001ce       0x91 ./button.o
 .debug_abbrev  0x0000025f       0x14 ./init.o
 .debug_abbrev  0x00000273       0xce ./keyboard.o
 .debug_abbrev  0x00000341       0x7c ./led.o
 .debug_abbrev  0x000003bd       0x6a ./main.o
 .debug_abbrev  0x00000427      0x12c ./timer.o

.debug_frame    0x00000000      0x514
 *(.debug_frame)
 .debug_frame   0x00000000       0xd0 ./commonEclipse/44blib.o
 .debug_frame   0x000000d0       0x70 ./8led.o
 .debug_frame   0x00000140       0x7c ./button.o
 .debug_frame   0x000001bc       0x7c ./keyboard.o
 .debug_frame   0x00000238      0x110 ./led.o
 .debug_frame   0x00000348       0x30 ./main.o
 .debug_frame   0x00000378      0x124 ./timer.o
 .debug_frame   0x0000049c       0x20 c:/software/electronica/arm/eclipsearm/sourcery-g++-lite-arm-2011.03/bin/../lib/gcc/arm-none-eabi/4.5.2\libgcc.a(_udivsi3.o)
 .debug_frame   0x000004bc       0x20 c:/software/electronica/arm/eclipsearm/sourcery-g++-lite-arm-2011.03/bin/../lib/gcc/arm-none-eabi/4.5.2\libgcc.a(_divsi3.o)
 .debug_frame   0x000004dc       0x38 c:/software/electronica/arm/eclipsearm/sourcery-g++-lite-arm-2011.03/bin/../lib/gcc/arm-none-eabi/4.5.2/../../../../arm-none-eabi/lib\libc.a(lib_a-rand.o)
OUTPUT(practica2.elf elf32-littlearm)

.debug_aranges  0x00000000      0x120
 .debug_aranges
                0x00000000       0x20 ./commonEclipse/44binit.o
 .debug_aranges
                0x00000020       0x20 ./commonEclipse/44blib.o
 .debug_aranges
                0x00000040       0x20 ./8led.o
 .debug_aranges
                0x00000060       0x20 ./button.o
 .debug_aranges
                0x00000080       0x20 ./init.o
 .debug_aranges
                0x000000a0       0x20 ./keyboard.o
 .debug_aranges
                0x000000c0       0x20 ./led.o
 .debug_aranges
                0x000000e0       0x20 ./main.o
 .debug_aranges
                0x00000100       0x20 ./timer.o

.debug_macinfo  0x00000000    0x2b70a
 .debug_macinfo
                0x00000000     0x82fb ./commonEclipse/44blib.o
 .debug_macinfo
                0x000082fb     0x5567 ./8led.o
 .debug_macinfo
                0x0000d862     0x5227 ./button.o
 .debug_macinfo
                0x00012a89     0x523c ./keyboard.o
 .debug_macinfo
                0x00017cc5     0x50a3 ./led.o
 .debug_macinfo
                0x0001cd68     0x7ad6 ./main.o
 .debug_macinfo
                0x0002483e     0x6ecc ./timer.o

.debug_loc      0x00000000      0x554
 .debug_loc     0x00000000      0x108 ./commonEclipse/44blib.o
 .debug_loc     0x00000108       0x84 ./8led.o
 .debug_loc     0x0000018c       0x84 ./button.o
 .debug_loc     0x00000210       0x84 ./keyboard.o
 .debug_loc     0x00000294      0x160 ./led.o
 .debug_loc     0x000003f4       0x2c ./main.o
 .debug_loc     0x00000420      0x134 ./timer.o

.debug_pubnames
                0x00000000      0x2db
 .debug_pubnames
                0x00000000       0x90 ./commonEclipse/44blib.o
 .debug_pubnames
                0x00000090       0x56 ./8led.o
 .debug_pubnames
                0x000000e6       0x59 ./button.o
 .debug_pubnames
                0x0000013f       0x5b ./keyboard.o
 .debug_pubnames
                0x0000019a       0x8b ./led.o
 .debug_pubnames
                0x00000225       0x1b ./main.o
 .debug_pubnames
                0x00000240       0x9b ./timer.o

.debug_pubtypes
                0x00000000       0x41
 .debug_pubtypes
                0x00000000       0x12 ./commonEclipse/44blib.o
 .debug_pubtypes
                0x00000012       0x12 ./main.o
 .debug_pubtypes
                0x00000024       0x1d ./timer.o

.debug_str      0x00000000      0x2eb
 .debug_str     0x00000000      0x12b ./commonEclipse/44blib.o
                                0x169 (size before relaxing)
 .debug_str     0x0000012b       0x44 ./8led.o
                                 0x88 (size before relaxing)
 .debug_str     0x0000016f       0x34 ./button.o
                                 0x72 (size before relaxing)
 .debug_str     0x000001a3       0x44 ./keyboard.o
                                 0x94 (size before relaxing)
 .debug_str     0x000001e7       0x68 ./led.o
                                 0x9f (size before relaxing)
 .debug_str     0x0000024f       0x1b ./main.o
                                0x102 (size before relaxing)
 .debug_str     0x0000026a       0x81 ./timer.o
                                0x16f (size before relaxing)
