   1              		.cpu arm7tdmi
   2              		.fpu softvfp
   3              		.eabi_attribute 20, 1
   4              		.eabi_attribute 21, 1
   5              		.eabi_attribute 23, 3
   6              		.eabi_attribute 24, 1
   7              		.eabi_attribute 25, 1
   8              		.eabi_attribute 26, 1
   9              		.eabi_attribute 30, 6
  10              		.eabi_attribute 18, 4
  11              		.file	"button.c"
  21              	.Ltext0:
  22              		.file 1 "../button.c"
 1952              		.align	2
 1955              	symbol:
 1956 0000 00000000 		.space	4
 1957              		.global	row
 1958              		.data
 1959              		.align	2
 1962              	row:
 1963 0000 01000000 		.word	1
 1964              		.text
 1965              		.align	2
 1966              		.global	esta_pulsado
 1968              	esta_pulsado:
 1969              	.LFB0:
   1:../button.c   **** /*--- ficheros de cabecera ---*/
   2:../button.c   **** #include "44blib.h"
   3:../button.c   **** #include "44b.h"
   4:../button.c   **** #include "def.h"
   5:../button.c   **** /*--- variables globales ---*/
   6:../button.c   **** int symbol = 0;
   7:../button.c   **** int row = 1;
   8:../button.c   **** /*--- funciones externas ---*/
   9:../button.c   **** //extern void D8Led_Symbol(int value);
  10:../button.c   **** /*--- declaracion de funciones ---*/
  11:../button.c   **** void Eint4567_ISR(void) __attribute__ ((interrupt ("IRQ")));
  12:../button.c   **** void Eint4567_init(void);
  13:../button.c   **** extern void leds_switch ();
  14:../button.c   **** extern void D8Led_symbol(int value);
  15:../button.c   **** 
  16:../button.c   **** /*--- codigo de funciones ---*/
  17:../button.c   **** 
  18:../button.c   **** int esta_pulsado(void)
  19:../button.c   **** {
 1970              		.loc 1 19 0
 1971              		.cfi_startproc
 1972              		@ Function supports interworking.
 1973              		@ args = 0, pretend = 0, frame = 8
 1974              		@ frame_needed = 1, uses_anonymous_args = 0
 1975 0000 0DC0A0E1 		mov	ip, sp
 1976              	.LCFI0:
 1977              		.cfi_def_cfa_register 12
 1978 0004 00D82DE9 		stmfd	sp!, {fp, ip, lr, pc}
 1979 0008 04B04CE2 		sub	fp, ip, #4
 1980              		.cfi_offset 14, -8
 1981              		.cfi_offset 13, -12
 1982              		.cfi_offset 11, -16
 1983              	.LCFI1:
 1984              		.cfi_def_cfa 11, 4
 1985 000c 08D04DE2 		sub	sp, sp, #8
  20:../button.c   **** 	int aux = rPDATG & (0x3<<6);
 1986              		.loc 1 20 0
 1987 0010 30309FE5 		ldr	r3, .L4
 1988 0014 003093E5 		ldr	r3, [r3, #0]
 1989 0018 C03003E2 		and	r3, r3, #192
 1990 001c 10300BE5 		str	r3, [fp, #-16]
  21:../button.c   **** 	if (aux != 0xC0)
 1991              		.loc 1 21 0
 1992 0020 10301BE5 		ldr	r3, [fp, #-16]
 1993 0024 C00053E3 		cmp	r3, #192
 1994 0028 0100000A 		beq	.L2
  22:../button.c   **** 		return 1;
 1995              		.loc 1 22 0
 1996 002c 0130A0E3 		mov	r3, #1
 1997 0030 000000EA 		b	.L3
 1998              	.L2:
  23:../button.c   **** 	else return 0;
 1999              		.loc 1 23 0
 2000 0034 0030A0E3 		mov	r3, #0
 2001              	.L3:
  24:../button.c   **** }
 2002              		.loc 1 24 0
 2003 0038 0300A0E1 		mov	r0, r3
 2004 003c 0CD04BE2 		sub	sp, fp, #12
 2005 0040 00689DE8 		ldmfd	sp, {fp, sp, lr}
 2006 0044 1EFF2FE1 		bx	lr
 2007              	.L5:
 2008              		.align	2
 2009              	.L4:
 2010 0048 4400D201 		.word	30539844
 2011              		.cfi_endproc
 2012              	.LFE0:
 2014              		.align	2
 2015              		.global	Eint4567_init
 2017              	Eint4567_init:
 2018              	.LFB1:
  25:../button.c   **** 
  26:../button.c   **** void Eint4567_init(void)
  27:../button.c   **** {
 2019              		.loc 1 27 0
 2020              		.cfi_startproc
 2021              		@ Function supports interworking.
 2022              		@ args = 0, pretend = 0, frame = 0
 2023              		@ frame_needed = 1, uses_anonymous_args = 0
 2024 004c 0DC0A0E1 		mov	ip, sp
 2025              	.LCFI2:
 2026              		.cfi_def_cfa_register 12
 2027 0050 00D82DE9 		stmfd	sp!, {fp, ip, lr, pc}
 2028 0054 04B04CE2 		sub	fp, ip, #4
 2029              		.cfi_offset 14, -8
 2030              		.cfi_offset 13, -12
 2031              		.cfi_offset 11, -16
 2032              	.LCFI3:
 2033              		.cfi_def_cfa 11, 4
  28:../button.c   **** /* Configuracion del controlador de interrupciones */
  29:../button.c   **** 	// Borra EXTINTPND escribiendo 1s en el propio registro
  30:../button.c   **** 	rEXTINTPND = 0xf;
 2034              		.loc 1 30 0
 2035 0058 88309FE5 		ldr	r3, .L7
 2036 005c 0F20A0E3 		mov	r2, #15
 2037 0060 002083E5 		str	r2, [r3, #0]
  31:../button.c   **** 	// Borra INTPND escribiendo 1s en I_ISPC
  32:../button.c   **** 	rI_ISPC = 0x3ffffff;
 2038              		.loc 1 32 0
 2039 0064 80309FE5 		ldr	r3, .L7+4
 2040 0068 3F23E0E3 		mvn	r2, #-67108864
 2041 006c 002083E5 		str	r2, [r3, #0]
  33:../button.c   **** 	// Configura las lineas como de tipo IRQ mediante INTMOD
  34:../button.c   **** 	rINTMOD = 0x0; 
 2042              		.loc 1 34 0
 2043 0070 78309FE5 		ldr	r3, .L7+8
 2044 0074 0020A0E3 		mov	r2, #0
 2045 0078 002083E5 		str	r2, [r3, #0]
  35:../button.c   **** 	// Habilita int. vectorizadas y la linea IRQ (FIQ no) mediante INTCON
  36:../button.c   **** 	rINTCON = 0x1;
 2046              		.loc 1 36 0
 2047 007c 1E36A0E3 		mov	r3, #31457280
 2048 0080 0120A0E3 		mov	r2, #1
 2049 0084 002083E5 		str	r2, [r3, #0]
  37:../button.c   **** 	// Enmascara todas las lineas excepto Eint4567 y el bit global (INTMSK)
  38:../button.c   **** 	rINTMSK = ~(BIT_EINT4567 | BIT_GLOBAL);
 2050              		.loc 1 38 0
 2051 0088 64309FE5 		ldr	r3, .L7+12
 2052 008c 4226E0E3 		mvn	r2, #69206016
 2053 0090 002083E5 		str	r2, [r3, #0]
  39:../button.c   **** 	// Establecer la rutina de servicio para Eint4567
  40:../button.c   **** 	pISR_EINT4567 = (unsigned)Eint4567_ISR;
 2054              		.loc 1 40 0
 2055 0094 5C309FE5 		ldr	r3, .L7+16
 2056 0098 5C209FE5 		ldr	r2, .L7+20
 2057 009c 002083E5 		str	r2, [r3, #0]
  41:../button.c   **** /* Configuracion del puerto G */
  42:../button.c   **** 	// Establece la funcion de los pines (EINT7-EINT0)
  43:../button.c   **** 	rPCONG = 0xf000;
 2058              		.loc 1 43 0
 2059 00a0 58309FE5 		ldr	r3, .L7+24
 2060 00a4 0F2AA0E3 		mov	r2, #61440
 2061 00a8 002083E5 		str	r2, [r3, #0]
  44:../button.c   **** 
  45:../button.c   **** 	//Habilita las resistencias de pull-up
  46:../button.c   **** 	rPUPG = 0x0;
 2062              		.loc 1 46 0
 2063 00ac 50309FE5 		ldr	r3, .L7+28
 2064 00b0 0020A0E3 		mov	r2, #0
 2065 00b4 002083E5 		str	r2, [r3, #0]
  47:../button.c   **** 	// Configura las lineas de int. como de flanco de bajada mediante EXTINT
  48:../button.c   **** 	rEXTINT = 0x22222222;
 2066              		.loc 1 48 0
 2067 00b8 48309FE5 		ldr	r3, .L7+32
 2068 00bc 48209FE5 		ldr	r2, .L7+36
 2069 00c0 002083E5 		str	r2, [r3, #0]
  49:../button.c   **** 	/* Por precaucion, se vuelven a borrar los bits de INTPND y EXTINTPND */
  50:../button.c   **** 	rEXTINTPND = 0xf;
 2070              		.loc 1 50 0
 2071 00c4 1C309FE5 		ldr	r3, .L7
 2072 00c8 0F20A0E3 		mov	r2, #15
 2073 00cc 002083E5 		str	r2, [r3, #0]
  51:../button.c   **** 	rI_ISPC = 0x3ffffff;
 2074              		.loc 1 51 0
 2075 00d0 14309FE5 		ldr	r3, .L7+4
 2076 00d4 3F23E0E3 		mvn	r2, #-67108864
 2077 00d8 002083E5 		str	r2, [r3, #0]
  52:../button.c   **** }
 2078              		.loc 1 52 0
 2079 00dc 0CD04BE2 		sub	sp, fp, #12
 2080 00e0 00689DE8 		ldmfd	sp, {fp, sp, lr}
 2081 00e4 1EFF2FE1 		bx	lr
 2082              	.L8:
 2083              		.align	2
 2084              	.L7:
 2085 00e8 5400D201 		.word	30539860
 2086 00ec 2400E001 		.word	31457316
 2087 00f0 0800E001 		.word	31457288
 2088 00f4 0C00E001 		.word	31457292
 2089 00f8 74FF7F0C 		.word	209715060
 2090 00fc 00000000 		.word	Eint4567_ISR
 2091 0100 4000D201 		.word	30539840
 2092 0104 4800D201 		.word	30539848
 2093 0108 5000D201 		.word	30539856
 2094 010c 22222222 		.word	572662306
 2095              		.cfi_endproc
 2096              	.LFE1:
 2098              		.align	2
 2099              		.global	Eint4567_ISR
 2101              	Eint4567_ISR:
 2102              	.LFB2:
  53:../button.c   **** 
  54:../button.c   **** void Eint4567_ISR(void)
  55:../button.c   **** {
 2103              		.loc 1 55 0
 2104              		.cfi_startproc
 2105              		@ Interrupt Service Routine.
 2106              		@ args = 0, pretend = 0, frame = 0
 2107              		@ frame_needed = 1, uses_anonymous_args = 0
 2108 0110 04C02DE5 		str	ip, [sp, #-4]!
 2109 0114 0DC0A0E1 		mov	ip, sp
 2110              	.LCFI4:
 2111              		.cfi_def_cfa_register 12
 2112 0118 0FD82DE9 		stmfd	sp!, {r0, r1, r2, r3, fp, ip, lr, pc}
 2113 011c 04B04CE2 		sub	fp, ip, #4
 2114              		.cfi_offset 14, -8
 2115              		.cfi_offset 13, -12
 2116              		.cfi_offset 11, -16
 2117              		.cfi_offset 3, -20
 2118              		.cfi_offset 2, -24
 2119              		.cfi_offset 1, -28
 2120              		.cfi_offset 0, -32
 2121              	.LCFI5:
 2122              		.cfi_def_cfa 11, 4
  56:../button.c   **** 	//Detectamos que boton se ha pulsado
  57:../button.c   **** 	if ((rPDATG & (0x1<<6)) == 0)
 2123              		.loc 1 57 0
 2124 0120 6C309FE5 		ldr	r3, .L13
 2125 0124 003093E5 		ldr	r3, [r3, #0]
 2126 0128 403003E2 		and	r3, r3, #64
 2127 012c 000053E3 		cmp	r3, #0
 2128 0130 0300001A 		bne	.L10
  58:../button.c   **** 	    row = 1;
 2129              		.loc 1 58 0
 2130 0134 5C309FE5 		ldr	r3, .L13+4
 2131 0138 0120A0E3 		mov	r2, #1
 2132 013c 002083E5 		str	r2, [r3, #0]
  59:../button.c   **** 	else
  60:../button.c   **** 	    row = 0;
  61:../button.c   **** 
  62:../button.c   **** 	while (esta_pulsado());
 2133              		.loc 1 62 0
 2134 0140 030000EA 		b	.L12
 2135              	.L10:
  60:../button.c   **** 	    row = 0;
 2136              		.loc 1 60 0
 2137 0144 4C309FE5 		ldr	r3, .L13+4
 2138 0148 0020A0E3 		mov	r2, #0
 2139 014c 002083E5 		str	r2, [r3, #0]
 2140              		.loc 1 62 0
 2141 0150 0000A0E1 		mov	r0, r0	@ nop
 2142              	.L12:
 2143              		.loc 1 62 0 is_stmt 0 discriminator 1
 2144 0154 FEFFFFEB 		bl	esta_pulsado
 2145 0158 0030A0E1 		mov	r3, r0
 2146 015c 000053E3 		cmp	r3, #0
 2147 0160 FBFFFF1A 		bne	.L12
  63:../button.c   **** 
  64:../button.c   **** 	//Delay para eliminar rebotes
  65:../button.c   **** 	DelayMs(100);
 2148              		.loc 1 65 0 is_stmt 1
 2149 0164 6400A0E3 		mov	r0, #100
 2150 0168 FEFFFFEB 		bl	DelayMs
  66:../button.c   **** 	
  67:../button.c   **** 	//Atendemos interrupciones
  68:../button.c   **** 	//Borramos EXTINTPND ambas líneas EINT7 y EINT6
  69:../button.c   **** 	rEXTINTPND = 0xC;
 2151              		.loc 1 69 0
 2152 016c 28309FE5 		ldr	r3, .L13+8
 2153 0170 0C20A0E3 		mov	r2, #12
 2154 0174 002083E5 		str	r2, [r3, #0]
  70:../button.c   **** 	//Borramos INTPND usando ISPC
  71:../button.c   **** 	rI_ISPC = BIT_EINT4567;
 2155              		.loc 1 71 0
 2156 0178 20309FE5 		ldr	r3, .L13+12
 2157 017c 0226A0E3 		mov	r2, #2097152
 2158 0180 002083E5 		str	r2, [r3, #0]
  72:../button.c   **** }
 2159              		.loc 1 72 0
 2160 0184 1CD04BE2 		sub	sp, fp, #28
 2161 0188 0F689DE8 		ldmfd	sp, {r0, r1, r2, r3, fp, sp, lr}
 2162 018c 04C09DE4 		ldmfd	sp!, {ip}
 2163 0190 04F05EE2 		subs	pc, lr, #4
 2164              	.L14:
 2165              		.align	2
 2166              	.L13:
 2167 0194 4400D201 		.word	30539844
 2168 0198 00000000 		.word	row
 2169 019c 5400D201 		.word	30539860
 2170 01a0 2400E001 		.word	31457316
 2171              		.cfi_endproc
 2172              	.LFE2:
 2174              	.Letext0:
DEFINED SYMBOLS
                            *ABS*:00000000 button.c
C:\Users\USUARI~1\AppData\Local\Temp\cc8VxtQ3.s:1955   .bss:00000000 symbol
C:\Users\USUARI~1\AppData\Local\Temp\cc8VxtQ3.s:1952   .bss:00000000 $d
C:\Users\USUARI~1\AppData\Local\Temp\cc8VxtQ3.s:1962   .data:00000000 row
C:\Users\USUARI~1\AppData\Local\Temp\cc8VxtQ3.s:1959   .data:00000000 $d
C:\Users\USUARI~1\AppData\Local\Temp\cc8VxtQ3.s:1965   .text:00000000 $a
C:\Users\USUARI~1\AppData\Local\Temp\cc8VxtQ3.s:1968   .text:00000000 esta_pulsado
C:\Users\USUARI~1\AppData\Local\Temp\cc8VxtQ3.s:2010   .text:00000048 $d
C:\Users\USUARI~1\AppData\Local\Temp\cc8VxtQ3.s:2014   .text:0000004c $a
C:\Users\USUARI~1\AppData\Local\Temp\cc8VxtQ3.s:2017   .text:0000004c Eint4567_init
C:\Users\USUARI~1\AppData\Local\Temp\cc8VxtQ3.s:2085   .text:000000e8 $d
C:\Users\USUARI~1\AppData\Local\Temp\cc8VxtQ3.s:2101   .text:00000110 Eint4567_ISR
C:\Users\USUARI~1\AppData\Local\Temp\cc8VxtQ3.s:2098   .text:00000110 $a
C:\Users\USUARI~1\AppData\Local\Temp\cc8VxtQ3.s:2167   .text:00000194 $d
                     .debug_frame:00000010 $d

UNDEFINED SYMBOLS
DelayMs
