Archive member included because of file (symbol)

c:/software/electronica/arm/eclipsearm/sourcery-g++-lite-arm-2011.03/bin/../lib/gcc/arm-none-eabi/4.5.2\libgcc.a(_udivsi3.o)
                              ./timer.o (__aeabi_uidiv)
c:/software/electronica/arm/eclipsearm/sourcery-g++-lite-arm-2011.03/bin/../lib/gcc/arm-none-eabi/4.5.2\libgcc.a(_divsi3.o)
                              ./commonEclipse/44blib.o (__aeabi_idiv)
c:/software/electronica/arm/eclipsearm/sourcery-g++-lite-arm-2011.03/bin/../lib/gcc/arm-none-eabi/4.5.2\libgcc.a(_dvmd_tls.o)
                              c:/software/electronica/arm/eclipsearm/sourcery-g++-lite-arm-2011.03/bin/../lib/gcc/arm-none-eabi/4.5.2\libgcc.a(_udivsi3.o) (__aeabi_idiv0)
c:/software/electronica/arm/eclipsearm/sourcery-g++-lite-arm-2011.03/bin/../lib/gcc/arm-none-eabi/4.5.2/../../../../arm-none-eabi/lib\libc.a(lib_a-rand.o)
                              ./timer.o (rand)
c:/software/electronica/arm/eclipsearm/sourcery-g++-lite-arm-2011.03/bin/../lib/gcc/arm-none-eabi/4.5.2/../../../../arm-none-eabi/lib\libc.a(lib_a-impure.o)
                              c:/software/electronica/arm/eclipsearm/sourcery-g++-lite-arm-2011.03/bin/../lib/gcc/arm-none-eabi/4.5.2/../../../../arm-none-eabi/lib\libc.a(lib_a-rand.o) (_impure_ptr)

Allocating common symbols
Common symbol       size              file

led_state           0x4               ./led.o
fileSize            0x4               ./commonEclipse/44blib.o
numeros             0x10              ./timer.o
cont                0x4               ./timer.o
key                 0x4               ./keyboard.o
downPt              0x4               ./commonEclipse/44blib.o

Memory Configuration

Name             Origin             Length             Attributes
*default*        0x00000000         0xffffffff

Linker script and memory map

LOAD ./commonEclipse/44binit.o
LOAD ./commonEclipse/44blib.o
LOAD ./8led.o
LOAD ./button.o
LOAD ./init.o
LOAD ./keyboard.o
LOAD ./led.o
LOAD ./main.o
LOAD ./timer.o
START GROUP
LOAD c:/software/electronica/arm/eclipsearm/sourcery-g++-lite-arm-2011.03/bin/../lib/gcc/arm-none-eabi/4.5.2\libgcc.a
LOAD c:/software/electronica/arm/eclipsearm/sourcery-g++-lite-arm-2011.03/bin/../lib/gcc/arm-none-eabi/4.5.2/../../../../arm-none-eabi/lib\libc.a
END GROUP
                0x0c000000                . = 0xc000000
                0x0c000000                Image_RO_Base = .

.text           0x0c000000     0x1dc4
 *(.text)
 .text          0x0c000000      0x70c ./commonEclipse/44binit.o
 .text          0x0c00070c      0x45c ./commonEclipse/44blib.o
                0x0c00070c                Delay
                0x0c000844                DelayMs
                0x0c0008a8                Port_Init
                0x0c000a38                malloc
                0x0c000ad8                free
                0x0c000b08                sys_init
 .text          0x0c000b68       0xb0 ./8led.o
                0x0c000b68                D8Led_init
                0x0c000b8c                D8Led_symbol
                0x0c000bc8                D8Led_symbol_acierto
 .text          0x0c000c18      0x1bc ./button.o
                0x0c000c18                esta_pulsado
                0x0c000c64                Eint4567_init
                0x0c000d40                Eint4567_ISR
 .text          0x0c000dd4       0x1c ./init.o
                0x0c000dd4                start
 .text          0x0c000df0      0x3ac ./keyboard.o
                0x0c000df0                keyboard_init
                0x0c000ea8                KeyboardInt
                0x0c000f6c                key_read
 .text          0x0c00119c      0x230 ./led.o
                0x0c00119c                leds_on
                0x0c0011bc                leds_off
                0x0c0011dc                led1_on
                0x0c00121c                led1_off
                0x0c00125c                led2_on
                0x0c00129c                led2_off
                0x0c0012dc                leds_switch
                0x0c00131c                Led_Display
 .text          0x0c0013cc       0x40 ./main.o
                0x0c0013cc                Main
 .text          0x0c00140c      0x6e0 ./timer.o
                0x0c00140c                shuffle
                0x0c001510                generar_numeros_aleatorios
                0x0c001614                timer0_init
                0x0c00173c                timer0_ISR
                0x0c0017d8                timer2_init
                0x0c0018cc                timer2_ISR
                0x0c001934                timer4_init
                0x0c001a24                timer4_ISR
 .text          0x0c001aec      0x114 c:/software/electronica/arm/eclipsearm/sourcery-g++-lite-arm-2011.03/bin/../lib/gcc/arm-none-eabi/4.5.2\libgcc.a(_udivsi3.o)
                0x0c001aec                __aeabi_uidiv
                0x0c001aec                __udivsi3
                0x0c001be0                __aeabi_uidivmod
 .text          0x0c001c00      0x148 c:/software/electronica/arm/eclipsearm/sourcery-g++-lite-arm-2011.03/bin/../lib/gcc/arm-none-eabi/4.5.2\libgcc.a(_divsi3.o)
                0x0c001c00                __divsi3
                0x0c001c00                __aeabi_idiv
                0x0c001d28                __aeabi_idivmod
 .text          0x0c001d48        0x4 c:/software/electronica/arm/eclipsearm/sourcery-g++-lite-arm-2011.03/bin/../lib/gcc/arm-none-eabi/4.5.2\libgcc.a(_dvmd_tls.o)
                0x0c001d48                __aeabi_idiv0
                0x0c001d48                __aeabi_ldiv0
 .text          0x0c001d4c       0x78 c:/software/electronica/arm/eclipsearm/sourcery-g++-lite-arm-2011.03/bin/../lib/gcc/arm-none-eabi/4.5.2/../../../../arm-none-eabi/lib\libc.a(lib_a-rand.o)
                0x0c001d4c                srand
                0x0c001d68                rand
 .text          0x0c001dc4        0x0 c:/software/electronica/arm/eclipsearm/sourcery-g++-lite-arm-2011.03/bin/../lib/gcc/arm-none-eabi/4.5.2/../../../../arm-none-eabi/lib\libc.a(lib_a-impure.o)
                0x0c001dc4                Image_RO_Limit = .
                0x0c001dc4                Image_RW_Base = .

.glue_7         0x0c001dc4        0x0
 .glue_7        0x00000000        0x0 linker stubs

.glue_7t        0x0c001dc4        0x0
 .glue_7t       0x00000000        0x0 linker stubs

.vfp11_veneer   0x0c001dc4        0x0
 .vfp11_veneer  0x00000000        0x0 linker stubs

.v4_bx          0x0c001dc4        0x0
 .v4_bx         0x00000000        0x0 linker stubs

.data           0x0c001dc8      0x490
 *(.data)
 .data          0x0c001dc8        0x6 ./commonEclipse/44binit.o
                0x0c001dc8                BDRAMTYPE
 *fill*         0x0c001dce        0x2 00
 .data          0x0c001dd0        0xc ./commonEclipse/44blib.o
                0x0c001dd0                mallocPt
                0x0c001dd4                run
 .data          0x0c001ddc       0x40 ./8led.o
                0x0c001ddc                Symbol
 .data          0x0c001e1c        0x4 ./button.o
                0x0c001e1c                fila
 .data          0x0c001e20        0x0 ./init.o
 .data          0x0c001e20        0x4 ./keyboard.o
                0x0c001e20                keyboard_base
 .data          0x0c001e24        0x0 ./led.o
 .data          0x0c001e24        0x0 ./main.o
 .data          0x0c001e24        0x0 ./timer.o
 .data          0x0c001e24        0x0 c:/software/electronica/arm/eclipsearm/sourcery-g++-lite-arm-2011.03/bin/../lib/gcc/arm-none-eabi/4.5.2\libgcc.a(_udivsi3.o)
 .data          0x0c001e24        0x0 c:/software/electronica/arm/eclipsearm/sourcery-g++-lite-arm-2011.03/bin/../lib/gcc/arm-none-eabi/4.5.2\libgcc.a(_divsi3.o)
 .data          0x0c001e24        0x0 c:/software/electronica/arm/eclipsearm/sourcery-g++-lite-arm-2011.03/bin/../lib/gcc/arm-none-eabi/4.5.2\libgcc.a(_dvmd_tls.o)
 .data          0x0c001e24        0x0 c:/software/electronica/arm/eclipsearm/sourcery-g++-lite-arm-2011.03/bin/../lib/gcc/arm-none-eabi/4.5.2/../../../../arm-none-eabi/lib\libc.a(lib_a-rand.o)
 *fill*         0x0c001e24        0x4 00
 .data          0x0c001e28      0x430 c:/software/electronica/arm/eclipsearm/sourcery-g++-lite-arm-2011.03/bin/../lib/gcc/arm-none-eabi/4.5.2/../../../../arm-none-eabi/lib\libc.a(lib_a-impure.o)
                0x0c001e28                _impure_ptr

.rodata         0x0c002258        0x4
 *(.rodata)
 .rodata        0x0c002258        0x4 c:/software/electronica/arm/eclipsearm/sourcery-g++-lite-arm-2011.03/bin/../lib/gcc/arm-none-eabi/4.5.2/../../../../arm-none-eabi/lib\libc.a(lib_a-impure.o)
                0x0c002258                _global_impure_ptr
                0x0c00225c                Image_RW_Limit = .
                0x0c00225c                Image_ZI_Base = .

.rodata.str1.4  0x0c00225c        0x4
 .rodata.str1.4
                0x0c00225c        0x4 c:/software/electronica/arm/eclipsearm/sourcery-g++-lite-arm-2011.03/bin/../lib/gcc/arm-none-eabi/4.5.2/../../../../arm-none-eabi/lib\libc.a(lib_a-impure.o)

.bss            0x0c002260       0x2c
 *(.bss)
 .bss           0x0c002260        0x0 ./commonEclipse/44binit.o
 .bss           0x0c002260        0x4 ./commonEclipse/44blib.o
                0x0c002260                restart
 .bss           0x0c002264        0x0 ./8led.o
 .bss           0x0c002264        0x4 ./button.o
                0x0c002264                symbol
 .bss           0x0c002268        0x0 ./init.o
 .bss           0x0c002268        0x0 ./keyboard.o
 .bss           0x0c002268        0x0 ./led.o
 .bss           0x0c002268        0x0 ./main.o
 .bss           0x0c002268        0x0 ./timer.o
 .bss           0x0c002268        0x0 c:/software/electronica/arm/eclipsearm/sourcery-g++-lite-arm-2011.03/bin/../lib/gcc/arm-none-eabi/4.5.2\libgcc.a(_udivsi3.o)
 .bss           0x0c002268        0x0 c:/software/electronica/arm/eclipsearm/sourcery-g++-lite-arm-2011.03/bin/../lib/gcc/arm-none-eabi/4.5.2\libgcc.a(_divsi3.o)
 .bss           0x0c002268        0x0 c:/software/electronica/arm/eclipsearm/sourcery-g++-lite-arm-2011.03/bin/../lib/gcc/arm-none-eabi/4.5.2\libgcc.a(_dvmd_tls.o)
 .bss           0x0c002268        0x0 c:/software/electronica/arm/eclipsearm/sourcery-g++-lite-arm-2011.03/bin/../lib/gcc/arm-none-eabi/4.5.2/../../../../arm-none-eabi/lib\libc.a(lib_a-rand.o)
 .bss           0x0c002268        0x0 c:/software/electronica/arm/eclipsearm/sourcery-g++-lite-arm-2011.03/bin/../lib/gcc/arm-none-eabi/4.5.2/../../../../arm-none-eabi/lib\libc.a(lib_a-impure.o)
 COMMON         0x0c002268        0x8 ./commonEclipse/44blib.o
                0x0c002268                fileSize
                0x0c00226c                downPt
 COMMON         0x0c002270        0x4 ./keyboard.o
                0x0c002270                key
 COMMON         0x0c002274        0x4 ./led.o
                0x0c002274                led_state
 COMMON         0x0c002278       0x14 ./timer.o
                0x0c002278                numeros
                0x0c002288                cont
                0x0c00228c                Image_ZI_Limit = .
                0x0c00228c                __bss_start__ = .
                0x0c00228c                __bss_end__ = .
                0x0c00228c                __EH_FRAME_BEGIN__ = .
                0x0c00228c                __EH_FRAME_END__ = .
                0x0c00228c                PROVIDE (__stack, .)
                0x0c00228c                end = .
                0x0c00228c                _end = .

.ARM.attributes
                0x00000000       0x2e
 .ARM.attributes
                0x00000000       0x22 ./commonEclipse/44binit.o
 .ARM.attributes
                0x00000022       0x32 ./commonEclipse/44blib.o
 .ARM.attributes
                0x00000054       0x32 ./8led.o
 .ARM.attributes
                0x00000086       0x32 ./button.o
 .ARM.attributes
                0x000000b8       0x22 ./init.o
 .ARM.attributes
                0x000000da       0x32 ./keyboard.o
 .ARM.attributes
                0x0000010c       0x32 ./led.o
 .ARM.attributes
                0x0000013e       0x32 ./main.o
 .ARM.attributes
                0x00000170       0x32 ./timer.o
 .ARM.attributes
                0x000001a2       0x1a c:/software/electronica/arm/eclipsearm/sourcery-g++-lite-arm-2011.03/bin/../lib/gcc/arm-none-eabi/4.5.2\libgcc.a(_udivsi3.o)
 .ARM.attributes
                0x000001bc       0x1a c:/software/electronica/arm/eclipsearm/sourcery-g++-lite-arm-2011.03/bin/../lib/gcc/arm-none-eabi/4.5.2\libgcc.a(_divsi3.o)
 .ARM.attributes
                0x000001d6       0x18 c:/software/electronica/arm/eclipsearm/sourcery-g++-lite-arm-2011.03/bin/../lib/gcc/arm-none-eabi/4.5.2\libgcc.a(_dvmd_tls.o)
 .ARM.attributes
                0x000001ee       0x34 c:/software/electronica/arm/eclipsearm/sourcery-g++-lite-arm-2011.03/bin/../lib/gcc/arm-none-eabi/4.5.2/../../../../arm-none-eabi/lib\libc.a(lib_a-rand.o)
 .ARM.attributes
                0x00000222       0x34 c:/software/electronica/arm/eclipsearm/sourcery-g++-lite-arm-2011.03/bin/../lib/gcc/arm-none-eabi/4.5.2/../../../../arm-none-eabi/lib\libc.a(lib_a-impure.o)

.comment        0x00000000       0x2a
 .comment       0x00000000       0x2a ./commonEclipse/44blib.o
                                 0x2b (size before relaxing)
 .comment       0x00000000       0x2b ./8led.o
 .comment       0x00000000       0x2b ./button.o
 .comment       0x00000000       0x2b ./keyboard.o
 .comment       0x00000000       0x2b ./led.o
 .comment       0x00000000       0x2b ./main.o
 .comment       0x00000000       0x2b ./timer.o

.debug_info     0x00000000      0x9c9
 *(.debug_info)
 .debug_info    0x00000000       0x9d ./commonEclipse/44binit.o
 .debug_info    0x0000009d      0x229 ./commonEclipse/44blib.o
 .debug_info    0x000002c6       0xc8 ./8led.o
 .debug_info    0x0000038e       0xb4 ./button.o
 .debug_info    0x00000442       0x60 ./init.o
 .debug_info    0x000004a2      0x117 ./keyboard.o
 .debug_info    0x000005b9      0x100 ./led.o
 .debug_info    0x000006b9       0xe0 ./main.o
 .debug_info    0x00000799      0x230 ./timer.o

.debug_line     0x00000000     0x10cf
 *(.debug_line)
 .debug_line    0x00000000      0x142 ./commonEclipse/44binit.o
 .debug_line    0x00000142      0x405 ./commonEclipse/44blib.o
 .debug_line    0x00000547       0xc2 ./8led.o
 .debug_line    0x00000609       0xe9 ./button.o
 .debug_line    0x000006f2       0x3d ./init.o
 .debug_line    0x0000072f      0x104 ./keyboard.o
 .debug_line    0x00000833       0xda ./led.o
 .debug_line    0x0000090d      0x3a3 ./main.o
 .debug_line    0x00000cb0      0x41f ./timer.o

.debug_abbrev   0x00000000      0x523
 *(.debug_abbrev)
 .debug_abbrev  0x00000000       0x14 ./commonEclipse/44binit.o
 .debug_abbrev  0x00000014      0x11f ./commonEclipse/44blib.o
 .debug_abbrev  0x00000133       0x99 ./8led.o
 .debug_abbrev  0x000001cc       0x7e ./button.o
 .debug_abbrev  0x0000024a       0x14 ./init.o
 .debug_abbrev  0x0000025e       0xde ./keyboard.o
 .debug_abbrev  0x0000033c       0x7a ./led.o
 .debug_abbrev  0x000003b6       0x7d ./main.o
 .debug_abbrev  0x00000433       0xf0 ./timer.o

.debug_frame    0x00000000      0x528
 *(.debug_frame)
 .debug_frame   0x00000000       0xd0 ./commonEclipse/44blib.o
 .debug_frame   0x000000d0       0x70 ./8led.o
 .debug_frame   0x00000140       0x7c ./button.o
 .debug_frame   0x000001bc       0x7c ./keyboard.o
 .debug_frame   0x00000238      0x110 ./led.o
 .debug_frame   0x00000348       0x30 ./main.o
 .debug_frame   0x00000378      0x138 ./timer.o
 .debug_frame   0x000004b0       0x20 c:/software/electronica/arm/eclipsearm/sourcery-g++-lite-arm-2011.03/bin/../lib/gcc/arm-none-eabi/4.5.2\libgcc.a(_udivsi3.o)
 .debug_frame   0x000004d0       0x20 c:/software/electronica/arm/eclipsearm/sourcery-g++-lite-arm-2011.03/bin/../lib/gcc/arm-none-eabi/4.5.2\libgcc.a(_divsi3.o)
 .debug_frame   0x000004f0       0x38 c:/software/electronica/arm/eclipsearm/sourcery-g++-lite-arm-2011.03/bin/../lib/gcc/arm-none-eabi/4.5.2/../../../../arm-none-eabi/lib\libc.a(lib_a-rand.o)
OUTPUT(practica2.elf elf32-littlearm)

.debug_aranges  0x00000000      0x120
 .debug_aranges
                0x00000000       0x20 ./commonEclipse/44binit.o
 .debug_aranges
                0x00000020       0x20 ./commonEclipse/44blib.o
 .debug_aranges
                0x00000040       0x20 ./8led.o
 .debug_aranges
                0x00000060       0x20 ./button.o
 .debug_aranges
                0x00000080       0x20 ./init.o
 .debug_aranges
                0x000000a0       0x20 ./keyboard.o
 .debug_aranges
                0x000000c0       0x20 ./led.o
 .debug_aranges
                0x000000e0       0x20 ./main.o
 .debug_aranges
                0x00000100       0x20 ./timer.o

.debug_macinfo  0x00000000    0x2b70a
 .debug_macinfo
                0x00000000     0x82fb ./commonEclipse/44blib.o
 .debug_macinfo
                0x000082fb     0x5567 ./8led.o
 .debug_macinfo
                0x0000d862     0x5227 ./button.o
 .debug_macinfo
                0x00012a89     0x523c ./keyboard.o
 .debug_macinfo
                0x00017cc5     0x50a3 ./led.o
 .debug_macinfo
                0x0001cd68     0x7ad6 ./main.o
 .debug_macinfo
                0x0002483e     0x6ecc ./timer.o

.debug_loc      0x00000000      0x580
 .debug_loc     0x00000000      0x108 ./commonEclipse/44blib.o
 .debug_loc     0x00000108       0x84 ./8led.o
 .debug_loc     0x0000018c       0x84 ./button.o
 .debug_loc     0x00000210       0x84 ./keyboard.o
 .debug_loc     0x00000294      0x160 ./led.o
 .debug_loc     0x000003f4       0x2c ./main.o
 .debug_loc     0x00000420      0x160 ./timer.o

.debug_pubnames
                0x00000000      0x2f0
 .debug_pubnames
                0x00000000       0x90 ./commonEclipse/44blib.o
 .debug_pubnames
                0x00000090       0x56 ./8led.o
 .debug_pubnames
                0x000000e6       0x5a ./button.o
 .debug_pubnames
                0x00000140       0x5b ./keyboard.o
 .debug_pubnames
                0x0000019b       0x8b ./led.o
 .debug_pubnames
                0x00000226       0x1b ./main.o
 .debug_pubnames
                0x00000241       0xaf ./timer.o

.debug_pubtypes
                0x00000000       0x41
 .debug_pubtypes
                0x00000000       0x12 ./commonEclipse/44blib.o
 .debug_pubtypes
                0x00000012       0x12 ./main.o
 .debug_pubtypes
                0x00000024       0x1d ./timer.o

.debug_str      0x00000000      0x434
 .debug_str     0x00000000      0x157 ./commonEclipse/44blib.o
                                0x195 (size before relaxing)
 .debug_str     0x00000157       0x70 ./8led.o
                                 0x89 (size before relaxing)
 .debug_str     0x000001c7       0x60 ./button.o
                                 0x78 (size before relaxing)
 .debug_str     0x00000227       0x78 ./keyboard.o
                                 0xaa (size before relaxing)
 .debug_str     0x0000029f       0x94 ./led.o
                                 0xa0 (size before relaxing)
 .debug_str     0x00000333       0x47 ./main.o
                                0x125 (size before relaxing)
 .debug_str     0x0000037a       0xba ./timer.o
                                0x168 (size before relaxing)
