   1              		.cpu arm7tdmi
   2              		.fpu softvfp
   3              		.eabi_attribute 20, 1
   4              		.eabi_attribute 21, 1
   5              		.eabi_attribute 23, 3
   6              		.eabi_attribute 24, 1
   7              		.eabi_attribute 25, 1
   8              		.eabi_attribute 26, 1
   9              		.eabi_attribute 30, 6
  10              		.eabi_attribute 18, 4
  11              		.file	"timer.c"
  21              	.Ltext0:
  22              		.file 1 "C:/Users/usuario_local/Downloads/SED/practica2/timer.c"
 2551              		.align	2
 2552              		.global	shuffle
 2554              	shuffle:
 2555              	.LFB0:
   1:C:/Users/usuario_local/Downloads/SED/practica2\timer.c **** /*--- ficheros de cabecera ---*/
   2:C:/Users/usuario_local/Downloads/SED/practica2\timer.c **** #include "44b.h"
   3:C:/Users/usuario_local/Downloads/SED/practica2\timer.c **** #include "44blib.h"
   4:C:/Users/usuario_local/Downloads/SED/practica2\timer.c **** #include <stdlib.h>
   5:C:/Users/usuario_local/Downloads/SED/practica2\timer.c **** 
   6:C:/Users/usuario_local/Downloads/SED/practica2\timer.c **** /* Variables globales */
   7:C:/Users/usuario_local/Downloads/SED/practica2\timer.c **** int cont;
   8:C:/Users/usuario_local/Downloads/SED/practica2\timer.c **** int numeros[4];
   9:C:/Users/usuario_local/Downloads/SED/practica2\timer.c **** /*--- funciones externas ---*/
  10:C:/Users/usuario_local/Downloads/SED/practica2\timer.c **** extern void D8Led_symbol(int value);
  11:C:/Users/usuario_local/Downloads/SED/practica2\timer.c **** extern int fila;
  12:C:/Users/usuario_local/Downloads/SED/practica2\timer.c **** extern void leds_switch();
  13:C:/Users/usuario_local/Downloads/SED/practica2\timer.c **** extern void led1_on(void);
  14:C:/Users/usuario_local/Downloads/SED/practica2\timer.c **** extern void led1_off(void);
  15:C:/Users/usuario_local/Downloads/SED/practica2\timer.c **** extern void led2_on(void);
  16:C:/Users/usuario_local/Downloads/SED/practica2\timer.c **** extern void led2_off(void);
  17:C:/Users/usuario_local/Downloads/SED/practica2\timer.c **** /*--- declaracion de funciones ---*/
  18:C:/Users/usuario_local/Downloads/SED/practica2\timer.c **** void timer0_ISR(void) __attribute__ ((interrupt ("IRQ")));
  19:C:/Users/usuario_local/Downloads/SED/practica2\timer.c **** void timer0_init(void);
  20:C:/Users/usuario_local/Downloads/SED/practica2\timer.c **** void timer2_ISR(void) __attribute__ ((interrupt ("IRQ")));
  21:C:/Users/usuario_local/Downloads/SED/practica2\timer.c **** void timer2_init(void);
  22:C:/Users/usuario_local/Downloads/SED/practica2\timer.c **** void timer4_ISR(void) __attribute__ ((interrupt ("IRQ")));
  23:C:/Users/usuario_local/Downloads/SED/practica2\timer.c **** void timer4_init(void);
  24:C:/Users/usuario_local/Downloads/SED/practica2\timer.c **** void shuffle(int *array, int n);
  25:C:/Users/usuario_local/Downloads/SED/practica2\timer.c **** void generar_numeros_aleatorios(void);
  26:C:/Users/usuario_local/Downloads/SED/practica2\timer.c **** /*--- codigo de las funciones ---*/
  27:C:/Users/usuario_local/Downloads/SED/practica2\timer.c **** 
  28:C:/Users/usuario_local/Downloads/SED/practica2\timer.c **** void shuffle(int *array, int n)
  29:C:/Users/usuario_local/Downloads/SED/practica2\timer.c **** {
 2556              		.loc 1 29 0
 2557              		.cfi_startproc
 2558              		@ Function supports interworking.
 2559              		@ args = 0, pretend = 0, frame = 24
 2560              		@ frame_needed = 1, uses_anonymous_args = 0
 2561 0000 0DC0A0E1 		mov	ip, sp
 2562              	.LCFI0:
 2563              		.cfi_def_cfa_register 12
 2564 0004 10D82DE9 		stmfd	sp!, {r4, fp, ip, lr, pc}
 2565 0008 04B04CE2 		sub	fp, ip, #4
 2566              		.cfi_offset 14, -8
 2567              		.cfi_offset 13, -12
 2568              		.cfi_offset 11, -16
 2569              		.cfi_offset 4, -20
 2570              	.LCFI1:
 2571              		.cfi_def_cfa 11, 4
 2572 000c 1CD04DE2 		sub	sp, sp, #28
 2573 0010 28000BE5 		str	r0, [fp, #-40]
 2574 0014 2C100BE5 		str	r1, [fp, #-44]
  30:C:/Users/usuario_local/Downloads/SED/practica2\timer.c ****     if (n > 1)
 2575              		.loc 1 30 0
 2576 0018 2C301BE5 		ldr	r3, [fp, #-44]
 2577 001c 010053E3 		cmp	r3, #1
 2578 0020 340000DA 		ble	.L1
 2579              	.LBB2:
  31:C:/Users/usuario_local/Downloads/SED/practica2\timer.c ****     {
  32:C:/Users/usuario_local/Downloads/SED/practica2\timer.c ****         size_t i;
  33:C:/Users/usuario_local/Downloads/SED/practica2\timer.c ****         for (i = 0; i < n - 1; i++)
 2580              		.loc 1 33 0
 2581 0024 0030A0E3 		mov	r3, #0
 2582 0028 18300BE5 		str	r3, [fp, #-24]
 2583 002c 2B0000EA 		b	.L3
 2584              	.L4:
 2585              	.LBB3:
  34:C:/Users/usuario_local/Downloads/SED/practica2\timer.c ****         {
  35:C:/Users/usuario_local/Downloads/SED/practica2\timer.c ****           size_t j = i + rand() / (RAND_MAX / (n - i) + 1);
 2586              		.loc 1 35 0 discriminator 2
 2587 0030 FEFFFFEB 		bl	rand
 2588 0034 0030A0E1 		mov	r3, r0
 2589 0038 0340A0E1 		mov	r4, r3
 2590 003c 2C201BE5 		ldr	r2, [fp, #-44]
 2591 0040 18301BE5 		ldr	r3, [fp, #-24]
 2592 0044 023063E0 		rsb	r3, r3, r2
 2593 0048 0201E0E3 		mvn	r0, #-2147483648
 2594 004c 0310A0E1 		mov	r1, r3
 2595 0050 FEFFFFEB 		bl	__aeabi_uidiv
 2596 0054 0030A0E1 		mov	r3, r0
 2597 0058 013083E2 		add	r3, r3, #1
 2598 005c 0400A0E1 		mov	r0, r4
 2599 0060 0310A0E1 		mov	r1, r3
 2600 0064 FEFFFFEB 		bl	__aeabi_uidiv
 2601 0068 0030A0E1 		mov	r3, r0
 2602 006c 0320A0E1 		mov	r2, r3
 2603 0070 18301BE5 		ldr	r3, [fp, #-24]
 2604 0074 033082E0 		add	r3, r2, r3
 2605 0078 1C300BE5 		str	r3, [fp, #-28]
  36:C:/Users/usuario_local/Downloads/SED/practica2\timer.c ****           int t = array[j];
 2606              		.loc 1 36 0 discriminator 2
 2607 007c 1C301BE5 		ldr	r3, [fp, #-28]
 2608 0080 0331A0E1 		mov	r3, r3, asl #2
 2609 0084 28201BE5 		ldr	r2, [fp, #-40]
 2610 0088 033082E0 		add	r3, r2, r3
 2611 008c 003093E5 		ldr	r3, [r3, #0]
 2612 0090 20300BE5 		str	r3, [fp, #-32]
  37:C:/Users/usuario_local/Downloads/SED/practica2\timer.c ****           array[j] = array[i];
 2613              		.loc 1 37 0 discriminator 2
 2614 0094 1C301BE5 		ldr	r3, [fp, #-28]
 2615 0098 0331A0E1 		mov	r3, r3, asl #2
 2616 009c 28201BE5 		ldr	r2, [fp, #-40]
 2617 00a0 033082E0 		add	r3, r2, r3
 2618 00a4 18201BE5 		ldr	r2, [fp, #-24]
 2619 00a8 0221A0E1 		mov	r2, r2, asl #2
 2620 00ac 28101BE5 		ldr	r1, [fp, #-40]
 2621 00b0 022081E0 		add	r2, r1, r2
 2622 00b4 002092E5 		ldr	r2, [r2, #0]
 2623 00b8 002083E5 		str	r2, [r3, #0]
  38:C:/Users/usuario_local/Downloads/SED/practica2\timer.c ****           array[i] = t;
 2624              		.loc 1 38 0 discriminator 2
 2625 00bc 18301BE5 		ldr	r3, [fp, #-24]
 2626 00c0 0331A0E1 		mov	r3, r3, asl #2
 2627 00c4 28201BE5 		ldr	r2, [fp, #-40]
 2628 00c8 033082E0 		add	r3, r2, r3
 2629 00cc 20201BE5 		ldr	r2, [fp, #-32]
 2630 00d0 002083E5 		str	r2, [r3, #0]
 2631              	.LBE3:
  33:C:/Users/usuario_local/Downloads/SED/practica2\timer.c ****         for (i = 0; i < n - 1; i++)
 2632              		.loc 1 33 0 discriminator 2
 2633 00d4 18301BE5 		ldr	r3, [fp, #-24]
 2634 00d8 013083E2 		add	r3, r3, #1
 2635 00dc 18300BE5 		str	r3, [fp, #-24]
 2636              	.L3:
  33:C:/Users/usuario_local/Downloads/SED/practica2\timer.c ****         for (i = 0; i < n - 1; i++)
 2637              		.loc 1 33 0 is_stmt 0 discriminator 1
 2638 00e0 2C301BE5 		ldr	r3, [fp, #-44]
 2639 00e4 013043E2 		sub	r3, r3, #1
 2640 00e8 0320A0E1 		mov	r2, r3
 2641 00ec 18301BE5 		ldr	r3, [fp, #-24]
 2642 00f0 030052E1 		cmp	r2, r3
 2643 00f4 CDFFFF8A 		bhi	.L4
 2644              	.L1:
 2645              	.LBE2:
  39:C:/Users/usuario_local/Downloads/SED/practica2\timer.c ****         }
  40:C:/Users/usuario_local/Downloads/SED/practica2\timer.c ****     }
  41:C:/Users/usuario_local/Downloads/SED/practica2\timer.c **** }
 2646              		.loc 1 41 0 is_stmt 1
 2647 00f8 10D04BE2 		sub	sp, fp, #16
 2648 00fc 10689DE8 		ldmfd	sp, {r4, fp, sp, lr}
 2649 0100 1EFF2FE1 		bx	lr
 2650              		.cfi_endproc
 2651              	.LFE0:
 2653              		.align	2
 2654              		.global	generar_numeros_aleatorios
 2656              	generar_numeros_aleatorios:
 2657              	.LFB1:
  42:C:/Users/usuario_local/Downloads/SED/practica2\timer.c **** 
  43:C:/Users/usuario_local/Downloads/SED/practica2\timer.c **** void generar_numeros_aleatorios(void)
  44:C:/Users/usuario_local/Downloads/SED/practica2\timer.c **** {
 2658              		.loc 1 44 0
 2659              		.cfi_startproc
 2660              		@ Function supports interworking.
 2661              		@ args = 0, pretend = 0, frame = 16
 2662              		@ frame_needed = 1, uses_anonymous_args = 0
 2663 0104 0DC0A0E1 		mov	ip, sp
 2664              	.LCFI2:
 2665              		.cfi_def_cfa_register 12
 2666 0108 00D82DE9 		stmfd	sp!, {fp, ip, lr, pc}
 2667 010c 04B04CE2 		sub	fp, ip, #4
 2668              		.cfi_offset 14, -8
 2669              		.cfi_offset 13, -12
 2670              		.cfi_offset 11, -16
 2671              	.LCFI3:
 2672              		.cfi_def_cfa 11, 4
 2673 0110 10D04DE2 		sub	sp, sp, #16
  45:C:/Users/usuario_local/Downloads/SED/practica2\timer.c **** 	int i;
  46:C:/Users/usuario_local/Downloads/SED/practica2\timer.c **** 	if (fila) {
 2674              		.loc 1 46 0
 2675 0114 E4309FE5 		ldr	r3, .L12
 2676 0118 003093E5 		ldr	r3, [r3, #0]
 2677 011c 000053E3 		cmp	r3, #0
 2678 0120 1800000A 		beq	.L6
 2679              	.LBB4:
  47:C:/Users/usuario_local/Downloads/SED/practica2\timer.c **** 		int num_fila = rand() % 4;
 2680              		.loc 1 47 0
 2681 0124 FEFFFFEB 		bl	rand
 2682 0128 0020A0E1 		mov	r2, r0
 2683 012c C23FA0E1 		mov	r3, r2, asr #31
 2684 0130 233FA0E1 		mov	r3, r3, lsr #30
 2685 0134 032082E0 		add	r2, r2, r3
 2686 0138 032002E2 		and	r2, r2, #3
 2687 013c 023063E0 		rsb	r3, r3, r2
 2688 0140 14300BE5 		str	r3, [fp, #-20]
  48:C:/Users/usuario_local/Downloads/SED/practica2\timer.c **** 		for (i = 0; i < 4; i++)
 2689              		.loc 1 48 0
 2690 0144 0030A0E3 		mov	r3, #0
 2691 0148 10300BE5 		str	r3, [fp, #-16]
 2692 014c 090000EA 		b	.L7
 2693              	.L8:
  49:C:/Users/usuario_local/Downloads/SED/practica2\timer.c **** 			numeros[i] = i + 4 * num_fila;
 2694              		.loc 1 49 0 discriminator 2
 2695 0150 14301BE5 		ldr	r3, [fp, #-20]
 2696 0154 0321A0E1 		mov	r2, r3, asl #2
 2697 0158 10301BE5 		ldr	r3, [fp, #-16]
 2698 015c 031082E0 		add	r1, r2, r3
 2699 0160 9C309FE5 		ldr	r3, .L12+4
 2700 0164 10201BE5 		ldr	r2, [fp, #-16]
 2701 0168 021183E7 		str	r1, [r3, r2, asl #2]
  48:C:/Users/usuario_local/Downloads/SED/practica2\timer.c **** 		for (i = 0; i < 4; i++)
 2702              		.loc 1 48 0 discriminator 2
 2703 016c 10301BE5 		ldr	r3, [fp, #-16]
 2704 0170 013083E2 		add	r3, r3, #1
 2705 0174 10300BE5 		str	r3, [fp, #-16]
 2706              	.L7:
  48:C:/Users/usuario_local/Downloads/SED/practica2\timer.c **** 		for (i = 0; i < 4; i++)
 2707              		.loc 1 48 0 is_stmt 0 discriminator 1
 2708 0178 10301BE5 		ldr	r3, [fp, #-16]
 2709 017c 030053E3 		cmp	r3, #3
 2710 0180 F2FFFFDA 		ble	.L8
  48:C:/Users/usuario_local/Downloads/SED/practica2\timer.c **** 		for (i = 0; i < 4; i++)
 2711              		.loc 1 48 0
 2712 0184 170000EA 		b	.L9
 2713              	.L6:
 2714              	.LBE4:
 2715              	.LBB5:
  50:C:/Users/usuario_local/Downloads/SED/practica2\timer.c **** 	}
  51:C:/Users/usuario_local/Downloads/SED/practica2\timer.c **** 	else {
  52:C:/Users/usuario_local/Downloads/SED/practica2\timer.c **** 		int num_columna = rand() % 4;
 2716              		.loc 1 52 0 is_stmt 1
 2717 0188 FEFFFFEB 		bl	rand
 2718 018c 0020A0E1 		mov	r2, r0
 2719 0190 C23FA0E1 		mov	r3, r2, asr #31
 2720 0194 233FA0E1 		mov	r3, r3, lsr #30
 2721 0198 032082E0 		add	r2, r2, r3
 2722 019c 032002E2 		and	r2, r2, #3
 2723 01a0 023063E0 		rsb	r3, r3, r2
 2724 01a4 18300BE5 		str	r3, [fp, #-24]
  53:C:/Users/usuario_local/Downloads/SED/practica2\timer.c **** 		for (i = 0; i < 4; i++)
 2725              		.loc 1 53 0
 2726 01a8 0030A0E3 		mov	r3, #0
 2727 01ac 10300BE5 		str	r3, [fp, #-16]
 2728 01b0 090000EA 		b	.L10
 2729              	.L11:
  54:C:/Users/usuario_local/Downloads/SED/practica2\timer.c **** 					numeros[i] = 4 * i + num_columna;
 2730              		.loc 1 54 0 discriminator 2
 2731 01b4 10301BE5 		ldr	r3, [fp, #-16]
 2732 01b8 0321A0E1 		mov	r2, r3, asl #2
 2733 01bc 18301BE5 		ldr	r3, [fp, #-24]
 2734 01c0 031082E0 		add	r1, r2, r3
 2735 01c4 38309FE5 		ldr	r3, .L12+4
 2736 01c8 10201BE5 		ldr	r2, [fp, #-16]
 2737 01cc 021183E7 		str	r1, [r3, r2, asl #2]
  53:C:/Users/usuario_local/Downloads/SED/practica2\timer.c **** 		for (i = 0; i < 4; i++)
 2738              		.loc 1 53 0 discriminator 2
 2739 01d0 10301BE5 		ldr	r3, [fp, #-16]
 2740 01d4 013083E2 		add	r3, r3, #1
 2741 01d8 10300BE5 		str	r3, [fp, #-16]
 2742              	.L10:
  53:C:/Users/usuario_local/Downloads/SED/practica2\timer.c **** 		for (i = 0; i < 4; i++)
 2743              		.loc 1 53 0 is_stmt 0 discriminator 1
 2744 01dc 10301BE5 		ldr	r3, [fp, #-16]
 2745 01e0 030053E3 		cmp	r3, #3
 2746 01e4 F2FFFFDA 		ble	.L11
 2747              	.L9:
 2748              	.LBE5:
  55:C:/Users/usuario_local/Downloads/SED/practica2\timer.c **** 	}
  56:C:/Users/usuario_local/Downloads/SED/practica2\timer.c **** 	shuffle(numeros, 4);
 2749              		.loc 1 56 0 is_stmt 1
 2750 01e8 14009FE5 		ldr	r0, .L12+4
 2751 01ec 0410A0E3 		mov	r1, #4
 2752 01f0 FEFFFFEB 		bl	shuffle
  57:C:/Users/usuario_local/Downloads/SED/practica2\timer.c **** }
 2753              		.loc 1 57 0
 2754 01f4 0CD04BE2 		sub	sp, fp, #12
 2755 01f8 00689DE8 		ldmfd	sp, {fp, sp, lr}
 2756 01fc 1EFF2FE1 		bx	lr
 2757              	.L13:
 2758              		.align	2
 2759              	.L12:
 2760 0200 00000000 		.word	fila
 2761 0204 00000000 		.word	numeros
 2762              		.cfi_endproc
 2763              	.LFE1:
 2765              		.align	2
 2766              		.global	timer0_init
 2768              	timer0_init:
 2769              	.LFB2:
  58:C:/Users/usuario_local/Downloads/SED/practica2\timer.c **** 
  59:C:/Users/usuario_local/Downloads/SED/practica2\timer.c **** void timer0_init(void) //se encarga del timer entre cada uno de los numeros que se muestran en el d
  60:C:/Users/usuario_local/Downloads/SED/practica2\timer.c **** {
 2770              		.loc 1 60 0
 2771              		.cfi_startproc
 2772              		@ Function supports interworking.
 2773              		@ args = 0, pretend = 0, frame = 0
 2774              		@ frame_needed = 1, uses_anonymous_args = 0
 2775 0208 0DC0A0E1 		mov	ip, sp
 2776              	.LCFI4:
 2777              		.cfi_def_cfa_register 12
 2778 020c 00D82DE9 		stmfd	sp!, {fp, ip, lr, pc}
 2779 0210 04B04CE2 		sub	fp, ip, #4
 2780              		.cfi_offset 14, -8
 2781              		.cfi_offset 13, -12
 2782              		.cfi_offset 11, -16
 2783              	.LCFI5:
 2784              		.cfi_def_cfa 11, 4
  61:C:/Users/usuario_local/Downloads/SED/practica2\timer.c **** 	/* Configuracion del controlador de interrupciones */	
  62:C:/Users/usuario_local/Downloads/SED/practica2\timer.c **** 	rINTMOD=0x0;// Configurar las lineas como de tipo IRQ	
 2785              		.loc 1 62 0
 2786 0214 E4309FE5 		ldr	r3, .L15
 2787 0218 0020A0E3 		mov	r2, #0
 2788 021c 002083E5 		str	r2, [r3, #0]
  63:C:/Users/usuario_local/Downloads/SED/practica2\timer.c **** 	rINTCON=0x1;// Habilitar int. vectorizadas y la linea IRQ (FIQ no)	
 2789              		.loc 1 63 0
 2790 0220 1E36A0E3 		mov	r3, #31457280
 2791 0224 0120A0E3 		mov	r2, #1
 2792 0228 002083E5 		str	r2, [r3, #0]
  64:C:/Users/usuario_local/Downloads/SED/practica2\timer.c **** 	rINTMSK = rINTMSK & ~(BIT_TIMER0 | BIT_GLOBAL);// Enmascarar todas las lineas excepto Timer0 y el 
 2793              		.loc 1 64 0
 2794 022c D0209FE5 		ldr	r2, .L15+4
 2795 0230 CC309FE5 		ldr	r3, .L15+4
 2796 0234 003093E5 		ldr	r3, [r3, #0]
 2797 0238 0133C3E3 		bic	r3, r3, #67108864
 2798 023c 023AC3E3 		bic	r3, r3, #8192
 2799 0240 003082E5 		str	r3, [r2, #0]
  65:C:/Users/usuario_local/Downloads/SED/practica2\timer.c **** 	/* Establece la rutina de servicio para TIMER0 */
  66:C:/Users/usuario_local/Downloads/SED/practica2\timer.c **** 	pISR_TIMER0=(unsigned)timer0_ISR;
 2800              		.loc 1 66 0
 2801 0244 BC309FE5 		ldr	r3, .L15+8
 2802 0248 BC209FE5 		ldr	r2, .L15+12
 2803 024c 002083E5 		str	r2, [r3, #0]
  67:C:/Users/usuario_local/Downloads/SED/practica2\timer.c **** 	/* Configurar el Timer0 (el resto de los timers se dejan a la
  68:C:/Users/usuario_local/Downloads/SED/practica2\timer.c **** 	configuración por defecto) */
  69:C:/Users/usuario_local/Downloads/SED/practica2\timer.c **** 	//rTCFG0=0xFF;// pre-escalado = 255
  70:C:/Users/usuario_local/Downloads/SED/practica2\timer.c **** 	rTCFG0 = rTCFG0 | 0xFF;
 2804              		.loc 1 70 0
 2805 0250 B8309FE5 		ldr	r3, .L15+16
 2806 0254 B4209FE5 		ldr	r2, .L15+16
 2807 0258 002092E5 		ldr	r2, [r2, #0]
 2808 025c FF2082E3 		orr	r2, r2, #255
 2809 0260 002083E5 		str	r2, [r3, #0]
  71:C:/Users/usuario_local/Downloads/SED/practica2\timer.c **** 	rTCFG1 &= 0xF3F0F4;// divisor = 1/32
 2810              		.loc 1 71 0
 2811 0264 A8209FE5 		ldr	r2, .L15+20
 2812 0268 A4309FE5 		ldr	r3, .L15+20
 2813 026c 001093E5 		ldr	r1, [r3, #0]
 2814 0270 A0309FE5 		ldr	r3, .L15+24
 2815 0274 033001E0 		and	r3, r1, r3
 2816 0278 003082E5 		str	r3, [r2, #0]
  72:C:/Users/usuario_local/Downloads/SED/practica2\timer.c **** 	rTCNTB0=65535;
 2817              		.loc 1 72 0
 2818 027c 98309FE5 		ldr	r3, .L15+28
 2819 0280 98209FE5 		ldr	r2, .L15+32
 2820 0284 002083E5 		str	r2, [r3, #0]
  73:C:/Users/usuario_local/Downloads/SED/practica2\timer.c **** 	rTCMPB0=12800;
 2821              		.loc 1 73 0
 2822 0288 94309FE5 		ldr	r3, .L15+36
 2823 028c 322CA0E3 		mov	r2, #12800
 2824 0290 002083E5 		str	r2, [r3, #0]
  74:C:/Users/usuario_local/Downloads/SED/practica2\timer.c **** 	
  75:C:/Users/usuario_local/Downloads/SED/practica2\timer.c **** 	/* Generar numeros aleatorios */
  76:C:/Users/usuario_local/Downloads/SED/practica2\timer.c **** 	generar_numeros_aleatorios();
 2825              		.loc 1 76 0
 2826 0294 FEFFFFEB 		bl	generar_numeros_aleatorios
  77:C:/Users/usuario_local/Downloads/SED/practica2\timer.c **** 
  78:C:/Users/usuario_local/Downloads/SED/practica2\timer.c **** 	rTCON=rTCON| (0x01<<1);// establecer manual_update
 2827              		.loc 1 78 0
 2828 0298 88309FE5 		ldr	r3, .L15+40
 2829 029c 84209FE5 		ldr	r2, .L15+40
 2830 02a0 002092E5 		ldr	r2, [r2, #0]
 2831 02a4 022082E3 		orr	r2, r2, #2
 2832 02a8 002083E5 		str	r2, [r3, #0]
  79:C:/Users/usuario_local/Downloads/SED/practica2\timer.c **** 	rTCON=rTCON & ~(0x01<<1);// DESACTIVA manual_update
 2833              		.loc 1 79 0
 2834 02ac 74309FE5 		ldr	r3, .L15+40
 2835 02b0 70209FE5 		ldr	r2, .L15+40
 2836 02b4 002092E5 		ldr	r2, [r2, #0]
 2837 02b8 0220C2E3 		bic	r2, r2, #2
 2838 02bc 002083E5 		str	r2, [r3, #0]
  80:C:/Users/usuario_local/Downloads/SED/practica2\timer.c **** 	rTCON=rTCON|(0x01<<3);//activar modo auto-reload
 2839              		.loc 1 80 0
 2840 02c0 60309FE5 		ldr	r3, .L15+40
 2841 02c4 5C209FE5 		ldr	r2, .L15+40
 2842 02c8 002092E5 		ldr	r2, [r2, #0]
 2843 02cc 082082E3 		orr	r2, r2, #8
 2844 02d0 002083E5 		str	r2, [r3, #0]
  81:C:/Users/usuario_local/Downloads/SED/practica2\timer.c **** 	rTCON=rTCON|(0x01<<0);// iniciar timer
 2845              		.loc 1 81 0
 2846 02d4 4C309FE5 		ldr	r3, .L15+40
 2847 02d8 48209FE5 		ldr	r2, .L15+40
 2848 02dc 002092E5 		ldr	r2, [r2, #0]
 2849 02e0 012082E3 		orr	r2, r2, #1
 2850 02e4 002083E5 		str	r2, [r3, #0]
  82:C:/Users/usuario_local/Downloads/SED/practica2\timer.c **** 	cont = 3;
 2851              		.loc 1 82 0
 2852 02e8 3C309FE5 		ldr	r3, .L15+44
 2853 02ec 0320A0E3 		mov	r2, #3
 2854 02f0 002083E5 		str	r2, [r3, #0]
  83:C:/Users/usuario_local/Downloads/SED/practica2\timer.c **** }
 2855              		.loc 1 83 0
 2856 02f4 0CD04BE2 		sub	sp, fp, #12
 2857 02f8 00689DE8 		ldmfd	sp, {fp, sp, lr}
 2858 02fc 1EFF2FE1 		bx	lr
 2859              	.L16:
 2860              		.align	2
 2861              	.L15:
 2862 0300 0800E001 		.word	31457288
 2863 0304 0C00E001 		.word	31457292
 2864 0308 54FF7F0C 		.word	209715028
 2865 030c 00000000 		.word	timer0_ISR
 2866 0310 0000D501 		.word	30736384
 2867 0314 0400D501 		.word	30736388
 2868 0318 F4F0F300 		.word	15986932
 2869 031c 0C00D501 		.word	30736396
 2870 0320 FFFF0000 		.word	65535
 2871 0324 1000D501 		.word	30736400
 2872 0328 0800D501 		.word	30736392
 2873 032c 00000000 		.word	cont
 2874              		.cfi_endproc
 2875              	.LFE2:
 2877              		.align	2
 2878              		.global	timer0_ISR
 2880              	timer0_ISR:
 2881              	.LFB3:
  84:C:/Users/usuario_local/Downloads/SED/practica2\timer.c **** 
  85:C:/Users/usuario_local/Downloads/SED/practica2\timer.c **** void timer0_ISR(void){
 2882              		.loc 1 85 0
 2883              		.cfi_startproc
 2884              		@ Interrupt Service Routine.
 2885              		@ args = 0, pretend = 0, frame = 0
 2886              		@ frame_needed = 1, uses_anonymous_args = 0
 2887 0330 04C02DE5 		str	ip, [sp, #-4]!
 2888 0334 0DC0A0E1 		mov	ip, sp
 2889              	.LCFI6:
 2890              		.cfi_def_cfa_register 12
 2891 0338 0FD82DE9 		stmfd	sp!, {r0, r1, r2, r3, fp, ip, lr, pc}
 2892 033c 04B04CE2 		sub	fp, ip, #4
 2893              		.cfi_offset 14, -8
 2894              		.cfi_offset 13, -12
 2895              		.cfi_offset 11, -16
 2896              		.cfi_offset 3, -20
 2897              		.cfi_offset 2, -24
 2898              		.cfi_offset 1, -28
 2899              		.cfi_offset 0, -32
 2900              	.LCFI7:
 2901              		.cfi_def_cfa 11, 4
  86:C:/Users/usuario_local/Downloads/SED/practica2\timer.c **** 	cont--;
 2902              		.loc 1 86 0
 2903 0340 74309FE5 		ldr	r3, .L19
 2904 0344 003093E5 		ldr	r3, [r3, #0]
 2905 0348 012043E2 		sub	r2, r3, #1
 2906 034c 68309FE5 		ldr	r3, .L19
 2907 0350 002083E5 		str	r2, [r3, #0]
  87:C:/Users/usuario_local/Downloads/SED/practica2\timer.c **** 	D8Led_symbol(numeros[cont]);
 2908              		.loc 1 87 0
 2909 0354 60309FE5 		ldr	r3, .L19
 2910 0358 002093E5 		ldr	r2, [r3, #0]
 2911 035c 5C309FE5 		ldr	r3, .L19+4
 2912 0360 023193E7 		ldr	r3, [r3, r2, asl #2]
 2913 0364 0300A0E1 		mov	r0, r3
 2914 0368 FEFFFFEB 		bl	D8Led_symbol
  88:C:/Users/usuario_local/Downloads/SED/practica2\timer.c **** 	//if (cont == 1)
  89:C:/Users/usuario_local/Downloads/SED/practica2\timer.c **** 	//	rTCON=rTCON|(0x00<<3);//activar modo one-shot
  90:C:/Users/usuario_local/Downloads/SED/practica2\timer.c **** 	if (cont == 0) {
 2915              		.loc 1 90 0
 2916 036c 48309FE5 		ldr	r3, .L19
 2917 0370 003093E5 		ldr	r3, [r3, #0]
 2918 0374 000053E3 		cmp	r3, #0
 2919 0378 0800001A 		bne	.L18
  91:C:/Users/usuario_local/Downloads/SED/practica2\timer.c **** 		rINTMSK = rINTMSK | BIT_TIMER0; //desactivamos la interrupcion
 2920              		.loc 1 91 0
 2921 037c 40309FE5 		ldr	r3, .L19+8
 2922 0380 3C209FE5 		ldr	r2, .L19+8
 2923 0384 002092E5 		ldr	r2, [r2, #0]
 2924 0388 022A82E3 		orr	r2, r2, #8192
 2925 038c 002083E5 		str	r2, [r3, #0]
  92:C:/Users/usuario_local/Downloads/SED/practica2\timer.c **** 		rI_ISPC = BIT_TIMER0;
 2926              		.loc 1 92 0
 2927 0390 30309FE5 		ldr	r3, .L19+12
 2928 0394 022AA0E3 		mov	r2, #8192
 2929 0398 002083E5 		str	r2, [r3, #0]
  93:C:/Users/usuario_local/Downloads/SED/practica2\timer.c **** 		timer4_init();
 2930              		.loc 1 93 0
 2931 039c FEFFFFEB 		bl	timer4_init
 2932              	.L18:
  94:C:/Users/usuario_local/Downloads/SED/practica2\timer.c **** 	}
  95:C:/Users/usuario_local/Downloads/SED/practica2\timer.c **** 	rI_ISPC = BIT_TIMER0;
 2933              		.loc 1 95 0
 2934 03a0 20309FE5 		ldr	r3, .L19+12
 2935 03a4 022AA0E3 		mov	r2, #8192
 2936 03a8 002083E5 		str	r2, [r3, #0]
  96:C:/Users/usuario_local/Downloads/SED/practica2\timer.c **** }
 2937              		.loc 1 96 0
 2938 03ac 1CD04BE2 		sub	sp, fp, #28
 2939 03b0 0F689DE8 		ldmfd	sp, {r0, r1, r2, r3, fp, sp, lr}
 2940 03b4 04C09DE4 		ldmfd	sp!, {ip}
 2941 03b8 04F05EE2 		subs	pc, lr, #4
 2942              	.L20:
 2943              		.align	2
 2944              	.L19:
 2945 03bc 00000000 		.word	cont
 2946 03c0 00000000 		.word	numeros
 2947 03c4 0C00E001 		.word	31457292
 2948 03c8 2400E001 		.word	31457316
 2949              		.cfi_endproc
 2950              	.LFE3:
 2952              		.align	2
 2953              		.global	timer2_init
 2955              	timer2_init:
 2956              	.LFB4:
  97:C:/Users/usuario_local/Downloads/SED/practica2\timer.c **** 
  98:C:/Users/usuario_local/Downloads/SED/practica2\timer.c **** void timer2_init(void) //se encarga del timer del led
  99:C:/Users/usuario_local/Downloads/SED/practica2\timer.c **** {
 2957              		.loc 1 99 0
 2958              		.cfi_startproc
 2959              		@ Function supports interworking.
 2960              		@ args = 0, pretend = 0, frame = 0
 2961              		@ frame_needed = 1, uses_anonymous_args = 0
 2962 03cc 0DC0A0E1 		mov	ip, sp
 2963              	.LCFI8:
 2964              		.cfi_def_cfa_register 12
 2965 03d0 00D82DE9 		stmfd	sp!, {fp, ip, lr, pc}
 2966 03d4 04B04CE2 		sub	fp, ip, #4
 2967              		.cfi_offset 14, -8
 2968              		.cfi_offset 13, -12
 2969              		.cfi_offset 11, -16
 2970              	.LCFI9:
 2971              		.cfi_def_cfa 11, 4
 100:C:/Users/usuario_local/Downloads/SED/practica2\timer.c **** 	/* Configuracion del controlador de interrupciones */	
 101:C:/Users/usuario_local/Downloads/SED/practica2\timer.c **** 	rINTMOD=0x0;// Configurar las lineas como de tipo IRQ	
 2972              		.loc 1 101 0
 2973 03d8 BC309FE5 		ldr	r3, .L22
 2974 03dc 0020A0E3 		mov	r2, #0
 2975 03e0 002083E5 		str	r2, [r3, #0]
 102:C:/Users/usuario_local/Downloads/SED/practica2\timer.c **** 	rINTCON=0x1;// Habilitar int. vectorizadas y la linea IRQ (FIQ no)	
 2976              		.loc 1 102 0
 2977 03e4 1E36A0E3 		mov	r3, #31457280
 2978 03e8 0120A0E3 		mov	r2, #1
 2979 03ec 002083E5 		str	r2, [r3, #0]
 103:C:/Users/usuario_local/Downloads/SED/practica2\timer.c **** 	rINTMSK = rINTMSK & ~(BIT_TIMER2 | BIT_GLOBAL);// Enmascarar todas las lineas excepto Timer0 y el 
 2980              		.loc 1 103 0
 2981 03f0 A8209FE5 		ldr	r2, .L22+4
 2982 03f4 A4309FE5 		ldr	r3, .L22+4
 2983 03f8 003093E5 		ldr	r3, [r3, #0]
 2984 03fc 0133C3E3 		bic	r3, r3, #67108864
 2985 0400 023BC3E3 		bic	r3, r3, #2048
 2986 0404 003082E5 		str	r3, [r2, #0]
 104:C:/Users/usuario_local/Downloads/SED/practica2\timer.c **** 	/* Establece la rutina de servicio para TIMER0 */
 105:C:/Users/usuario_local/Downloads/SED/practica2\timer.c **** 	pISR_TIMER2=(unsigned)timer2_ISR;
 2987              		.loc 1 105 0
 2988 0408 94309FE5 		ldr	r3, .L22+8
 2989 040c 94209FE5 		ldr	r2, .L22+12
 2990 0410 002083E5 		str	r2, [r3, #0]
 106:C:/Users/usuario_local/Downloads/SED/practica2\timer.c **** 	/* Configurar el Timer0 (el resto de los timers se dejan a la
 107:C:/Users/usuario_local/Downloads/SED/practica2\timer.c **** 	configuración por defecto) */
 108:C:/Users/usuario_local/Downloads/SED/practica2\timer.c **** 	rTCFG0 = rTCFG0 | 0xFF00;// pre-escalado = 255
 2991              		.loc 1 108 0
 2992 0414 90309FE5 		ldr	r3, .L22+16
 2993 0418 8C209FE5 		ldr	r2, .L22+16
 2994 041c 002092E5 		ldr	r2, [r2, #0]
 2995 0420 FF2C82E3 		orr	r2, r2, #65280
 2996 0424 002083E5 		str	r2, [r3, #0]
 109:C:/Users/usuario_local/Downloads/SED/practica2\timer.c **** 	//rTCFG1 |= 0x000000;// divisor = 1/2
 110:C:/Users/usuario_local/Downloads/SED/practica2\timer.c **** 	rTCNTB2=65535;
 2997              		.loc 1 110 0
 2998 0428 80309FE5 		ldr	r3, .L22+20
 2999 042c 80209FE5 		ldr	r2, .L22+24
 3000 0430 002083E5 		str	r2, [r3, #0]
 111:C:/Users/usuario_local/Downloads/SED/practica2\timer.c **** 	rTCMPB2=12800;
 3001              		.loc 1 111 0
 3002 0434 7C309FE5 		ldr	r3, .L22+28
 3003 0438 322CA0E3 		mov	r2, #12800
 3004 043c 002083E5 		str	r2, [r3, #0]
 112:C:/Users/usuario_local/Downloads/SED/practica2\timer.c **** 	
 113:C:/Users/usuario_local/Downloads/SED/practica2\timer.c **** 	rTCON =rTCON | (0x01<<13);// establecer manual_update
 3005              		.loc 1 113 0
 3006 0440 74309FE5 		ldr	r3, .L22+32
 3007 0444 70209FE5 		ldr	r2, .L22+32
 3008 0448 002092E5 		ldr	r2, [r2, #0]
 3009 044c 022A82E3 		orr	r2, r2, #8192
 3010 0450 002083E5 		str	r2, [r3, #0]
 114:C:/Users/usuario_local/Downloads/SED/practica2\timer.c **** 	rTCON =rTCON & ~(0x01<<13);// DESACTIVA manual_update
 3011              		.loc 1 114 0
 3012 0454 60309FE5 		ldr	r3, .L22+32
 3013 0458 5C209FE5 		ldr	r2, .L22+32
 3014 045c 002092E5 		ldr	r2, [r2, #0]
 3015 0460 022AC2E3 		bic	r2, r2, #8192
 3016 0464 002083E5 		str	r2, [r3, #0]
 115:C:/Users/usuario_local/Downloads/SED/practica2\timer.c **** 	rTCON =rTCON | (0x01<<15);//activar modo auto-reload
 3017              		.loc 1 115 0
 3018 0468 4C309FE5 		ldr	r3, .L22+32
 3019 046c 48209FE5 		ldr	r2, .L22+32
 3020 0470 002092E5 		ldr	r2, [r2, #0]
 3021 0474 022982E3 		orr	r2, r2, #32768
 3022 0478 002083E5 		str	r2, [r3, #0]
 116:C:/Users/usuario_local/Downloads/SED/practica2\timer.c **** 	rTCON =rTCON | (0x01<<12);// iniciar timer
 3023              		.loc 1 116 0
 3024 047c 38309FE5 		ldr	r3, .L22+32
 3025 0480 34209FE5 		ldr	r2, .L22+32
 3026 0484 002092E5 		ldr	r2, [r2, #0]
 3027 0488 012A82E3 		orr	r2, r2, #4096
 3028 048c 002083E5 		str	r2, [r3, #0]
 117:C:/Users/usuario_local/Downloads/SED/practica2\timer.c **** }
 3029              		.loc 1 117 0
 3030 0490 0CD04BE2 		sub	sp, fp, #12
 3031 0494 00689DE8 		ldmfd	sp, {fp, sp, lr}
 3032 0498 1EFF2FE1 		bx	lr
 3033              	.L23:
 3034              		.align	2
 3035              	.L22:
 3036 049c 0800E001 		.word	31457288
 3037 04a0 0C00E001 		.word	31457292
 3038 04a4 4CFF7F0C 		.word	209715020
 3039 04a8 00000000 		.word	timer2_ISR
 3040 04ac 0000D501 		.word	30736384
 3041 04b0 2400D501 		.word	30736420
 3042 04b4 FFFF0000 		.word	65535
 3043 04b8 2800D501 		.word	30736424
 3044 04bc 0800D501 		.word	30736392
 3045              		.cfi_endproc
 3046              	.LFE4:
 3048              		.align	2
 3049              		.global	timer2_ISR
 3051              	timer2_ISR:
 3052              	.LFB5:
 118:C:/Users/usuario_local/Downloads/SED/practica2\timer.c **** 
 119:C:/Users/usuario_local/Downloads/SED/practica2\timer.c **** void timer2_ISR(void){
 3053              		.loc 1 119 0
 3054              		.cfi_startproc
 3055              		@ Interrupt Service Routine.
 3056              		@ args = 0, pretend = 0, frame = 0
 3057              		@ frame_needed = 1, uses_anonymous_args = 0
 3058 04c0 04C02DE5 		str	ip, [sp, #-4]!
 3059 04c4 0DC0A0E1 		mov	ip, sp
 3060              	.LCFI10:
 3061              		.cfi_def_cfa_register 12
 3062 04c8 0FD82DE9 		stmfd	sp!, {r0, r1, r2, r3, fp, ip, lr, pc}
 3063 04cc 04B04CE2 		sub	fp, ip, #4
 3064              		.cfi_offset 14, -8
 3065              		.cfi_offset 13, -12
 3066              		.cfi_offset 11, -16
 3067              		.cfi_offset 3, -20
 3068              		.cfi_offset 2, -24
 3069              		.cfi_offset 1, -28
 3070              		.cfi_offset 0, -32
 3071              	.LCFI11:
 3072              		.cfi_def_cfa 11, 4
 120:C:/Users/usuario_local/Downloads/SED/practica2\timer.c **** 	if (fila == 1) {
 3073              		.loc 1 120 0
 3074 04d0 48309FE5 		ldr	r3, .L27
 3075 04d4 003093E5 		ldr	r3, [r3, #0]
 3076 04d8 010053E3 		cmp	r3, #1
 3077 04dc 0400001A 		bne	.L25
 121:C:/Users/usuario_local/Downloads/SED/practica2\timer.c **** 	    led1_on();
 3078              		.loc 1 121 0
 3079 04e0 FEFFFFEB 		bl	led1_on
 122:C:/Users/usuario_local/Downloads/SED/practica2\timer.c **** 	    DelayMs(30);
 3080              		.loc 1 122 0
 3081 04e4 1E00A0E3 		mov	r0, #30
 3082 04e8 FEFFFFEB 		bl	DelayMs
 123:C:/Users/usuario_local/Downloads/SED/practica2\timer.c **** 	    led1_off();
 3083              		.loc 1 123 0
 3084 04ec FEFFFFEB 		bl	led1_off
 3085 04f0 030000EA 		b	.L26
 3086              	.L25:
 124:C:/Users/usuario_local/Downloads/SED/practica2\timer.c **** 	}
 125:C:/Users/usuario_local/Downloads/SED/practica2\timer.c **** 	else {
 126:C:/Users/usuario_local/Downloads/SED/practica2\timer.c **** 	    led2_on();
 3087              		.loc 1 126 0
 3088 04f4 FEFFFFEB 		bl	led2_on
 127:C:/Users/usuario_local/Downloads/SED/practica2\timer.c **** 	    DelayMs(30);
 3089              		.loc 1 127 0
 3090 04f8 1E00A0E3 		mov	r0, #30
 3091 04fc FEFFFFEB 		bl	DelayMs
 128:C:/Users/usuario_local/Downloads/SED/practica2\timer.c **** 	    led2_off();
 3092              		.loc 1 128 0
 3093 0500 FEFFFFEB 		bl	led2_off
 3094              	.L26:
 129:C:/Users/usuario_local/Downloads/SED/practica2\timer.c **** 	}
 130:C:/Users/usuario_local/Downloads/SED/practica2\timer.c **** 
 131:C:/Users/usuario_local/Downloads/SED/practica2\timer.c **** 	rI_ISPC = BIT_TIMER2;
 3095              		.loc 1 131 0
 3096 0504 18309FE5 		ldr	r3, .L27+4
 3097 0508 022BA0E3 		mov	r2, #2048
 3098 050c 002083E5 		str	r2, [r3, #0]
 132:C:/Users/usuario_local/Downloads/SED/practica2\timer.c **** }
 3099              		.loc 1 132 0
 3100 0510 1CD04BE2 		sub	sp, fp, #28
 3101 0514 0F689DE8 		ldmfd	sp, {r0, r1, r2, r3, fp, sp, lr}
 3102 0518 04C09DE4 		ldmfd	sp!, {ip}
 3103 051c 04F05EE2 		subs	pc, lr, #4
 3104              	.L28:
 3105              		.align	2
 3106              	.L27:
 3107 0520 00000000 		.word	fila
 3108 0524 2400E001 		.word	31457316
 3109              		.cfi_endproc
 3110              	.LFE5:
 3112              		.align	2
 3113              		.global	timer4_init
 3115              	timer4_init:
 3116              	.LFB6:
 133:C:/Users/usuario_local/Downloads/SED/practica2\timer.c **** 
 134:C:/Users/usuario_local/Downloads/SED/practica2\timer.c **** void timer4_init(void) //se encarga del tiempo que tiene el usuario para pulsar la tecla
 135:C:/Users/usuario_local/Downloads/SED/practica2\timer.c **** {
 3117              		.loc 1 135 0
 3118              		.cfi_startproc
 3119              		@ Function supports interworking.
 3120              		@ args = 0, pretend = 0, frame = 0
 3121              		@ frame_needed = 1, uses_anonymous_args = 0
 3122 0528 0DC0A0E1 		mov	ip, sp
 3123              	.LCFI12:
 3124              		.cfi_def_cfa_register 12
 3125 052c 00D82DE9 		stmfd	sp!, {fp, ip, lr, pc}
 3126 0530 04B04CE2 		sub	fp, ip, #4
 3127              		.cfi_offset 14, -8
 3128              		.cfi_offset 13, -12
 3129              		.cfi_offset 11, -16
 3130              	.LCFI13:
 3131              		.cfi_def_cfa 11, 4
 136:C:/Users/usuario_local/Downloads/SED/practica2\timer.c **** 	/* Configuracion del controlador de interrupciones */	
 137:C:/Users/usuario_local/Downloads/SED/practica2\timer.c **** 	rINTMOD=0x0;// Configurar las lineas como de tipo IRQ	
 3132              		.loc 1 137 0
 3133 0534 B8309FE5 		ldr	r3, .L30
 3134 0538 0020A0E3 		mov	r2, #0
 3135 053c 002083E5 		str	r2, [r3, #0]
 138:C:/Users/usuario_local/Downloads/SED/practica2\timer.c **** 	rINTCON=0x1;// Habilitar int. vectorizadas y la linea IRQ (FIQ no)	
 3136              		.loc 1 138 0
 3137 0540 1E36A0E3 		mov	r3, #31457280
 3138 0544 0120A0E3 		mov	r2, #1
 3139 0548 002083E5 		str	r2, [r3, #0]
 139:C:/Users/usuario_local/Downloads/SED/practica2\timer.c **** 	rINTMSK = rINTMSK & ~(BIT_TIMER4 | BIT_GLOBAL);// Enmascarar todas las lineas excepto Timer0 y el 
 3140              		.loc 1 139 0
 3141 054c A4209FE5 		ldr	r2, .L30+4
 3142 0550 A0309FE5 		ldr	r3, .L30+4
 3143 0554 003093E5 		ldr	r3, [r3, #0]
 3144 0558 0133C3E3 		bic	r3, r3, #67108864
 3145 055c 023CC3E3 		bic	r3, r3, #512
 3146 0560 003082E5 		str	r3, [r2, #0]
 140:C:/Users/usuario_local/Downloads/SED/practica2\timer.c **** 	/* Establece la rutina de servicio para TIMER0 */
 141:C:/Users/usuario_local/Downloads/SED/practica2\timer.c **** 	pISR_TIMER4=(unsigned)timer4_ISR;
 3147              		.loc 1 141 0
 3148 0564 90309FE5 		ldr	r3, .L30+8
 3149 0568 90209FE5 		ldr	r2, .L30+12
 3150 056c 002083E5 		str	r2, [r3, #0]
 142:C:/Users/usuario_local/Downloads/SED/practica2\timer.c **** 	/* Configurar el Timer0 (el resto de los timers se dejan a la
 143:C:/Users/usuario_local/Downloads/SED/practica2\timer.c **** 	configuración por defecto) */
 144:C:/Users/usuario_local/Downloads/SED/practica2\timer.c **** 	rTCFG0 = rTCFG0 | 0xFF0000;// pre-escalado = 255
 3151              		.loc 1 144 0
 3152 0570 8C309FE5 		ldr	r3, .L30+16
 3153 0574 88209FE5 		ldr	r2, .L30+16
 3154 0578 002092E5 		ldr	r2, [r2, #0]
 3155 057c FF2882E3 		orr	r2, r2, #16711680
 3156 0580 002083E5 		str	r2, [r3, #0]
 145:C:/Users/usuario_local/Downloads/SED/practica2\timer.c **** 	//rTCFG1 |= 0x030000;// divisor = 1/16
 146:C:/Users/usuario_local/Downloads/SED/practica2\timer.c **** 	rTCNTB4=65535;
 3157              		.loc 1 146 0
 3158 0584 7C309FE5 		ldr	r3, .L30+20
 3159 0588 7C209FE5 		ldr	r2, .L30+24
 3160 058c 002083E5 		str	r2, [r3, #0]
 147:C:/Users/usuario_local/Downloads/SED/practica2\timer.c **** 	rTCMPB4=12800;
 3161              		.loc 1 147 0
 3162 0590 78309FE5 		ldr	r3, .L30+28
 3163 0594 322CA0E3 		mov	r2, #12800
 3164 0598 002083E5 		str	r2, [r3, #0]
 148:C:/Users/usuario_local/Downloads/SED/practica2\timer.c **** 	
 149:C:/Users/usuario_local/Downloads/SED/practica2\timer.c **** 	rTCON =rTCON | (0x01<<21);// establecer manual_update
 3165              		.loc 1 149 0
 3166 059c 70309FE5 		ldr	r3, .L30+32
 3167 05a0 6C209FE5 		ldr	r2, .L30+32
 3168 05a4 002092E5 		ldr	r2, [r2, #0]
 3169 05a8 022682E3 		orr	r2, r2, #2097152
 3170 05ac 002083E5 		str	r2, [r3, #0]
 150:C:/Users/usuario_local/Downloads/SED/practica2\timer.c **** 	rTCON =rTCON & ~(0x01<<21);// DESACTIVA manual_update
 3171              		.loc 1 150 0
 3172 05b0 5C309FE5 		ldr	r3, .L30+32
 3173 05b4 58209FE5 		ldr	r2, .L30+32
 3174 05b8 002092E5 		ldr	r2, [r2, #0]
 3175 05bc 0226C2E3 		bic	r2, r2, #2097152
 3176 05c0 002083E5 		str	r2, [r3, #0]
 151:C:/Users/usuario_local/Downloads/SED/practica2\timer.c **** 	rTCON =rTCON | (0x0<<23);//activar modo one-shot
 3177              		.loc 1 151 0
 3178 05c4 48309FE5 		ldr	r3, .L30+32
 3179 05c8 44209FE5 		ldr	r2, .L30+32
 3180 05cc 002092E5 		ldr	r2, [r2, #0]
 3181 05d0 002083E5 		str	r2, [r3, #0]
 152:C:/Users/usuario_local/Downloads/SED/practica2\timer.c **** 	rTCON =rTCON | (0x01<<20);// iniciar timer
 3182              		.loc 1 152 0
 3183 05d4 38309FE5 		ldr	r3, .L30+32
 3184 05d8 34209FE5 		ldr	r2, .L30+32
 3185 05dc 002092E5 		ldr	r2, [r2, #0]
 3186 05e0 012682E3 		orr	r2, r2, #1048576
 3187 05e4 002083E5 		str	r2, [r3, #0]
 153:C:/Users/usuario_local/Downloads/SED/practica2\timer.c **** }
 3188              		.loc 1 153 0
 3189 05e8 0CD04BE2 		sub	sp, fp, #12
 3190 05ec 00689DE8 		ldmfd	sp, {fp, sp, lr}
 3191 05f0 1EFF2FE1 		bx	lr
 3192              	.L31:
 3193              		.align	2
 3194              	.L30:
 3195 05f4 0800E001 		.word	31457288
 3196 05f8 0C00E001 		.word	31457292
 3197 05fc 44FF7F0C 		.word	209715012
 3198 0600 00000000 		.word	timer4_ISR
 3199 0604 0000D501 		.word	30736384
 3200 0608 3C00D501 		.word	30736444
 3201 060c FFFF0000 		.word	65535
 3202 0610 4000D501 		.word	30736448
 3203 0614 0800D501 		.word	30736392
 3204              		.cfi_endproc
 3205              	.LFE6:
 3207              		.align	2
 3208              		.global	timer4_ISR
 3210              	timer4_ISR:
 3211              	.LFB7:
 154:C:/Users/usuario_local/Downloads/SED/practica2\timer.c **** 
 155:C:/Users/usuario_local/Downloads/SED/practica2\timer.c **** void timer4_ISR(void){
 3212              		.loc 1 155 0
 3213              		.cfi_startproc
 3214              		@ Interrupt Service Routine.
 3215              		@ args = 0, pretend = 0, frame = 0
 3216              		@ frame_needed = 1, uses_anonymous_args = 0
 3217 0618 04C02DE5 		str	ip, [sp, #-4]!
 3218 061c 0DC0A0E1 		mov	ip, sp
 3219              	.LCFI14:
 3220              		.cfi_def_cfa_register 12
 3221 0620 0FD82DE9 		stmfd	sp!, {r0, r1, r2, r3, fp, ip, lr, pc}
 3222 0624 04B04CE2 		sub	fp, ip, #4
 3223              		.cfi_offset 14, -8
 3224              		.cfi_offset 13, -12
 3225              		.cfi_offset 11, -16
 3226              		.cfi_offset 3, -20
 3227              		.cfi_offset 2, -24
 3228              		.cfi_offset 1, -28
 3229              		.cfi_offset 0, -32
 3230              	.LCFI15:
 3231              		.cfi_def_cfa 11, 4
 156:C:/Users/usuario_local/Downloads/SED/practica2\timer.c **** 	DelayMs(100);
 3232              		.loc 1 156 0
 3233 0628 6400A0E3 		mov	r0, #100
 3234 062c FEFFFFEB 		bl	DelayMs
 157:C:/Users/usuario_local/Downloads/SED/practica2\timer.c **** 
 158:C:/Users/usuario_local/Downloads/SED/practica2\timer.c **** 	generar_numeros_aleatorios();
 3235              		.loc 1 158 0
 3236 0630 FEFFFFEB 		bl	generar_numeros_aleatorios
 159:C:/Users/usuario_local/Downloads/SED/practica2\timer.c **** 	cont=3;
 3237              		.loc 1 159 0
 3238 0634 94309FE5 		ldr	r3, .L33
 3239 0638 0320A0E3 		mov	r2, #3
 3240 063c 002083E5 		str	r2, [r3, #0]
 160:C:/Users/usuario_local/Downloads/SED/practica2\timer.c **** 	rTCON=rTCON|(0x00<<0);
 3241              		.loc 1 160 0
 3242 0640 8C309FE5 		ldr	r3, .L33+4
 3243 0644 88209FE5 		ldr	r2, .L33+4
 3244 0648 002092E5 		ldr	r2, [r2, #0]
 3245 064c 002083E5 		str	r2, [r3, #0]
 161:C:/Users/usuario_local/Downloads/SED/practica2\timer.c **** 	rTCON=rTCON| (0x01<<1);// establecer manual_update
 3246              		.loc 1 161 0
 3247 0650 7C309FE5 		ldr	r3, .L33+4
 3248 0654 78209FE5 		ldr	r2, .L33+4
 3249 0658 002092E5 		ldr	r2, [r2, #0]
 3250 065c 022082E3 		orr	r2, r2, #2
 3251 0660 002083E5 		str	r2, [r3, #0]
 162:C:/Users/usuario_local/Downloads/SED/practica2\timer.c **** 	rTCON=rTCON & ~(0x01<<1);// DESACTIVA manual_update
 3252              		.loc 1 162 0
 3253 0664 68309FE5 		ldr	r3, .L33+4
 3254 0668 64209FE5 		ldr	r2, .L33+4
 3255 066c 002092E5 		ldr	r2, [r2, #0]
 3256 0670 0220C2E3 		bic	r2, r2, #2
 3257 0674 002083E5 		str	r2, [r3, #0]
 163:C:/Users/usuario_local/Downloads/SED/practica2\timer.c **** 	rTCON=rTCON|(0x01<<3);//activar modo auto-reload
 3258              		.loc 1 163 0
 3259 0678 54309FE5 		ldr	r3, .L33+4
 3260 067c 50209FE5 		ldr	r2, .L33+4
 3261 0680 002092E5 		ldr	r2, [r2, #0]
 3262 0684 082082E3 		orr	r2, r2, #8
 3263 0688 002083E5 		str	r2, [r3, #0]
 164:C:/Users/usuario_local/Downloads/SED/practica2\timer.c **** 	rTCON=rTCON|(0x01<<0);// iniciar timer
 3264              		.loc 1 164 0
 3265 068c 40309FE5 		ldr	r3, .L33+4
 3266 0690 3C209FE5 		ldr	r2, .L33+4
 3267 0694 002092E5 		ldr	r2, [r2, #0]
 3268 0698 012082E3 		orr	r2, r2, #1
 3269 069c 002083E5 		str	r2, [r3, #0]
 165:C:/Users/usuario_local/Downloads/SED/practica2\timer.c **** 
 166:C:/Users/usuario_local/Downloads/SED/practica2\timer.c **** 	rI_ISPC = BIT_TIMER4;
 3270              		.loc 1 166 0
 3271 06a0 30309FE5 		ldr	r3, .L33+8
 3272 06a4 022CA0E3 		mov	r2, #512
 3273 06a8 002083E5 		str	r2, [r3, #0]
 167:C:/Users/usuario_local/Downloads/SED/practica2\timer.c **** 	rINTMSK = rINTMSK & (~BIT_TIMER0); 
 3274              		.loc 1 167 0
 3275 06ac 28309FE5 		ldr	r3, .L33+12
 3276 06b0 24209FE5 		ldr	r2, .L33+12
 3277 06b4 002092E5 		ldr	r2, [r2, #0]
 3278 06b8 022AC2E3 		bic	r2, r2, #8192
 3279 06bc 002083E5 		str	r2, [r3, #0]
 168:C:/Users/usuario_local/Downloads/SED/practica2\timer.c **** }
 3280              		.loc 1 168 0
 3281 06c0 1CD04BE2 		sub	sp, fp, #28
 3282 06c4 0F689DE8 		ldmfd	sp, {r0, r1, r2, r3, fp, sp, lr}
 3283 06c8 04C09DE4 		ldmfd	sp!, {ip}
 3284 06cc 04F05EE2 		subs	pc, lr, #4
 3285              	.L34:
 3286              		.align	2
 3287              	.L33:
 3288 06d0 00000000 		.word	cont
 3289 06d4 0800D501 		.word	30736392
 3290 06d8 2400E001 		.word	31457316
 3291 06dc 0C00E001 		.word	31457292
 3292              		.cfi_endproc
 3293              	.LFE7:
 3295              	.Letext0:
DEFINED SYMBOLS
                            *ABS*:00000000 timer.c
                            *COM*:00000004 cont
                            *COM*:00000010 numeros
C:\Users\USUARI~1\AppData\Local\Temp\ccKJm8tk.s:2551   .text:00000000 $a
C:\Users\USUARI~1\AppData\Local\Temp\ccKJm8tk.s:2554   .text:00000000 shuffle
C:\Users\USUARI~1\AppData\Local\Temp\ccKJm8tk.s:2656   .text:00000104 generar_numeros_aleatorios
C:\Users\USUARI~1\AppData\Local\Temp\ccKJm8tk.s:2760   .text:00000200 $d
C:\Users\USUARI~1\AppData\Local\Temp\ccKJm8tk.s:2765   .text:00000208 $a
C:\Users\USUARI~1\AppData\Local\Temp\ccKJm8tk.s:2768   .text:00000208 timer0_init
C:\Users\USUARI~1\AppData\Local\Temp\ccKJm8tk.s:2862   .text:00000300 $d
C:\Users\USUARI~1\AppData\Local\Temp\ccKJm8tk.s:2880   .text:00000330 timer0_ISR
C:\Users\USUARI~1\AppData\Local\Temp\ccKJm8tk.s:2877   .text:00000330 $a
C:\Users\USUARI~1\AppData\Local\Temp\ccKJm8tk.s:3115   .text:00000528 timer4_init
C:\Users\USUARI~1\AppData\Local\Temp\ccKJm8tk.s:2945   .text:000003bc $d
C:\Users\USUARI~1\AppData\Local\Temp\ccKJm8tk.s:2952   .text:000003cc $a
C:\Users\USUARI~1\AppData\Local\Temp\ccKJm8tk.s:2955   .text:000003cc timer2_init
C:\Users\USUARI~1\AppData\Local\Temp\ccKJm8tk.s:3036   .text:0000049c $d
C:\Users\USUARI~1\AppData\Local\Temp\ccKJm8tk.s:3051   .text:000004c0 timer2_ISR
C:\Users\USUARI~1\AppData\Local\Temp\ccKJm8tk.s:3048   .text:000004c0 $a
C:\Users\USUARI~1\AppData\Local\Temp\ccKJm8tk.s:3107   .text:00000520 $d
C:\Users\USUARI~1\AppData\Local\Temp\ccKJm8tk.s:3112   .text:00000528 $a
C:\Users\USUARI~1\AppData\Local\Temp\ccKJm8tk.s:3195   .text:000005f4 $d
C:\Users\USUARI~1\AppData\Local\Temp\ccKJm8tk.s:3210   .text:00000618 timer4_ISR
C:\Users\USUARI~1\AppData\Local\Temp\ccKJm8tk.s:3207   .text:00000618 $a
C:\Users\USUARI~1\AppData\Local\Temp\ccKJm8tk.s:3288   .text:000006d0 $d
                     .debug_frame:00000010 $d

UNDEFINED SYMBOLS
__aeabi_uidiv
rand
fila
D8Led_symbol
led1_on
DelayMs
led1_off
led2_on
led2_off
