Archive member included because of file (symbol)

C:\hlocal\EclipseARMwspace\prac3\commonEclipse\libsedLib.a(at24C04.o)
                              ./main.o (golden_at24c04_byteread)
C:\hlocal\EclipseARMwspace\prac3\commonEclipse\libsedLib.a(iic.o)
                              C:\hlocal\EclipseARMwspace\prac3\commonEclipse\libsedLib.a(at24C04.o) (golden_iic_putByte_start)

Allocating common symbols
Common symbol       size              file

val                 0x4               ./main.o

Memory Configuration

Name             Origin             Length             Attributes
*default*        0x00000000         0xffffffff

Linker script and memory map

LOAD c:/software/electronica/arm/eclipsearm/sourcery-g++-lite-arm-2011.03/bin/../lib/gcc/arm-none-eabi/4.5.2/crti.o
LOAD c:/software/electronica/arm/eclipsearm/sourcery-g++-lite-arm-2011.03/bin/../lib/gcc/arm-none-eabi/4.5.2/crtbegin.o
LOAD ./commonEclipse/system.o
LOAD ./8led.o
LOAD ./at24C04.o
LOAD ./iic.o
LOAD ./init.o
LOAD ./main.o
LOAD C:\hlocal\EclipseARMwspace\prac3\commonEclipse\libsedLib.a
LOAD C:\software\electronica\ARM\EclipseARM\eclipse\/../sourcery-g++-lite-arm-2011.03/lib/gcc/arm-none-eabi/4.5.2\libgcc.a
LOAD C:\software\electronica\ARM\EclipseARM\eclipse\/../sourcery-g++-lite-arm-2011.03/arm-none-eabi/lib\libnosys.a
LOAD C:\software\electronica\ARM\EclipseARM\eclipse\/../sourcery-g++-lite-arm-2011.03/arm-none-eabi/lib\libstdc++.a
LOAD C:\software\electronica\ARM\EclipseARM\eclipse\/../sourcery-g++-lite-arm-2011.03/arm-none-eabi/lib\libm.a
LOAD C:\software\electronica\ARM\EclipseARM\eclipse\/../sourcery-g++-lite-arm-2011.03/arm-none-eabi/lib\libc.a
START GROUP
LOAD C:\software\electronica\ARM\EclipseARM\eclipse\/../sourcery-g++-lite-arm-2011.03/lib/gcc/arm-none-eabi/4.5.2\libgcc.a
LOAD C:\software\electronica\ARM\EclipseARM\eclipse\/../sourcery-g++-lite-arm-2011.03/arm-none-eabi/lib\libc.a
END GROUP
LOAD c:/software/electronica/arm/eclipsearm/sourcery-g++-lite-arm-2011.03/bin/../lib/gcc/arm-none-eabi/4.5.2/crtend.o
LOAD c:/software/electronica/arm/eclipsearm/sourcery-g++-lite-arm-2011.03/bin/../lib/gcc/arm-none-eabi/4.5.2/crtn.o
                0x0c100000                . = 0xc100000
                0x0c100000                _image_start = .
                0x0c100000                _code_start = .

.text           0x0c100000      0xf1c
 *(.text)
 .text          0x0c100000        0x0 c:/software/electronica/arm/eclipsearm/sourcery-g++-lite-arm-2011.03/bin/../lib/gcc/arm-none-eabi/4.5.2/crti.o
 .text          0x0c100000       0x50 c:/software/electronica/arm/eclipsearm/sourcery-g++-lite-arm-2011.03/bin/../lib/gcc/arm-none-eabi/4.5.2/crtbegin.o
 .text          0x0c100050      0x328 ./commonEclipse/system.o
                0x0c100050                DelayMs
                0x0c1000b4                sys_init
                0x0c1001f8                port_init
 .text          0x0c100378       0x60 ./8led.o
                0x0c100378                D8Led_init
                0x0c10039c                D8Led_symbol
 .text          0x0c1003d8      0x130 ./at24C04.o
                0x0c1003d8                at24c04_bytewrite
                0x0c100458                at24c04_byteread
 .text          0x0c100508      0x3c8 ./iic.o
                0x0c100508                iic_init
                0x0c1005c8                iic_putByte_start
                0x0c100640                iic_putByte
                0x0c1006ac                iic_putByte_stop
                0x0c100740                iic_getByte_start
                0x0c1007b8                iic_getByte
                0x0c100804                iic_getByte_stop
 .text          0x0c1008d0       0x1c ./init.o
                0x0c1008d0                start
 .text          0x0c1008ec      0x154 ./main.o
                0x0c1008ec                Main
 .text          0x0c100a40      0x128 C:\hlocal\EclipseARMwspace\prac3\commonEclipse\libsedLib.a(at24C04.o)
                0x0c100a40                golden_at24c04_bytewrite
                0x0c100abc                golden_at24c04_byteread
 .text          0x0c100b68      0x3b4 C:\hlocal\EclipseARMwspace\prac3\commonEclipse\libsedLib.a(iic.o)
                0x0c100b68                golden_iic_init
                0x0c100c30                golden_iic_putByte_start
                0x0c100ca0                golden_iic_putByte
                0x0c100d00                golden_iic_putByte_stop
                0x0c100d8c                golden_iic_getByte_start
                0x0c100dfc                golden_iic_getByte
                0x0c100e54                golden_iic_getByte_stop
 .text          0x0c100f1c        0x0 c:/software/electronica/arm/eclipsearm/sourcery-g++-lite-arm-2011.03/bin/../lib/gcc/arm-none-eabi/4.5.2/crtend.o
 .text          0x0c100f1c        0x0 c:/software/electronica/arm/eclipsearm/sourcery-g++-lite-arm-2011.03/bin/../lib/gcc/arm-none-eabi/4.5.2/crtn.o
                0x0c100f1c                _code_end = .
                0x00000f1c                _code_size = SIZEOF (.text)
                0x0c100f1c                _data_start = .

.glue_7         0x0c100f1c        0x0
 .glue_7        0x00000000        0x0 linker stubs

.glue_7t        0x0c100f1c        0x0
 .glue_7t       0x00000000        0x0 linker stubs

.vfp11_veneer   0x0c100f1c        0x0
 .vfp11_veneer  0x00000000        0x0 linker stubs

.v4_bx          0x0c100f1c        0x0
 .v4_bx         0x00000000        0x0 linker stubs

.init           0x0c100f1c       0x18
 .init          0x0c100f1c        0xc c:/software/electronica/arm/eclipsearm/sourcery-g++-lite-arm-2011.03/bin/../lib/gcc/arm-none-eabi/4.5.2/crti.o
                0x0c100f1c                _init
 .init          0x0c100f28        0xc c:/software/electronica/arm/eclipsearm/sourcery-g++-lite-arm-2011.03/bin/../lib/gcc/arm-none-eabi/4.5.2/crtn.o

.fini           0x0c100f34       0x18
 .fini          0x0c100f34        0xc c:/software/electronica/arm/eclipsearm/sourcery-g++-lite-arm-2011.03/bin/../lib/gcc/arm-none-eabi/4.5.2/crti.o
                0x0c100f34                _fini
 .fini          0x0c100f40        0xc c:/software/electronica/arm/eclipsearm/sourcery-g++-lite-arm-2011.03/bin/../lib/gcc/arm-none-eabi/4.5.2/crtn.o

.rodata         0x0c100f4c        0x0
 *(.rodata)

.data           0x0c100f4c       0x50
 *(.data)
 .data          0x0c100f4c        0x0 c:/software/electronica/arm/eclipsearm/sourcery-g++-lite-arm-2011.03/bin/../lib/gcc/arm-none-eabi/4.5.2/crti.o
 .data          0x0c100f4c        0x4 c:/software/electronica/arm/eclipsearm/sourcery-g++-lite-arm-2011.03/bin/../lib/gcc/arm-none-eabi/4.5.2/crtbegin.o
                0x0c100f4c                __dso_handle
 .data          0x0c100f50        0xc ./commonEclipse/system.o
                0x0c100f58                mclk
 .data          0x0c100f5c       0x40 ./8led.o
                0x0c100f5c                Symbol
 .data          0x0c100f9c        0x0 ./at24C04.o
 .data          0x0c100f9c        0x0 ./iic.o
 .data          0x0c100f9c        0x0 ./init.o
 .data          0x0c100f9c        0x0 ./main.o
 .data          0x0c100f9c        0x0 C:\hlocal\EclipseARMwspace\prac3\commonEclipse\libsedLib.a(at24C04.o)
 .data          0x0c100f9c        0x0 C:\hlocal\EclipseARMwspace\prac3\commonEclipse\libsedLib.a(iic.o)
 .data          0x0c100f9c        0x0 c:/software/electronica/arm/eclipsearm/sourcery-g++-lite-arm-2011.03/bin/../lib/gcc/arm-none-eabi/4.5.2/crtend.o
 .data          0x0c100f9c        0x0 c:/software/electronica/arm/eclipsearm/sourcery-g++-lite-arm-2011.03/bin/../lib/gcc/arm-none-eabi/4.5.2/crtn.o

.init_array     0x0c100f9c        0x4
 .init_array    0x0c100f9c        0x4 c:/software/electronica/arm/eclipsearm/sourcery-g++-lite-arm-2011.03/bin/../lib/gcc/arm-none-eabi/4.5.2/crtbegin.o

.fini_array     0x0c100fa0        0x4
 .fini_array    0x0c100fa0        0x4 c:/software/electronica/arm/eclipsearm/sourcery-g++-lite-arm-2011.03/bin/../lib/gcc/arm-none-eabi/4.5.2/crtbegin.o

.jcr            0x0c100fa4        0x4
 .jcr           0x0c100fa4        0x0 c:/software/electronica/arm/eclipsearm/sourcery-g++-lite-arm-2011.03/bin/../lib/gcc/arm-none-eabi/4.5.2/crtbegin.o
 .jcr           0x0c100fa4        0x4 c:/software/electronica/arm/eclipsearm/sourcery-g++-lite-arm-2011.03/bin/../lib/gcc/arm-none-eabi/4.5.2/crtend.o

.bss            0x0c100fa8        0x8
 *(.bss)
 .bss           0x0c100fa8        0x0 c:/software/electronica/arm/eclipsearm/sourcery-g++-lite-arm-2011.03/bin/../lib/gcc/arm-none-eabi/4.5.2/crti.o
 .bss           0x0c100fa8        0x1 c:/software/electronica/arm/eclipsearm/sourcery-g++-lite-arm-2011.03/bin/../lib/gcc/arm-none-eabi/4.5.2/crtbegin.o
 .bss           0x0c100fa9        0x0 ./commonEclipse/system.o
 .bss           0x0c100fa9        0x0 ./8led.o
 .bss           0x0c100fa9        0x0 ./at24C04.o
 .bss           0x0c100fa9        0x0 ./iic.o
 .bss           0x0c100fa9        0x0 ./init.o
 .bss           0x0c100fa9        0x0 ./main.o
 .bss           0x0c100fa9        0x0 C:\hlocal\EclipseARMwspace\prac3\commonEclipse\libsedLib.a(at24C04.o)
 .bss           0x0c100fa9        0x0 C:\hlocal\EclipseARMwspace\prac3\commonEclipse\libsedLib.a(iic.o)
 .bss           0x0c100fa9        0x0 c:/software/electronica/arm/eclipsearm/sourcery-g++-lite-arm-2011.03/bin/../lib/gcc/arm-none-eabi/4.5.2/crtend.o
 .bss           0x0c100fa9        0x0 c:/software/electronica/arm/eclipsearm/sourcery-g++-lite-arm-2011.03/bin/../lib/gcc/arm-none-eabi/4.5.2/crtn.o
 *fill*         0x0c100fa9        0x3 00
 COMMON         0x0c100fac        0x4 ./main.o
                0x0c100fac                val
                0x0c100fb0                _data_end = .
                0x00000058                _data_size = ((SIZEOF (.rodata) + SIZEOF (.data)) + SIZEOF (.bss))
                0x00000f74                _total_size = (_code_size + _data_size)
                0x0c100fb0                _image_end = .
                0x0c100fb0                end = .
OUTPUT(prac3.elf elf32-littlearm)

.ARM.attributes
                0x00000000       0x30
 .ARM.attributes
                0x00000000       0x16 c:/software/electronica/arm/eclipsearm/sourcery-g++-lite-arm-2011.03/bin/../lib/gcc/arm-none-eabi/4.5.2/crti.o
 .ARM.attributes
                0x00000016       0x34 c:/software/electronica/arm/eclipsearm/sourcery-g++-lite-arm-2011.03/bin/../lib/gcc/arm-none-eabi/4.5.2/crtbegin.o
 .ARM.attributes
                0x0000004a       0x32 ./commonEclipse/system.o
 .ARM.attributes
                0x0000007c       0x32 ./8led.o
 .ARM.attributes
                0x000000ae       0x32 ./at24C04.o
 .ARM.attributes
                0x000000e0       0x32 ./iic.o
 .ARM.attributes
                0x00000112       0x22 ./init.o
 .ARM.attributes
                0x00000134       0x32 ./main.o
 .ARM.attributes
                0x00000166       0x32 C:\hlocal\EclipseARMwspace\prac3\commonEclipse\libsedLib.a(at24C04.o)
 .ARM.attributes
                0x00000198       0x32 C:\hlocal\EclipseARMwspace\prac3\commonEclipse\libsedLib.a(iic.o)
 .ARM.attributes
                0x000001ca       0x34 c:/software/electronica/arm/eclipsearm/sourcery-g++-lite-arm-2011.03/bin/../lib/gcc/arm-none-eabi/4.5.2/crtend.o
 .ARM.attributes
                0x000001fe       0x18 c:/software/electronica/arm/eclipsearm/sourcery-g++-lite-arm-2011.03/bin/../lib/gcc/arm-none-eabi/4.5.2/crtn.o

.comment        0x00000000       0x2a
 .comment       0x00000000       0x2a ./commonEclipse/system.o
                                 0x2b (size before relaxing)
 .comment       0x00000000       0x2b ./8led.o
 .comment       0x00000000       0x2b ./at24C04.o
 .comment       0x00000000       0x2b ./iic.o
 .comment       0x00000000       0x2b ./main.o
 .comment       0x00000000       0x2b C:\hlocal\EclipseARMwspace\prac3\commonEclipse\libsedLib.a(at24C04.o)
 .comment       0x00000000       0x2b C:\hlocal\EclipseARMwspace\prac3\commonEclipse\libsedLib.a(iic.o)

.debug_abbrev   0x00000000      0x4d9
 .debug_abbrev  0x00000000       0xca ./commonEclipse/system.o
 .debug_abbrev  0x000000ca       0x9b ./8led.o
 .debug_abbrev  0x00000165       0x77 ./at24C04.o
 .debug_abbrev  0x000001dc       0xd3 ./iic.o
 .debug_abbrev  0x000002af       0x14 ./init.o
 .debug_abbrev  0x000002c3       0xcc ./main.o
 .debug_abbrev  0x0000038f       0x77 C:\hlocal\EclipseARMwspace\prac3\commonEclipse\libsedLib.a(at24C04.o)
 .debug_abbrev  0x00000406       0xd3 C:\hlocal\EclipseARMwspace\prac3\commonEclipse\libsedLib.a(iic.o)

.debug_info     0x00000000      0x889
 .debug_info    0x00000000      0x120 ./commonEclipse/system.o
 .debug_info    0x00000120       0xa4 ./8led.o
 .debug_info    0x000001c4      0x106 ./at24C04.o
 .debug_info    0x000002ca      0x1a5 ./iic.o
 .debug_info    0x0000046f       0x5c ./init.o
 .debug_info    0x000004cb      0x113 ./main.o
 .debug_info    0x000005de      0x106 C:\hlocal\EclipseARMwspace\prac3\commonEclipse\libsedLib.a(at24C04.o)
 .debug_info    0x000006e4      0x1a5 C:\hlocal\EclipseARMwspace\prac3\commonEclipse\libsedLib.a(iic.o)

.debug_line     0x00000000      0x597
 .debug_line    0x00000000       0xc5 ./commonEclipse/system.o
 .debug_line    0x000000c5       0x82 ./8led.o
 .debug_line    0x00000147       0xa0 ./at24C04.o
 .debug_line    0x000001e7       0xeb ./iic.o
 .debug_line    0x000002d2       0x3d ./init.o
 .debug_line    0x0000030f       0xe8 ./main.o
 .debug_line    0x000003f7       0xaa C:\hlocal\EclipseARMwspace\prac3\commonEclipse\libsedLib.a(at24C04.o)
 .debug_line    0x000004a1       0xf6 C:\hlocal\EclipseARMwspace\prac3\commonEclipse\libsedLib.a(iic.o)

.debug_macinfo  0x00000000    0x1ccfa
 .debug_macinfo
                0x00000000     0x56ec ./commonEclipse/system.o
 .debug_macinfo
                0x000056ec     0x543d ./8led.o
 .debug_macinfo
                0x0000ab29     0x220c ./at24C04.o
 .debug_macinfo
                0x0000cd35     0x500a ./iic.o
 .debug_macinfo
                0x00011d3f     0x23ef ./main.o
 .debug_macinfo
                0x0001412e     0x41ce C:\hlocal\EclipseARMwspace\prac3\commonEclipse\libsedLib.a(at24C04.o)
 .debug_macinfo
                0x000182fc     0x49fe C:\hlocal\EclipseARMwspace\prac3\commonEclipse\libsedLib.a(iic.o)

.debug_loc      0x00000000      0x420
 .debug_loc     0x00000000       0x84 ./commonEclipse/system.o
 .debug_loc     0x00000084       0x58 ./8led.o
 .debug_loc     0x000000dc       0x58 ./at24C04.o
 .debug_loc     0x00000134      0x134 ./iic.o
 .debug_loc     0x00000268       0x2c ./main.o
 .debug_loc     0x00000294       0x58 C:\hlocal\EclipseARMwspace\prac3\commonEclipse\libsedLib.a(at24C04.o)
 .debug_loc     0x000002ec      0x134 C:\hlocal\EclipseARMwspace\prac3\commonEclipse\libsedLib.a(iic.o)

.debug_pubnames
                0x00000000      0x285
 .debug_pubnames
                0x00000000       0x42 ./commonEclipse/system.o
 .debug_pubnames
                0x00000042       0x3d ./8led.o
 .debug_pubnames
                0x0000007f       0x3d ./at24C04.o
 .debug_pubnames
                0x000000bc       0x95 ./iic.o
 .debug_pubnames
                0x00000151       0x23 ./main.o
 .debug_pubnames
                0x00000174       0x4b C:\hlocal\EclipseARMwspace\prac3\commonEclipse\libsedLib.a(at24C04.o)
 .debug_pubnames
                0x000001bf       0xc6 C:\hlocal\EclipseARMwspace\prac3\commonEclipse\libsedLib.a(iic.o)

.debug_pubtypes
                0x00000000       0xf2
 .debug_pubtypes
                0x00000000       0x1d ./commonEclipse/system.o
 .debug_pubtypes
                0x0000001d       0x27 ./at24C04.o
 .debug_pubtypes
                0x00000044       0x30 ./iic.o
 .debug_pubtypes
                0x00000074       0x27 ./main.o
 .debug_pubtypes
                0x0000009b       0x27 C:\hlocal\EclipseARMwspace\prac3\commonEclipse\libsedLib.a(at24C04.o)
 .debug_pubtypes
                0x000000c2       0x30 C:\hlocal\EclipseARMwspace\prac3\commonEclipse\libsedLib.a(iic.o)

.debug_aranges  0x00000000      0x100
 .debug_aranges
                0x00000000       0x20 ./commonEclipse/system.o
 .debug_aranges
                0x00000020       0x20 ./8led.o
 .debug_aranges
                0x00000040       0x20 ./at24C04.o
 .debug_aranges
                0x00000060       0x20 ./iic.o
 .debug_aranges
                0x00000080       0x20 ./init.o
 .debug_aranges
                0x000000a0       0x20 ./main.o
 .debug_aranges
                0x000000c0       0x20 C:\hlocal\EclipseARMwspace\prac3\commonEclipse\libsedLib.a(at24C04.o)
 .debug_aranges
                0x000000e0       0x20 C:\hlocal\EclipseARMwspace\prac3\commonEclipse\libsedLib.a(iic.o)

.debug_str      0x00000000      0x248
 .debug_str     0x00000000       0xe0 ./commonEclipse/system.o
                                 0xf9 (size before relaxing)
 .debug_str     0x000000e0       0x2f ./8led.o
                                 0x6f (size before relaxing)
 .debug_str     0x0000010f       0x29 ./at24C04.o
                                 0xe8 (size before relaxing)
 .debug_str     0x00000138        0xe ./iic.o
                                0x128 (size before relaxing)
 .debug_str     0x00000146       0x2e ./main.o
                                 0xd7 (size before relaxing)
 .debug_str     0x00000174       0x3c C:\hlocal\EclipseARMwspace\prac3\commonEclipse\libsedLib.a(at24C04.o)
                                 0xf2 (size before relaxing)
 .debug_str     0x000001b0       0x98 C:\hlocal\EclipseARMwspace\prac3\commonEclipse\libsedLib.a(iic.o)
                                0x155 (size before relaxing)

.debug_frame    0x00000000      0x35c
 .debug_frame   0x00000000       0x70 ./commonEclipse/system.o
 .debug_frame   0x00000070       0x50 ./8led.o
 .debug_frame   0x000000c0       0x50 ./at24C04.o
 .debug_frame   0x00000110       0xf0 ./iic.o
 .debug_frame   0x00000200       0x30 ./main.o
 .debug_frame   0x00000230       0x50 C:\hlocal\EclipseARMwspace\prac3\commonEclipse\libsedLib.a(at24C04.o)
 .debug_frame   0x00000280       0xdc C:\hlocal\EclipseARMwspace\prac3\commonEclipse\libsedLib.a(iic.o)
